
> frontend@0.0.0 test
> vitest


[7m[1m[34m DEV [39m[22m[27m [34mv0.34.6[39m [90mC:/Users/nicho/Dev/fantasy-football-pi/fantasy-football-pi/frontend[39m

 [32mΓ£ô[39m tests/Sidebar.test.jsx [2m ([22m[2m9 tests[22m[2m)[22m[33m 913[2mms[22m[39m
 [32mΓ£ô[39m tests/ManageOwners.test.jsx [2m ([22m[2m3 tests[22m[2m)[22m[33m 1452[2mms[22m[39m
 [32mΓ£ô[39m tests/ManageCommissioners.test.jsx [2m ([22m[2m3 tests[22m[2m)[22m[33m 1639[2mms[22m[39m
stderr | tests/PageSmokes.test.jsx > MyTeam taxi support > displays Taxi Squad heading when a taxi player exists
Error: [vitest] No "Link" export is defined on the "react-router-dom" mock. Did you forget to return it from "vi.mock"?
If you need to partially mock a module, you can use "vi.importActual" inside:

vi.mock("react-router-dom", async () => {
  const actual = await vi.importActual("react-router-dom")
  return {
    ...actual,
    // your mocked methods
  },
})

    at VitestMocker.createError (file:///C:/Users/nicho/Dev/fantasy-football-pi/fantasy-football-pi/frontend/node_modules/vitest/dist/vendor-execute.07d1a420.js:80:12)
    at Object.get (file:///C:/Users/nicho/Dev/fantasy-football-pi/fantasy-football-pi/frontend/node_modules/vitest/dist/vendor-execute.07d1a420.js:153:22)
    at MyTeam (C:\Users\nicho\Dev\fantasy-football-pi\fantasy-football-pi\frontend\src\pages\team-owner\MyTeam.jsx:893:12)
    at Object.react_stack_bottom_frame (C:\Users\nicho\Dev\fantasy-football-pi\fantasy-football-pi\frontend\node_modules\react-dom\cjs\react-dom-client.development.js:25904:20)
    at renderWithHooks (C:\Users\nicho\Dev\fantasy-football-pi\fantasy-football-pi\frontend\node_modules\react-dom\cjs\react-dom-client.development.js:7662:22)
    at updateFunctionComponent (C:\Users\nicho\Dev\fantasy-football-pi\fantasy-football-pi\frontend\node_modules\react-dom\cjs\react-dom-client.development.js:10166:19)
    at beginWork (C:\Users\nicho\Dev\fantasy-football-pi\fantasy-football-pi\frontend\node_modules\react-dom\cjs\react-dom-client.development.js:11778:18)
    at runWithFiberInDEV (C:\Users\nicho\Dev\fantasy-football-pi\fantasy-football-pi\frontend\node_modules\react-dom\cjs\react-dom-client.development.js:874:13)
    at performUnitOfWork (C:\Users\nicho\Dev\fantasy-football-pi\fantasy-football-pi\frontend\node_modules\react-dom\cjs\react-dom-client.development.js:17641:22)
    at workLoopSync (C:\Users\nicho\Dev\fantasy-football-pi\fantasy-football-pi\frontend\node_modules\react-dom\cjs\react-dom-client.development.js:17469:41) {
  stackStr: 'Error: [vitest] No "Link" export is defined on the "react-router-dom" mock. Did you forget to return it from "vi.mock"?\n' +
    'If you need to partially mock a module, you can use "vi.importActual" inside:\n' +
    '\n' +
    '\x1B[32mvi.mock("react-router-dom", async () => {\n' +
    '  const actual = await vi.importActual("react-router-dom")\n' +
    '  return {\n' +
    '    ...actual,\n' +
    '    // your mocked methods\n' +
    '  },\n' +
    '})\x1B[39m\n' +
    '\n' +
    '    at VitestMocker.createError (file:///C:/Users/nicho/Dev/fantasy-football-pi/fantasy-football-pi/frontend/node_modules/vitest/dist/vendor-execute.07d1a420.js:80:12)\n' +
    '    at Object.get (file:///C:/Users/nicho/Dev/fantasy-football-pi/fantasy-football-pi/frontend/node_modules/vitest/dist/vendor-execute.07d1a420.js:153:22)\n' +
    '    at MyTeam (C:\\Users\\nicho\\Dev\\fantasy-football-pi\\fantasy-football-pi\\frontend\\src\\pages\\team-owner\\MyTeam.jsx:893:12)\n' +
    '    at Object.react_stack_bottom_frame (C:\\Users\\nicho\\Dev\\fantasy-football-pi\\fantasy-football-pi\\frontend\\node_modules\\react-dom\\cjs\\react-dom-client.development.js:25904:20)\n' +
    '    at renderWithHooks (C:\\Users\\nicho\\Dev\\fantasy-football-pi\\fantasy-football-pi\\frontend\\node_modules\\react-dom\\cjs\\react-dom-client.development.js:7662:22)\n' +
    '    at updateFunctionComponent (C:\\Users\\nicho\\Dev\\fantasy-football-pi\\fantasy-football-pi\\frontend\\node_modules\\react-dom\\cjs\\react-dom-client.development.js:10166:19)\n' +
    '    at beginWork (C:\\Users\\nicho\\Dev\\fantasy-football-pi\\fantasy-football-pi\\frontend\\node_modules\\react-dom\\cjs\\react-dom-client.development.js:11778:18)\n' +
    '    at runWithFiberInDEV (C:\\Users\\nicho\\Dev\\fantasy-football-pi\\fantasy-football-pi\\frontend\\node_modules\\react-dom\\cjs\\react-dom-client.development.js:874:13)\n' +
    '    at performUnitOfWork (C:\\Users\\nicho\\Dev\\fantasy-football-pi\\fantasy-football-pi\\frontend\\node_modules\\react-dom\\cjs\\react-dom-client.development.js:17641:22)\n' +
    '    at workLoopSync (C:\\Users\\nicho\\Dev\\fantasy-football-pi\\fantasy-football-pi\\frontend\\node_modules\\react-dom\\cjs\\react-dom-client.development.js:17469:41)',
  nameStr: 'Error',
  expected: 'undefined',
  actual: 'undefined'
}
An error occurred in the <MyTeam> component.

Consider adding an error boundary to your tree to customize error handling behavior.
Visit https://react.dev/link/error-boundaries to learn more about error boundaries.


 [33mΓ¥»[39m tests/PageSmokes.test.jsx [2m ([22m[2m16 tests[22m [2m|[22m [31m1 failed[39m[2m)[22m[33m 1916[2mms[22m[39m
[31m   [33mΓ¥»[31m tests/PageSmokes.test.jsx[2m > [22mMyTeam taxi support[2m > [22mdisplays Taxi Squad heading when a taxi player exists[39m
[31m     ΓåÆ Unable to find an element with the text: /Taxi Squad/i. This could be because the text is broken up by multiple elements. In this case, you can provide a function for your text matcher to make your matcher more flexible.

Ignored nodes: comments, script, style
[36m<body>[31m
  [36m<div />[31m
[36m</body>[31m

Ignored nodes: comments, script, style
[36m<html>[31m
  [36m<head />[31m
  [36m<body>[31m
    [36m<div />[31m
  [36m</body>[31m
[36m</html>[31m[39m
 [32mΓ£ô[39m tests/MyTeam.test.jsx [2m ([22m[2m10 tests[22m[2m)[22m[33m 1030[2mms[22m[39m
stderr | tests/Home.test.jsx > Home (League Dashboard) > sorting headers reorder standings
An update to Home inside a test was not wrapped in act(...).

When testing, code that causes React state updates should be wrapped into act(...):

act(() => {
  /* fire events that update state */
});
/* assert on the output */

This ensures that you're testing the behavior the user would see in the browser. Learn more at https://react.dev/link/wrap-tests-with-act
An update to Home inside a test was not wrapped in act(...).

When testing, code that causes React state updates should be wrapped into act(...):

act(() => {
  /* fire events that update state */
});
/* assert on the output */

This ensures that you're testing the behavior the user would see in the browser. Learn more at https://react.dev/link/wrap-tests-with-act

stderr | tests/Home.test.jsx > Home (League Dashboard) > sorting headers reorder standings
An update to Home inside a test was not wrapped in act(...).

When testing, code that causes React state updates should be wrapped into act(...):

act(() => {
  /* fire events that update state */
});
/* assert on the output */

This ensures that you're testing the behavior the user would see in the browser. Learn more at https://react.dev/link/wrap-tests-with-act

 [32mΓ£ô[39m tests/Home.test.jsx [2m ([22m[2m10 tests[22m[2m)[22m[33m 676[2mms[22m[39m
 [32mΓ£ô[39m tests/App.test.jsx [2m ([22m[2m3 tests[22m[2m)[22m[33m 1290[2mms[22m[39m
 [32mΓ£ô[39m tests/Matchups.test.jsx [2m ([22m[2m9 tests[22m[2m)[22m[33m 1090[2mms[22m[39m
 [32mΓ£ô[39m tests/Layout.test.jsx [2m ([22m[2m6 tests[22m[2m)[22m[33m 396[2mms[22m[39m
 [32mΓ£ô[39m tests/LeagueSelector.test.jsx [2m ([22m[2m2 tests[22m[2m)[22m[33m 599[2mms[22m[39m
 [32mΓ£ô[39m tests/CommissionerDashboard.test.jsx [2m ([22m[2m4 tests[22m[2m)[22m[33m 307[2mms[22m[39m
 [32mΓ£ô[39m tests/GameCenter.test.jsx [2m ([22m[2m9 tests[22m[2m)[22m[33m 332[2mms[22m[39m
 [32mΓ£ô[39m tests/ManageScoringRules.test.jsx [2m ([22m[2m2 tests[22m[2m)[22m[90m 187[2mms[22m[39m
 [32mΓ£ô[39m tests/LeagueAdvisor.test.jsx [2m ([22m[2m1 test[22m[2m)[22m[90m 210[2mms[22m[39m

ΓÄ»ΓÄ»ΓÄ»ΓÄ»ΓÄ»ΓÄ»ΓÄ» Failed Tests 1 ΓÄ»ΓÄ»ΓÄ»ΓÄ»ΓÄ»ΓÄ»ΓÄ»

 FAIL  tests/PageSmokes.test.jsx > MyTeam taxi support > displays Taxi Squad heading when a taxi player exists
TestingLibraryElementError: Unable to find an element with the text: /Taxi Squad/i. This could be because the text is broken up by multiple elements. In this case, you can provide a function for your text matcher to make your matcher more flexible.

Ignored nodes: comments, script, style
<body>
  <div />
</body>

Ignored nodes: comments, script, style
<html>
  <head />
  <body>
    <div />
  </body>
</html>
 Γ¥» waitForWrapper node_modules/@testing-library/dom/dist/wait-for.js:163:27
 Γ¥» tests/PageSmokes.test.jsx:340:11
[31mΓÄ»ΓÄ»ΓÄ»ΓÄ»ΓÄ»ΓÄ»[1m[7m Unhandled Errors [27m[22mΓÄ»ΓÄ»ΓÄ»ΓÄ»ΓÄ»ΓÄ»[39m
[31m[1m
Vitest caught 1 unhandled error during the test run.
This might cause false positive tests. Resolve unhandled errors to make sure your tests are not affected.[22m[39m
    338| 
    339|     render(<MyTeam activeOwnerId={1} />);
    340|     await waitFor(() => {
       |           ^
    341|       expect(screen.getByText(/Taxi Squad/i)).toBeInTheDocument();
    342|     });

ΓÄ»ΓÄ»ΓÄ»ΓÄ»ΓÄ»ΓÄ»ΓÄ»ΓÄ»ΓÄ»ΓÄ»ΓÄ»ΓÄ»ΓÄ»ΓÄ»ΓÄ»ΓÄ»ΓÄ»ΓÄ»ΓÄ»ΓÄ»ΓÄ»ΓÄ»ΓÄ»ΓÄ»[1/1]ΓÄ»


ΓÄ»ΓÄ»ΓÄ»ΓÄ»ΓÄ» Uncaught Exception ΓÄ»ΓÄ»ΓÄ»ΓÄ»ΓÄ»
Error: [vitest] No "Link" export is defined on the "react-router-dom" mock. Did you forget to return it from "vi.mock"?
If you need to partially mock a module, you can use "vi.importActual" inside:

vi.mock("react-router-dom", async () => {
  const actual = await vi.importActual("react-router-dom")
  return {
    ...actual,
    // your mocked methods
  },
})

 Γ¥» VitestMocker.createError node_modules/vitest/dist/vendor-execute.07d1a420.js:80:12
 Γ¥» Object.get node_modules/vitest/dist/vendor-execute.07d1a420.js:153:22
 Γ¥» MyTeam src/pages/team-owner/MyTeam.jsx:893:12
    891|           )}
    892| 
    893|           <Link
       |            ^
    894|             to="/waivers"
    895|             className={`${controlButtonClass} inline-flex items-centerΓÇª
 Γ¥» Object.react_stack_bottom_frame node_modules/react-dom/cjs/react-dom-client.development.js:25904:20
 Γ¥» renderWithHooks node_modules/react-dom/cjs/react-dom-client.development.js:7662:22
 Γ¥» updateFunctionComponent node_modules/react-dom/cjs/react-dom-client.development.js:10166:19
 Γ¥» beginWork node_modules/react-dom/cjs/react-dom-client.development.js:11778:18
 Γ¥» runWithFiberInDEV node_modules/react-dom/cjs/react-dom-client.development.js:874:13
 Γ¥» performUnitOfWork node_modules/react-dom/cjs/react-dom-client.development.js:17641:22
 Γ¥» workLoopSync node_modules/react-dom/cjs/react-dom-client.development.js:17469:41

This error originated in "tests/PageSmokes.test.jsx" test file. It doesn't mean the error was thrown inside the file itself, but while it was running.
The latest test that might've caused the error is "displays Taxi Squad heading when a taxi player exists". It might mean one of the following:
- The error was thrown, while Vitest was running this test.
- This was the last recorded test before the error was thrown, if error originated after test finished its execution.
[31mΓÄ»ΓÄ»ΓÄ»ΓÄ»ΓÄ»ΓÄ»ΓÄ»ΓÄ»ΓÄ»ΓÄ»ΓÄ»ΓÄ»ΓÄ»ΓÄ»ΓÄ»ΓÄ»ΓÄ»ΓÄ»ΓÄ»ΓÄ»ΓÄ»ΓÄ»ΓÄ»ΓÄ»ΓÄ»ΓÄ»ΓÄ»ΓÄ»ΓÄ»ΓÄ»[39m

[2m Test Files [22m [1m[31m1 failed[39m[22m[2m | [22m[1m[32m13 passed[39m[22m[90m (14)[39m
[2m      Tests [22m [1m[31m1 failed[39m[22m[2m | [22m[1m[32m86 passed[39m[22m[90m (87)[39m
[2m     Errors [22m [1m[31m1 error[39m[22m
[2m   Start at [22m 20:00:43
[2m   Duration [22m 17.66s[2m (transform 1.77s, setup 3.56s, collect 13.57s, tests 12.04s, environment 22.53s, prepare 5.31s)[22m


[1m[7m[31m FAIL [39m[27m[22m[31m Tests failed. Watching for file changes...[39m
       [2mpress [22m[1mh[22m[2m to show help[22m[2m, [22m[2mpress [22m[1mq[22m[2m to quit[22m
[3Jc
[7m[1m[34m RERUN [39m[22m[27m[2m tests/PageSmokes.test.jsx[22m [34mx1[39m

 [33mΓ¥»[39m tests/PageSmokes.test.jsx [2m ([22m[2m16 tests[22m [2m|[22m [31m1 failed[39m[2m)[22m[33m 1779[2mms[22m[39m
[31m   [33mΓ¥»[31m tests/PageSmokes.test.jsx[2m > [22mMyTeam taxi support[2m > [22mdisplays Taxi Squad heading when a taxi player exists[39m
[31m     ΓåÆ Found multiple elements with the text: /Taxi Squad/i

Here are the matching elements:

Ignored nodes: comments, script, style
[36m<div[31m
  [33mclass[31m=[32m"mt-4 text-yellow-300 font-bold uppercase"[31m
[36m>[31m
  [0mTaxi Squad[0m
[36m</div>[31m

Ignored nodes: comments, script, style
[36m<div[31m
  [33mclass[31m=[32m"mt-1 text-[10px] font-black uppercase tracking-wider text-yellow-300"[31m
[36m>[31m
  [0mTaxi Squad[0m
[36m</div>[31m

(If this is intentional, then use the `*AllBy*` variant of the query (like `queryAllByText`, `getAllByText`, or `findAllByText`)).

Ignored nodes: comments, script, style
[36m<body>[31m
  [36m<div>[31m
    [36m<div[31m
      [33mclass[31m=[32m"max-w-6xl mx-auto p-6 text-white min-h-screen"[31m
    [36m>[31m
      [36m<div[31m
        [33mclass[31m=[32m"mb-12 border-b border-slate-800 pb-8"[31m
      [36m>[31m
        [36m<h1[31m
          [33mclass[31m=[32m"text-6xl font-black italic uppercase tracking-tighter leading-none"[31m
        [36m>[31m
          [0mYour Locker Room[0m
        [36m</h1>[31m
        [36m<div[31m
          [33mclass[31m=[32m"mt-6 flex flex-wrap items-center gap-3 lg:flex-nowrap lg:gap-2 lg:overflow-x-auto"[31m
        [36m>[31m
          [36m<a[31m
            [33mclass[31m=[32m"px-4 py-2 rounded font-bold text-sm whitespace-nowrap inline-flex items-center justify-center gap-2 bg-green-600 hover:bg-green-500 text-black"[31m
            [33mhref[31m=[32m"/waivers"[31m
          [36m>[31m
            [36m<svg[31m
              [33mclass[31m=[32m"text-base"[31m
              [33mfill[31m=[32m"none"[31m
              [33mheight[31m=[32m"1em"[31m
              [33mstroke[31m=[32m"currentColor"[31m
              [33mstroke-linecap[31m=[32m"round"[31m
              [33mstroke-linejoin[31m=[32m"round"[31m
              [33mstroke-width[31m=[32m"2"[31m
              [33mviewBox[31m=[32m"0 0 24 24"[31m
              [33mwidth[31m=[32m"1em"[31m
              [33mxmlns[31m=[32m"http://www.w3.org/2000/svg"[31m
            [36m>[31m
              [36m<line[31m
                [33mx1[31m=[32m"12"[31m
                [33mx2[31m=[32m"12"[31m
                [33my1[31m=[32m"5"[31m
                [33my2[31m=[32m"19"[31m
              [36m/>[31m
              [36m<line[31m
                [33mx1[31m=[32m"5"[31m
                [33mx2[31m=[32m"19"[31m
                [33my1[31m=[32m"12"[31m
                [33my2[31m=[32m"12"[31m
              [36m/>[31m
            [36m</svg>[31m
            [0m Waiver Wire[0m
          [36m</a>[31m
          [36m<div[31m
            [33mclass[31m=[32m"px-4 py-2 rounded font-bold text-sm whitespace-nowrap inline-flex items-center gap-2 border border-slate-700 bg-slate-900 text-slate-200"[31m
          [36m>[31m
            [36m<svg[31m
              [33mclass[31m=[32m"text-base text-blue-400"[31m
              [33mfill[31m=[32m"none"[31m
              [33mheight[31m=[32m"1em"[31m
              [33mstroke[31m=[32m"currentColor"[31m
              [33mstroke-linecap[31m=[32m"round"[31m
              [33mstroke-linejoin[31m=[32m"round"[31m
              [33mstroke-width[31m=[32m"2"[31m
              [33mviewBox[31m=[32m"0 0 24 24"[31m
              [33mwidth[31m=[32m"1em"[31m
              [33mxmlns[31m=[32m"http://www.w3.org/2000/svg"[31m
            [36m>[31m
              [36m<polyline[31m
                [33mpoints[31m=[32m"17 1 21 5 17 9"[31m
              [36m/>[31m
              [36m<path[31m
                [33md[31m=[32m"M3 11V9a4 4 0 0 1 4-4h14"[31m
              [36m/>[31m
              [36m<polyline[31m
                [33mpoints[31m=[32m"7 23 3 19 7 15"[31m
              [36m/>[31m
              [36m<path[31m
                [33md[31m=[32m"M21 13v2a4 4 0 0 1-4 4H3"[31m
              [36m/>[31m
            [36m</svg>[31m
            [36m<span[31m
              [33mclass[31m=[32m"uppercase"[31m
            [36m>[31m
              [0mPending Trades[0m
            [36m</span>[31m
            [36m<span[31m
              [33mclass[31m=[32m"font-black"[31m
            [36m/>[31m
          [36m</div>[31m
        [36m</div>[31m
        [36m<div[31m
          [33mclass[31m=[32m"mt-5 flex flex-wrap items-center gap-3 text-slate-400"[31m
        [36m>[31m
          [36m<p[31m
            [33mclass[31m=[32m"flex items-center gap-2"[31m
          [36m>[31m
            [0mCurrent Standing:[0m
            [0m [0m
            [36m<span[31m
              [33mclass[31m=[32m"bg-purple-600 text-white px-3 py-1 rounded-lg font-black italic"[31m
            [36m>[31m
              [0m#[0m
              [0m Place[0m
            [36m</span>[31m
          [36m</p>[31m
        [36m</div>[31m
      [36m</div>[31m
      [36m<div[31m
        [33mclass[31m=[32m"fixed inset-0 z-50 flex items-center justify-center bg-black/70 p-4"[31m
      [36m>[31m
        [36m<div[31m
          [33mclass[31m=[32m"w-full max-w-xl rounded-2xl border border-red-800/60 bg-slate-900 p-6 shadow-2xl"[31m
        [36m>[31m
          [36m<div[31m
            [33mclass[31m=[32m"mb-4 flex items-center justify-between"[31m
          [36m>[31m
            [36m<h3[31m
              [33mclass[31m=[32m"flex items-center gap-2 text-lg font-black uppercase tracking-wider text-red-300"[31m
            [36m>[31m
              [36m<svg[31m
                [33mfill[31m=[32m"none"[31m
                [33mheight[31m=[32m"1em"[31m
                [33mstroke[31m=[32m"currentColor"[31m
                [33mstroke-linecap[31m=[32m"round"[31m
                [33mstroke-linejoin[31m=[32m"round"[31m
                [33mstroke-width[31m=[32m"2"[31m
                [33mviewBox[31m=[32m"0 0 24 24"[31m
                [33mwidth[31m=[32m"1em"[31m
                [33mxmlns[31m=[32m"http://www.w3.org/2000/svg"[31m
              [36m>[31m
                [36m<path[31m
                  [33md[31m=[32m"M10.29 3.86L1.82 18a2 2 0 0 0 1.71 3h16.94a2 2 0 0 0 1.71-3L13.71 3.86a2 2 0 0 0-3.42 0z"[31m
                [36m/>[31m
                [36m<line[31m
                  [33mx1[31m=[32m"12"[31m
                  [33mx2[31m=[32m"12"[31m
                  [33my1[31m=[32m"9"[31m
                  [33my2[31m=[32m"13"[31m
                [36m/>[31m
                [36m<line[31m
                  [33mx1[31m=[32m"12"[31m
                  [33mx2[31m=[32m"12.01"[31m
                  [33my1[31m=[32m"17"[31m
                  [33my2[31m=[32m"17"[31m
                [36m/>[31m
              [36m</svg>[31m
              [0m Lineup Validation[0m
            [36m</h3>[31m
            [36m<button[31m
              [33mclass[31m=[32m"rounded-full border border-slate-700 p-2 text-slate-300 hover:text-white"[31m
            [36m>[31m
              [36m<svg[31m
                [33mfill[31m=[32m"none"[31m
                [33mheight[31m=[32m"1em"[31m
                [33mstroke[31m=[32m"currentColor"[31m
                [33mstroke-linecap[31m=[32m"round"[31m
                [33mstroke-linejoin[31m=[32m"round"[31m
                [33mstroke-width[31m=[32m"2"[31m
                [33mviewBox[31m=[32m"0 0 24 24"[31m
                [33mwidth[31m=[32m"1em"[31m
                [33mxmlns[31m=[32m"http://www.w3.org/2000/svg"[31m
              [36m>[3...

Ignored nodes: comments, script, style
[36m<html>[31m
  [36m<head />[31m
  [36m<body>[31m
    [36m<div>[31m
      [36m<div[31m
        [33mclass[31m=[32m"max-w-6xl mx-auto p-6 text-white min-h-screen"[31m
      [36m>[31m
        [36m<div[31m
          [33mclass[31m=[32m"mb-12 border-b border-slate-800 pb-8"[31m
        [36m>[31m
          [36m<h1[31m
            [33mclass[31m=[32m"text-6xl font-black italic uppercase tracking-tighter leading-none"[31m
          [36m>[31m
            [0mYour Locker Room[0m
          [36m</h1>[31m
          [36m<div[31m
            [33mclass[31m=[32m"mt-6 flex flex-wrap items-center gap-3 lg:flex-nowrap lg:gap-2 lg:overflow-x-auto"[31m
          [36m>[31m
            [36m<a[31m
              [33mclass[31m=[32m"px-4 py-2 rounded font-bold text-sm whitespace-nowrap inline-flex items-center justify-center gap-2 bg-green-600 hover:bg-green-500 text-black"[31m
              [33mhref[31m=[32m"/waivers"[31m
            [36m>[31m
              [36m<svg[31m
                [33mclass[31m=[32m"text-base"[31m
                [33mfill[31m=[32m"none"[31m
                [33mheight[31m=[32m"1em"[31m
                [33mstroke[31m=[32m"currentColor"[31m
                [33mstroke-linecap[31m=[32m"round"[31m
                [33mstroke-linejoin[31m=[32m"round"[31m
                [33mstroke-width[31m=[32m"2"[31m
                [33mviewBox[31m=[32m"0 0 24 24"[31m
                [33mwidth[31m=[32m"1em"[31m
                [33mxmlns[31m=[32m"http://www.w3.org/2000/svg"[31m
              [36m>[31m
                [36m<line[31m
                  [33mx1[31m=[32m"12"[31m
                  [33mx2[31m=[32m"12"[31m
                  [33my1[31m=[32m"5"[31m
                  [33my2[31m=[32m"19"[31m
                [36m/>[31m
                [36m<line[31m
                  [33mx1[31m=[32m"5"[31m
                  [33mx2[31m=[32m"19"[31m
                  [33my1[31m=[32m"12"[31m
                  [33my2[31m=[32m"12"[31m
                [36m/>[31m
              [36m</svg>[31m
              [0m Waiver Wire[0m
            [36m</a>[31m
            [36m<div[31m
              [33mclass[31m=[32m"px-4 py-2 rounded font-bold text-sm whitespace-nowrap inline-flex items-center gap-2 border border-slate-700 bg-slate-900 text-slate-200"[31m
            [36m>[31m
              [36m<svg[31m
                [33mclass[31m=[32m"text-base text-blue-400"[31m
                [33mfill[31m=[32m"none"[31m
                [33mheight[31m=[32m"1em"[31m
                [33mstroke[31m=[32m"currentColor"[31m
                [33mstroke-linecap[31m=[32m"round"[31m
                [33mstroke-linejoin[31m=[32m"round"[31m
                [33mstroke-width[31m=[32m"2"[31m
                [33mviewBox[31m=[32m"0 0 24 24"[31m
                [33mwidth[31m=[32m"1em"[31m
                [33mxmlns[31m=[32m"http://www.w3.org/2000/svg"[31m
              [36m>[31m
                [36m<polyline[31m
                  [33mpoints[31m=[32m"17 1 21 5 17 9"[31m
                [36m/>[31m
                [36m<path[31m
                  [33md[31m=[32m"M3 11V9a4 4 0 0 1 4-4h14"[31m
                [36m/>[31m
                [36m<polyline[31m
                  [33mpoints[31m=[32m"7 23 3 19 7 15"[31m
                [36m/>[31m
                [36m<path[31m
                  [33md[31m=[32m"M21 13v2a4 4 0 0 1-4 4H3"[31m
                [36m/>[31m
              [36m</svg>[31m
              [36m<span[31m
                [33mclass[31m=[32m"uppercase"[31m
              [36m>[31m
                [0mPending Trades[0m
              [36m</span>[31m
              [36m<span[31m
                [33mclass[31m=[32m"font-black"[31m
              [36m/>[31m
            [36m</div>[31m
          [36m</div>[31m
          [36m<div[31m
            [33mclass[31m=[32m"mt-5 flex flex-wrap items-center gap-3 text-slate-400"[31m
          [36m>[31m
            [36m<p[31m
              [33mclass[31m=[32m"flex items-center gap-2"[31m
            [36m>[31m
              [0mCurrent Standing:[0m
              [0m [0m
              [36m<span[31m
                [33mclass[31m=[32m"bg-purple-600 text-white px-3 py-1 rounded-lg font-black italic"[31m
              [36m>[31m
                [0m#[0m
                [0m Place[0m
              [36m</span>[31m
            [36m</p>[31m
          [36m</div>[31m
        [36m</div>[31m
        [36m<div[31m
          [33mclass[31m=[32m"fixed inset-0 z-50 flex items-center justify-center bg-black/70 p-4"[31m
        [36m>[31m
          [36m<div[31m
            [33mclass[31m=[32m"w-full max-w-xl rounded-2xl border border-red-800/60 bg-slate-900 p-6 shadow-2xl"[31m
          [36m>[31m
            [36m<div[31m
              [33mclass[31m=[32m"mb-4 flex items-center justify-between"[31m
            [36m>[31m
              [36m<h3[31m
                [33mclass[31m=[32m"flex items-center gap-2 text-lg font-black uppercase tracking-wider text-red-300"[31m
              [36m>[31m
                [36m<svg[31m
                  [33mfill[31m=[32m"none"[31m
                  [33mheight[31m=[32m"1em"[31m
                  [33mstroke[31m=[32m"currentColor"[31m
                  [33mstroke-linecap[31m=[32m"round"[31m
                  [33mstroke-linejoin[31m=[32m"round"[31m
                  [33mstroke-width[31m=[32m"2"[31m
                  [33mviewBox[31m=[32m"0 0 24 24"[31m
                  [33mwidth[31m=[32m"1em"[31m
                  [33mxmlns[31m=[32m"http://www.w3.org/2000/svg"[31m
                [36m>[31m
                  [36m<path[31m
                    [33md[31m=[32m"M10.29 3.86L1.82 18a2 2 0 0 0 1.71 3h16.94a2 2 0 0 0 1.71-3L13.71 3.86a2 2 0 0 0-3.42 0z"[31m
                  [36m/>[31m
                  [36m<line[31m
                    [33mx1[31m=[32m"12"[31m
                    [33mx2[31m=[32m"12"[31m
                    [33my1[31m=[32m"9"[31m
                    [33my2[31m=[32m"13"[31m
                  [36m/>[31m
                  [36m<line[31m
                    [33mx1[31m=[32m"12"[31m
                    [33mx2[31m=[32m"12.01"[31m
                    [33my1[31m=[32m"17"[31m
                    [33my2[31m=[32m"17"[31m
                  [36m/>[31m
                [36m</svg>[31m
                [0m Lineup Validation[0m
              [36m</h3>[31m
              [36m<button[31m
                [33mclass[31m=[32m"rounded-full border border-slate-700 p-2 text-slate-300 hover:text-white"[31m
              [36m>[31m
                [36m<svg[31m
                  [33mfill[31m=[32m"none"[31m
                  [33mheight[31m=[32m"1em"[31m
                  [33mstroke[31m=[32m"currentColor"[31m
                  [33mstroke-li...[39m

ΓÄ»ΓÄ»ΓÄ»ΓÄ»ΓÄ»ΓÄ»ΓÄ» Failed Tests 1 ΓÄ»ΓÄ»ΓÄ»ΓÄ»ΓÄ»ΓÄ»ΓÄ»

 FAIL  tests/PageSmokes.test.jsx > MyTeam taxi support > displays Taxi Squad heading when a taxi player exists
TestingLibraryElementError: Found multiple elements with the text: /Taxi Squad/i

Here are the matching elements:

Ignored nodes: comments, script, style
<div
  class="mt-4 text-yellow-300 font-bold uppercase"
>
  Taxi Squad
</div>

Ignored nodes: comments, script, style
<div
  class="mt-1 text-[10px] font-black uppercase tracking-wider text-yellow-300"
>
  Taxi Squad
</div>

(If this is intentional, then use the `*AllBy*` variant of the query (like `queryAllByText`, `getAllByText`, or `findAllByText`)).

Ignored nodes: comments, script, style
<body>
  <div>
    <div
      class="max-w-6xl mx-auto p-6 text-white min-h-screen"
    >
      <div
        class="mb-12 border-b border-slate-800 pb-8"
      >
        <h1
          class="text-6xl font-black italic uppercase tracking-tighter leading-none"
        >
          Your Locker Room
        </h1>
        <div
          class="mt-6 flex flex-wrap items-center gap-3 lg:flex-nowrap lg:gap-2 lg:overflow-x-auto"
        >
          <a
            class="px-4 py-2 rounded font-bold text-sm whitespace-nowrap inline-flex items-center justify-center gap-2 bg-green-600 hover:bg-green-500 text-black"
            href="/waivers"
          >
            <svg
              class="text-base"
              fill="none"
              height="1em"
              stroke="currentColor"
              stroke-linecap="round"
              stroke-linejoin="round"
              stroke-width="2"
              viewBox="0 0 24 24"
              width="1em"
              xmlns="http://www.w3.org/2000/svg"
            >
              <line
                x1="12"
                x2="12"
                y1="5"
                y2="19"
              />
              <line
                x1="5"
                x2="19"
                y1="12"
                y2="12"
              />
            </svg>
             Waiver Wire
          </a>
          <div
            class="px-4 py-2 rounded font-bold text-sm whitespace-nowrap inline-flex items-center gap-2 border border-slate-700 bg-slate-900 text-slate-200"
          >
            <svg
              class="text-base text-blue-400"
              fill="none"
              height="1em"
              stroke="currentColor"
              stroke-linecap="round"
              stroke-linejoin="round"
              stroke-width="2"
              viewBox="0 0 24 24"
              width="1em"
              xmlns="http://www.w3.org/2000/svg"
            >
              <polyline
                points="17 1 21 5 17 9"
              />
              <path
                d="M3 11V9a4 4 0 0 1 4-4h14"
              />
              <polyline
                points="7 23 3 19 7 15"
              />
              <path
                d="M21 13v2a4 4 0 0 1-4 4H3"
              />
            </svg>
            <span
              class="uppercase"
            >
              Pending Trades
            </span>
            <span
              class="font-black"
            />
          </div>
        </div>
        <div
          class="mt-5 flex flex-wrap items-center gap-3 text-slate-400"
        >
          <p
            class="flex items-center gap-2"
          >
            Current Standing:
             
            <span
              class="bg-purple-600 text-white px-3 py-1 rounded-lg font-black italic"
            >
              #
               Place
            </span>
          </p>
        </div>
      </div>
      <div
        class="fixed inset-0 z-50 flex items-center justify-center bg-black/70 p-4"
      >
        <div
          class="w-full max-w-xl rounded-2xl border border-red-800/60 bg-slate-900 p-6 shadow-2xl"
        >
          <div
            class="mb-4 flex items-center justify-between"
          >
            <h3
              class="flex items-center gap-2 text-lg font-black uppercase tracking-wider text-red-300"
            >
              <svg
                fill="none"
                height="1em"
                stroke="currentColor"
                stroke-linecap="round"
                stroke-linejoin="round"
                stroke-width="2"
                viewBox="0 0 24 24"
                width="1em"
                xmlns="http://www.w3.org/2000/svg"
              >
                <path
                  d="M10.29 3.86L1.82 18a2 2 0 0 0 1.71 3h16.94a2 2 0 0 0 1.71-3L13.71 3.86a2 2 0 0 0-3.42 0z"
                />
                <line
                  x1="12"
                  x2="12"
                  y1="9"
                  y2="13"
                />
                <line
                  x1="12"
                  x2="12.01"
                  y1="17"
                  y2="17"
                />
              </svg>
               Lineup Validation
            </h3>
            <button
              class="rounded-full border border-slate-700 p-2 text-slate-300 hover:text-white"
            >
              <svg
                fill="none"
                height="1em"
                stroke="currentColor"
                stroke-linecap="round"
                stroke-linejoin="round"
                stroke-width="2"
                viewBox="0 0 24 24"
                width="1em"
                xmlns="http://www.w3.org/2000/svg"
              >[3...

Ignored nodes: comments, script, style
<html>
  <head />
  <body>
    <div>
      <div
        class="max-w-6xl mx-auto p-6 text-white min-h-screen"
      >
        <div
          class="mb-12 border-b border-slate-800 pb-8"
        >
          <h1
            class="text-6xl font-black italic uppercase tracking-tighter leading-none"
          >
            Your Locker Room
          </h1>
          <div
            class="mt-6 flex flex-wrap items-center gap-3 lg:flex-nowrap lg:gap-2 lg:overflow-x-auto"
          >
            <a
              class="px-4 py-2 rounded font-bold text-sm whitespace-nowrap inline-flex items-center justify-center gap-2 bg-green-600 hover:bg-green-500 text-black"
              href="/waivers"
            >
              <svg
                class="text-base"
                fill="none"
                height="1em"
                stroke="currentColor"
                stroke-linecap="round"
                stroke-linejoin="round"
                stroke-width="2"
                viewBox="0 0 24 24"
                width="1em"
                xmlns="http://www.w3.org/2000/svg"
              >
                <line
                  x1="12"
                  x2="12"
                  y1="5"
                  y2="19"
                />
                <line
                  x1="5"
                  x2="19"
                  y1="12"
                  y2="12"
                />
              </svg>
               Waiver Wire
            </a>
            <div
              class="px-4 py-2 rounded font-bold text-sm whitespace-nowrap inline-flex items-center gap-2 border border-slate-700 bg-slate-900 text-slate-200"
            >
              <svg
                class="text-base text-blue-400"
                fill="none"
                height="1em"
                stroke="currentColor"
                stroke-linecap="round"
                stroke-linejoin="round"
                stroke-width="2"
                viewBox="0 0 24 24"
                width="1em"
                xmlns="http://www.w3.org/2000/svg"
              >
                <polyline
                  points="17 1 21 5 17 9"
                />
                <path
                  d="M3 11V9a4 4 0 0 1 4-4h14"
                />
                <polyline
                  points="7 23 3 19 7 15"
                />
                <path
                  d="M21 13v2a4 4 0 0 1-4 4H3"
                />
              </svg>
              <span
                class="uppercase"
              >
                Pending Trades
              </span>
              <span
                class="font-black"
              />
            </div>
          </div>
          <div
            class="mt-5 flex flex-wrap items-center gap-3 text-slate-400"
          >
            <p
              class="flex items-center gap-2"
            >
              Current Standing:
               
              <span
                class="bg-purple-600 text-white px-3 py-1 rounded-lg font-black italic"
              >
                #
                 Place
              </span>
            </p>
          </div>
        </div>
        <div
          class="fixed inset-0 z-50 flex items-center justify-center bg-black/70 p-4"
        >
          <div
            class="w-full max-w-xl rounded-2xl border border-red-800/60 bg-slate-900 p-6 shadow-2xl"
          >
            <div
              class="mb-4 flex items-center justify-between"
            >
              <h3
                class="flex items-center gap-2 text-lg font-black uppercase tracking-wider text-red-300"
              >
                <svg
                  fill="none"
                  height="1em"
                  stroke="currentColor"
                  stroke-linecap="round"
                  stroke-linejoin="round"
                  stroke-width="2"
                  viewBox="0 0 24 24"
                  width="1em"
                  xmlns="http://www.w3.org/2000/svg"
                >
                  <path
                    d="M10.29 3.86L1.82 18a2 2 0 0 0 1.71 3h16.94a2 2 0 0 0 1.71-3L13.71 3.86a2 2 0 0 0-3.42 0z"
                  />
                  <line
                    x1="12"
                    x2="12"
                    y1="9"
                    y2="13"
                  />
                  <line
                    x1="12"
                    x2="12.01"
                    y1="17"
                    y2="17"
                  />
                </svg>
                 Lineup Validation
              </h3>
              <button
                class="rounded-full border border-slate-700 p-2 text-slate-300 hover:text-white"
              >
                <svg
                  fill="none"
                  height="1em"
                  stroke="currentColor"
                  stroke-li...
 Γ¥» waitForWrapper node_modules/@testing-library/dom/dist/wait-for.js:163:27
 Γ¥» tests/PageSmokes.test.jsx:341:11
    339| 
    340|     render(<MyTeam activeOwnerId={1} />);
    341|     await waitFor(() => {
       |           ^
    342|       expect(screen.getByText(/Taxi Squad/i)).toBeInTheDocument();
    343|     });

ΓÄ»ΓÄ»ΓÄ»ΓÄ»ΓÄ»ΓÄ»ΓÄ»ΓÄ»ΓÄ»ΓÄ»ΓÄ»ΓÄ»ΓÄ»ΓÄ»ΓÄ»ΓÄ»ΓÄ»ΓÄ»ΓÄ»ΓÄ»ΓÄ»ΓÄ»ΓÄ»ΓÄ»[1/1]ΓÄ»

[2m Test Files [22m [1m[31m1 failed[39m[22m[90m (1)[39m
[2m      Tests [22m [1m[31m1 failed[39m[22m[2m | [22m[1m[32m15 passed[39m[22m[90m (16)[39m
[2m   Start at [22m 20:01:04
[2m   Duration [22m 3.09s


[1m[7m[31m FAIL [39m[27m[22m[31m Tests failed. Watching for file changes...[39m
       [2mpress [22m[1mh[22m[2m to show help[22m[2m, [22m[2mpress [22m[1mq[22m[2m to quit[22m
       [34mrerun x1[39m
[2K[1A[2K[G       [90mrerun x1[39m
[2K[1A[2K[G       [2m[90mrerun x1[39m[22m
[2K[1A[2K[G[2K[1G[36m?[39m [1mInput filename pattern[22m [90m┬╗[39m 78[2K[1G[2K[1G[36m?[39m [1mInput filename pattern[22m [90m┬╗[39m m78[2K[1G[2K[1G[36m?[39m [1mInput filename pattern[22m [90m┬╗[39m m 78[2K[1G[2K[1G[36m?[39m [1mInput filename pattern[22m [90m┬╗[39m m t78[2K[1G[2K[1G[36m?[39m [1mInput filename pattern[22m [90m┬╗[39m m te78[2K[1G[2K[1G[36m?[39m [1mInput filename pattern[22m [90m┬╗[39m m tes78[2K[1G[2K[1G[36m?[39m [1mInput filename pattern[22m [90m┬╗[39m m test78[2K[1G[2K[1G[36m?[39m [1mInput filename pattern[22m [90m┬╗[39m m test 78[2K[1G[2K[1G[36m?[39m [1mInput filename pattern[22m [90m┬╗[39m m test >78[2K[1G[2K[1G[36m?[39m [1mInput filename pattern[22m [90m┬╗[39m m test > 78[2K[1G[2K[1G[36m?[39m [1mInput filename pattern[22m [90m┬╗[39m m test > v78[2K[1G[2K[1G[36m?[39m [1mInput filename pattern[22m [90m┬╗[39m m test > vi78[2K[1G[2K[1G[36m?[39m [1mInput filename pattern[22m [90m┬╗[39m m test > vit78[2K[1G[2K[1G[36m?[39m [1mInput filename pattern[22m [90m┬╗[39m m test > vite78[2K[1G[2K[1G[36m?[39m [1mInput filename pattern[22m [90m┬╗[39m m test > vites78[2K[1G[2K[1G[36m?[39m [1mInput filename pattern[22m [90m┬╗[39m m test > vitest78[2K[1G[2K[1G[36m?[39m [1mInput filename pattern[22m [90m┬╗[39m m test > vitest-78[2K[1G[2K[1G[36m?[39m [1mInput filename pattern[22m [90m┬╗[39m m test > vitest-o78[2K[1G[2K[1G[36m?[39m [1mInput filename pattern[22m [90m┬╗[39m m test > vitest-ou78[2K[1G[2K[1G[36m?[39m [1mInput filename pattern[22m [90m┬╗[39m m test > vitest-out78[2K[1G[2K[1G[36m?[39m [1mInput filename pattern[22m [90m┬╗[39m m test > vitest-outp78[2K[1G[2K[1G[36m?[39m [1mInput filename pattern[22m [90m┬╗[39m m test > vitest-outpu78[2K[1G[2K[1G[36m?[39m [1mInput filename pattern[22m [90m┬╗[39m m test > vitest-output78[2K[1G[2K[1G[36m?[39m [1mInput filename pattern[22m [90m┬╗[39m m test > vitest-output278[2K[1G[2K[1G[36m?[39m [1mInput filename pattern[22m [90m┬╗[39m m test > vitest-output2.78[2K[1G[2K[1G[36m?[39m [1mInput filename pattern[22m [90m┬╗[39m m test > vitest-output2.t78[2K[1G[2K[1G[36m?[39m [1mInput filename pattern[22m [90m┬╗[39m m test > vitest-output2.tx78[2K[1G[2K[1G[36m?[39m [1mInput filename pattern[22m [90m┬╗[39m m test > vitest-output2.txt78[2K[1G[2K[1G[36m?[39m [1mInput filename pattern[22m [90m┬╗[39m m test > vitest-output2.txt 78[2K[1G[2K[1G[36m?[39m [1mInput filename pattern[22m [90m┬╗[39m m test > vitest-output2.txt 278[2K[1G[2K[1G[36m?[39m [1mInput filename pattern[22m [90m┬╗[39m m test > vitest-output2.txt 2>78[2K[1G[2K[1G[36m?[39m [1mInput filename pattern[22m [90m┬╗[39m m test > vitest-output2.txt 2>&78[2K[1G[2K[1G[36m?[39m [1mInput filename pattern[22m [90m┬╗[39m m test > vitest-output2.txt 2>&178[2K[1G[2K[1G[32mΓêÜ[39m [1mInput filename pattern[22m [90m...[39m m test > vitest-output2.txt 2>&178
[?25h
[2m Test Files [22m [2mno tests[22m
[2m      Tests [22m [2mno tests[22m
[2m   Start at [22m 20:01:13
[2m   Duration [22m 0ms


[1m[7m[32m PASS [39m[27m[22m[32m Waiting for file changes...[39m
       [2mpress [22m[1mh[22m[2m to show help[22m[2m, [22m[2mpress [22m[1mq[22m[2m to quit[22m
       [34mrerun x1[39m
[2K[1A[2K[G       [90mrerun x1[39m
[2K[1A[2K[G       [2m[90mrerun x1[39m[22m
[2K[1A[2K[G[2K[1G[36m?[39m [1mInput filename pattern[22m [90m┬╗[39m [90mm test > vitest-output2.txt 2>&1[39m78[2K[1G[2K[1G[36m?[39m [1mInput filename pattern[22m [90m┬╗[39m m78[2K[1G[2K[1G[36m?[39m [1mInput filename pattern[22m [90m┬╗[39m m 78[2K[1G[2K[1G[36m?[39m [1mInput filename pattern[22m [90m┬╗[39m m t78[2K[1G[2K[1G[36m?[39m [1mInput filename pattern[22m [90m┬╗[39m m te78[2K[1G[2K[1G[36m?[39m [1mInput filename pattern[22m [90m┬╗[39m m tes78[2K[1G[2K[1G[36m?[39m [1mInput filename pattern[22m [90m┬╗[39m m test78[2K[1G[2K[1G[32mΓêÜ[39m [1mInput filename pattern[22m [90m...[39m m test78
[?25h
[2m Test Files [22m [2mno tests[22m
[2m      Tests [22m [2mno tests[22m
[2m   Start at [22m 20:01:27
[2m   Duration [22m 0ms


[1m[7m[32m PASS [39m[27m[22m[32m Waiting for file changes...[39m
       [2mpress [22m[1mh[22m[2m to show help[22m[2m, [22m[2mpress [22m[1mq[22m[2m to quit[22m
       [34mrerun x1[39m
[2K[1A[2K[G       [90mrerun x1[39m
[2K[1A[2K[G       [2m[90mrerun x1[39m[22m
[2K[1A[2K[G
[1m  Watch Usage[22m
[2m  press [22m[0m[1ma[22m, [1mreturn[22m[0m[2m to rerun all tests[22m
[2m  press [22m[0m[1mr[22m[0m[2m to rerun current pattern tests[22m
[2m  press [22m[0m[1mf[22m[0m[2m to rerun only failed tests[22m
[2m  press [22m[0m[1mu[22m[0m[2m to update snapshot[22m
[2m  press [22m[0m[1mp[22m[0m[2m to filter by a filename[22m
[2m  press [22m[0m[1mt[22m[0m[2m to filter by a test name regex pattern[22m
[2m  press [22m[0m[1mq[22m[0m[2m to quit[22m
[2K[1G[36m?[39m [1mInput test name pattern (RegExp)[22m [90m┬╗[39m 78[2K[1G[2K[1G[36m?[39m [1mInput test name pattern (RegExp)[22m [90m┬╗[39m a78[2K[1G[2K[1G[36m?[39m [1mInput test name pattern (RegExp)[22m [90m┬╗[39m as78[2K[1G[2K[1G[36m?[39m [1mInput test name pattern (RegExp)[22m [90m┬╗[39m asy78[2K[1G[2K[1G[36m?[39m [1mInput test name pattern (RegExp)[22m [90m┬╗[39m asy-78[2K[1G[2K[1G[36m?[39m [1mInput test name pattern (RegExp)[22m [90m┬╗[39m asy-f78[2K[1G[2K[1G[36m?[39m [1mInput test name pattern (RegExp)[22m [90m┬╗[39m asy-fo78[2K[1G[2K[1G[36m?[39m [1mInput test name pattern (RegExp)[22m [90m┬╗[39m asy-foo78[2K[1G[2K[1G[36m?[39m [1mInput test name pattern (RegExp)[22m [90m┬╗[39m asy-foot78[2K[1G[2K[1G[36m?[39m [1mInput test name pattern (RegExp)[22m [90m┬╗[39m asy-footb78[2K[1G[2K[1G[36m?[39m [1mInput test name pattern (RegExp)[22m [90m┬╗[39m asy-footba78[2K[1G[2K[1G[36m?[39m [1mInput test name pattern (RegExp)[22m [90m┬╗[39m asy-footbal78[2K[1G[2K[1G[36m?[39m [1mInput test name pattern (RegExp)[22m [90m┬╗[39m asy-football78[2K[1G[2K[1G[36m?[39m [1mInput test name pattern (RegExp)[22m [90m┬╗[39m asy-football-78[2K[1G[2K[1G[36m?[39m [1mInput test name pattern (RegExp)[22m [90m┬╗[39m asy-football-p78[2K[1G[2K[1G[36m?[39m [1mInput test name pattern (RegExp)[22m [90m┬╗[39m asy-football-pi78[2K[1G[2K[1G[36m?[39m [1mInput test name pattern (RegExp)[22m [90m┬╗[39m asy-football-pi\78[2K[1G[2K[1G[36m?[39m [1mInput test name pattern (RegExp)[22m [90m┬╗[39m asy-football-pi\f78[2K[1G[2K[1G[36m?[39m [1mInput test name pattern (RegExp)[22m [90m┬╗[39m asy-football-pi\fa78[2K[1G[2K[1G[36m?[39m [1mInput test name pattern (RegExp)[22m [90m┬╗[39m asy-football-pi\fan78[2K[1G[2K[1G[36m?[39m [1mInput test name pattern (RegExp)[22m [90m┬╗[39m asy-football-pi\fant78[2K[1G[2K[1G[36m?[39m [1mInput test name pattern (RegExp)[22m [90m┬╗[39m asy-football-pi\fanta78[2K[1G[2K[1G[36m?[39m [1mInput test name pattern (RegExp)[22m [90m┬╗[39m asy-football-pi\fantas78[2K[1G[2K[1G[36m?[39m [1mInput test name pattern (RegExp)[22m [90m┬╗[39m asy-football-pi\fantasy78[2K[1G[2K[1G[36m?[39m [1mInput test name pattern (RegExp)[22m [90m┬╗[39m asy-football-pi\fantasy-78[2K[1G[2K[1G[36m?[39m [1mInput test name pattern (RegExp)[22m [90m┬╗[39m asy-football-pi\fantasy-f78[2K[1G[2K[1G[36m?[39m [1mInput test name pattern (RegExp)[22m [90m┬╗[39m asy-football-pi\fantasy-fo78[2K[1G[2K[1G[36m?[39m [1mInput test name pattern (RegExp)[22m [90m┬╗[39m asy-football-pi\fantasy-foo78[2K[1G[2K[1G[36m?[39m [1mInput test name pattern (RegExp)[22m [90m┬╗[39m asy-football-pi\fantasy-foot78[2K[1G[2K[1G[36m?[39m [1mInput test name pattern (RegExp)[22m [90m┬╗[39m asy-football-pi\fantasy-footb78[2K[1G[2K[1G[36m?[39m [1mInput test name pattern (RegExp)[22m [90m┬╗[39m asy-football-pi\fantasy-footba78[2K[1G[2K[1G[36m?[39m [1mInput test name pattern (RegExp)[22m [90m┬╗[39m asy-football-pi\fantasy-footbal78[2K[1G[2K[1G[36m?[39m [1mInput test name pattern (RegExp)[22m [90m┬╗[39m asy-football-pi\fantasy-football78[2K[1G[2K[1G[36m?[39m [1mInput test name pattern (RegExp)[22m [90m┬╗[39m asy-football-pi\fantasy-football-78[2K[1G[2K[1G[36m?[39m [1mInput test name pattern (RegExp)[22m [90m┬╗[39m asy-football-pi\fantasy-football-p78[2K[1G[2K[1G[36m?[39m [1mInput test name pattern (RegExp)[22m [90m┬╗[39m asy-football-pi\fantasy-football-pi78[2K[1G[2K[1G[36m?[39m [1mInput test name pattern (RegExp)[22m [90m┬╗[39m asy-football-pi\fantasy-football-pi\78[2K[1G[2K[1G[36m?[39m [1mInput test name pattern (RegExp)[22m [90m┬╗[39m asy-football-pi\fantasy-football-pi\f78[2K[1G[2K[1G[36m?[39m [1mInput test name pattern (RegExp)[22m [90m┬╗[39m asy-football-pi\fantasy-football-pi\fr78[2K[1G[2K[1G[36m?[39m [1mInput test name pattern (RegExp)[22m [90m┬╗[39m asy-football-pi\fantasy-football-pi\fro78[2K[1G[2K[1G[36m?[39m [1mInput test name pattern (RegExp)[22m [90m┬╗[39m asy-football-pi\fantasy-football-pi\fron78[2K[1G[2K[1G[36m?[39m [1mInput test name pattern (RegExp)[22m [90m┬╗[39m asy-football-pi\fantasy-football-pi\front78[2K[1G[2K[1G[36m?[39m [1mInput test name pattern (RegExp)[22m [90m┬╗[39m asy-football-pi\fantasy-football-pi\fronte78[2K[1G[2K[1G[36m?[39m [1mInput test name pattern (RegExp)[22m [90m┬╗[39m asy-football-pi\fantasy-football-pi\fronten78[2K[1G[2K[1G[36m?[39m [1mInput test name pattern (RegExp)[22m [90m┬╗[39m asy-football-pi\fantasy-football-pi\frontend78[2K[1G[2K[1G[36m?[39m [1mInput test name pattern (RegExp)[22m [90m┬╗[39m asy-football-pi\fantasy-football-pi\frontend\78[2K[1G[2K[1G[36m?[39m [1mInput test name pattern (RegExp)[22m [90m┬╗[39m asy-football-pi\fantasy-football-pi\frontend\s78[2K[1G[2K[1G[36m?[39m [1mInput test name pattern (RegExp)[22m [90m┬╗[39m asy-football-pi\fantasy-football-pi\frontend\sr78[2K[1G[2K[1G[36m?[39m [1mInput test name pattern (RegExp)[22m [90m┬╗[39m asy-football-pi\fantasy-football-pi\frontend\src78[2K[1G[2K[1G[36m?[39m [1mInput test name pattern (RegExp)[22m [90m┬╗[39m asy-football-pi\fantasy-football-pi\frontend\src\78[2K[1G[2K[1G[36m?[39m [1mInput test name pattern (RegExp)[22m [90m┬╗[39m asy-football-pi\fantasy-football-pi\frontend\src\p78[2K[1G[2K[1G[36m?[39m [1mInput test name pattern (RegExp)[22m [90m┬╗[39m asy-football-pi\fantasy-football-pi\frontend\src\pa78[2K[1G[2K[1G[36m?[39m [1mInput test name pattern (RegExp)[22m [90m┬╗[39m asy-football-pi\fantasy-football-pi\frontend\src\pag78[2K[1G[2K[1G[36m?[39m [1mInput test name pattern (RegExp)[22m [90m┬╗[39m asy-football-pi\fantasy-football-pi\frontend\src\page78[2K[1G[2K[1G[36m?[39m [1mInput test name pattern (RegExp)[22m [90m┬╗[39m asy-football-pi\fantasy-football-pi\frontend\src\pages78[2K[1G[2K[1G[36m?[39m [1mInput test name pattern (RegExp)[22m [90m┬╗[39m asy-football-pi\fantasy-football-pi\frontend\src\pages\78[2K[1G[2K[1G[36m?[39m [1mInput test name pattern (RegExp)[22m [90m┬╗[39m asy-football-pi\fantasy-football-pi\frontend\src\pages\a78[2K[1G[2K[1G[36m?[39m [1mInput test name pattern (RegExp)[22m [90m┬╗[39m asy-football-pi\fantasy-football-pi\frontend\src\pages\ad78[2K[1G[2K[1G[36m?[39m [1mInput test name pattern (RegExp)[22m [90m┬╗[39m asy-football-pi\fantasy-football-pi\frontend\src\pages\adm78[2K[1G[2K[1G[36m?[39m [1mInput test name pattern (RegExp)[22m [90m┬╗[39m asy-football-pi\fantasy-football-pi\frontend\src\pages\admi78[2K[1G[2K[1G[36m?[39m [1mInput test name pattern (RegExp)[22m [90m┬╗[39m asy-football-pi\fantasy-football-pi\frontend\src\pages\admin78[2K[1G[2K[1G[36m?[39m [1mInput test name pattern (RegExp)[22m [90m┬╗[39m asy-football-pi\fantasy-football-pi\frontend\src\pages\admin"78[2K[1G[2K[1G[36m?[39m [1mInput test name pattern (RegExp)[22m [90m┬╗[39m asy-football-pi\fantasy-football-pi\frontend\src\pages\admin" 78[2K[1G[2K[1G[36m?[39m [1mInput test name pattern (RegExp)[22m [90m┬╗[39m asy-football-pi\fantasy-football-pi\frontend\src\pages\admin" ;78[2K[1G[2K[1G[36m?[39m [1mInput test name pattern (RegExp)[22m [90m┬╗[39m asy-football-pi\fantasy-football-pi\frontend\src\pages\admin" ; 78[2K[1G[2K[1G[36m?[39m [1mInput test name pattern (RegExp)[22m [90m┬╗[39m asy-football-pi\fantasy-football-pi\frontend\src\pages\admin" ; r78[2K[1G[2K[1G[36m?[39m [1mInput test name pattern (RegExp)[22m [90m┬╗[39m asy-football-pi\fantasy-football-pi\frontend\src\pages\admin" ; rm78[2K[1G[2K[1G[36m?[39m [1mInput test name pattern (RegExp)[22m [90m┬╗[39m asy-football-pi\fantasy-football-pi\frontend\src\pages\admin" ; rm 78[2K[1G[2K[1G[36m?[39m [1mInput test name pattern (RegExp)[22m [90m┬╗[39m asy-football-pi\fantasy-football-pi\frontend\src\pages\admin" ; rm m78[2K[1G[2K[1G[36m?[39m [1mInput test name pattern (RegExp)[22m [90m┬╗[39m asy-football-pi\fantasy-football-pi\frontend\src\pages\admin" ; rm ma78[2K[1G[2K[1G[36m?[39m [1mInput test name pattern (RegExp)[22m [90m┬╗[39m asy-football-pi\fantasy-football-pi\frontend\src\pages\admin" ; rm man78[2K[1G[2K[1G[36m?[39m [1mInput test name pattern (RegExp)[22m [90m┬╗[39m asy-football-pi\fantasy-football-pi\frontend\src\pages\admin" ; rm mana78[2K[1G[2K[1G[36m?[39m [1mInput test name pattern (RegExp)[22m [90m┬╗[39m asy-football-pi\fantasy-football-pi\frontend\src\pages\admin" ; rm manag78[2K[1G[2K[1G[36m?[39m [1mInput test name pattern (RegExp)[22m [90m┬╗[39m asy-football-pi\fantasy-football-pi\frontend\src\pages\admin" ; rm manage78[2K[1G[2K[1G[36m?[39m [1mInput test name pattern (RegExp)[22m [90m┬╗[39m asy-football-pi\fantasy-football-pi\frontend\src\pages\admin" ; rm manage-78[2K[1G[2K[1G[36m?[39m [1mInput test name pattern (RegExp)[22m [90m┬╗[39m asy-football-pi\fantasy-football-pi\frontend\src\pages\admin" ; rm manage-c78[2K[1G[2K[1G[36m?[39m [1mInput test name pattern (RegExp)[22m [90m┬╗[39m asy-football-pi\fantasy-football-pi\frontend\src\pages\admin" ; rm manage-co78[2K[1G[2K[1G[36m?[39m [1mInput test name pattern (RegExp)[22m [90m┬╗[39m asy-football-pi\fantasy-football-pi\frontend\src\pages\admin" ; rm manage-com78[2K[1G[2K[1G[36m?[39m [1mInput test name pattern (RegExp)[22m [90m┬╗[39m asy-football-pi\fantasy-football-pi\frontend\src\pages\admin" ; rm manage-comm78[2K[1G[2K[1G[36m?[39m [1mInput test name pattern (RegExp)[22m [90m┬╗[39m asy-football-pi\fantasy-football-pi\frontend\src\pages\admin" ; rm manage-commi78[2K[1G[2K[1G[36m?[39m [1mInput test name pattern (RegExp)[22m [90m┬╗[39m asy-football-pi\fantasy-football-pi\frontend\src\pages\admin" ; rm manage-commis78[2K[1G[2K[1G[36m?[39m [1mInput test name pattern (RegExp)[22m [90m┬╗[39m asy-football-pi\fantasy-football-pi\frontend\src\pages\admin" ; rm manage-commiss78[2K[1G[2K[1G[36m?[39m [1mInput test name pattern (RegExp)[22m [90m┬╗[39m asy-football-pi\fantasy-football-pi\frontend\src\pages\admin" ; rm manage-commissi78[2K[1G[2K[1G[36m?[39m [1mInput test name pattern (RegExp)[22m [90m┬╗[39m asy-football-pi\fantasy-football-pi\frontend\src\pages\admin" ; rm manage-commissio78[2K[1G[2K[1G[36m?[39m [1mInput test name pattern (RegExp)[22m [90m┬╗[39m asy-football-pi\fantasy-football-pi\frontend\src\pages\admin" ; rm manage-commission78[2K[1G[2K[1G[36m?[39m [1mInput test name pattern (RegExp)[22m [90m┬╗[39m asy-football-pi\fantasy-football-pi\frontend\src\pages\admin" ; rm manage-commissione78[2K[1G[2K[1G[36m?[39m [1mInput test name pattern (RegExp)[22m [90m┬╗[39m asy-football-pi\fantasy-football-pi\frontend\src\pages\admin" ; rm manage-commissioner78[2K[1G[2K[1G[36m?[39m [1mInput test name pattern (RegExp)[22m [90m┬╗[39m asy-football-pi\fantasy-football-pi\frontend\src\pages\admin" ; rm manage-commissioners78[2K[1G[2K[1G[36m?[39m [1mInput test name pattern (RegExp)[22m [90m┬╗[39m asy-football-pi\fantasy-football-pi\frontend\src\pages\admin" ; rm manage-commissioners.78[2K[1G[2K[1G[36m?[39m [1mInput test name pattern (RegExp)[22m [90m┬╗[39m asy-football-pi\fantasy-football-pi\frontend\src\pages\admin" ; rm manage-commissioners.j78[2K[1G[2K[1G[36m?[39m [1mInput test name pattern (RegExp)[22m [90m┬╗[39m asy-football-pi\fantasy-football-pi\frontend\src\pages\admin" ; rm manage-commissioners.js78[2K[1G[2K[1G[36m?[39m [1mInput test name pattern (RegExp)[22m [90m┬╗[39m asy-football-pi\fantasy-football-pi\frontend\src\pages\admin" ; rm manage-commissioners.jsx78[3Jc
[7m[1m[34m RERUN [39m[22m[27m

[2K[1G[2K[1G[32mΓêÜ[39m [1mInput test name pattern (RegExp)[22m [90m...[39m asy-football-pi\fantasy-football-pi\frontend\src\pages\admin" ; rm manage-commissioners.jsx78
[?25h[3Jc
[7m[1m[34m RERUN [39m[22m[27m[2m change pattern[22m
        [2mTest name pattern: [22m[34m/asy-football-pi\fantasy-football-pi\frontend\src\pages\admin" ; rm manage-commissioners.jsx/[39m

 [2m[90mΓåô[39m[22m tests/ManageOwners.test.jsx [2m ([22m[2m3 tests[22m [2m|[22m [33m3 skipped[39m[2m)[22m
 [2m[90mΓåô[39m[22m tests/ManageCommissioners.test.jsx [2m ([22m[2m3 tests[22m [2m|[22m [33m3 skipped[39m[2m)[22m
 [2m[90mΓåô[39m[22m tests/PageSmokes.test.jsx [2m ([22m[2m16 tests[22m [2m|[22m [33m16 skipped[39m[2m)[22m
 [2m[90mΓåô[39m[22m tests/App.test.jsx [2m ([22m[2m3 tests[22m [2m|[22m [33m3 skipped[39m[2m)[22m
 [2m[90mΓåô[39m[22m tests/MyTeam.test.jsx [2m ([22m[2m10 tests[22m [2m|[22m [33m10 skipped[39m[2m)[22m
 [2m[90mΓåô[39m[22m tests/Matchups.test.jsx [2m ([22m[2m9 tests[22m [2m|[22m [33m9 skipped[39m[2m)[22m
 [2m[90mΓåô[39m[22m tests/Sidebar.test.jsx [2m ([22m[2m9 tests[22m [2m|[22m [33m9 skipped[39m[2m)[22m
 [2m[90mΓåô[39m[22m tests/Home.test.jsx [2m ([22m[2m10 tests[22m [2m|[22m [33m10 skipped[39m[2m)[22m
 [2m[90mΓåô[39m[22m tests/LeagueSelector.test.jsx [2m ([22m[2m2 tests[22m [2m|[22m [33m2 skipped[39m[2m)[22m
 [2m[90mΓåô[39m[22m tests/Layout.test.jsx [2m ([22m[2m6 tests[22m [2m|[22m [33m6 skipped[39m[2m)[22m
 [2m[90mΓåô[39m[22m tests/GameCenter.test.jsx [2m ([22m[2m9 tests[22m [2m|[22m [33m9 skipped[39m[2m)[22m
 [2m[90mΓåô[39m[22m tests/CommissionerDashboard.test.jsx [2m ([22m[2m4 tests[22m [2m|[22m [33m4 skipped[39m[2m)[22m
 [2m[90mΓåô[39m[22m tests/ManageScoringRules.test.jsx [2m ([22m[2m2 tests[22m [2m|[22m [33m2 skipped[39m[2m)[22m
 [2m[90mΓåô[39m[22m tests/LeagueAdvisor.test.jsx [2m ([22m[2m1 test[22m [2m|[22m [33m1 skipped[39m[2m)[22m

[2m Test Files [22m [33m14 skipped[39m[90m (14)[39m
[2m      Tests [22m [33m87 skipped[39m[90m (87)[39m
[2m   Start at [22m 20:03:23
[2m   Duration [22m 12.92s


[1m[7m[32m PASS [39m[27m[22m[32m Waiting for file changes...[39m
       [2mpress [22m[1mh[22m[2m to show help[22m[2m, [22m[2mpress [22m[1mq[22m[2m to quit[22m

[2m Test Files [22m [2mno tests[22m
[2m      Tests [22m [2mno tests[22m
[2m   Start at [22m 20:03:23
[2m   Duration [22m 0ms


[1m[7m[32m PASS [39m[27m[22m[32m Waiting for file changes...[39m
       [2mpress [22m[1mh[22m[2m to show help[22m[2m, [22m[2mpress [22m[1mq[22m[2m to quit[22m

[2m Test Files [22m [2mno tests[22m
[2m      Tests [22m [2mno tests[22m
[2m   Start at [22m 20:03:23
[2m   Duration [22m 0ms


[1m[7m[32m PASS [39m[27m[22m[32m Waiting for file changes...[39m
       [2mpress [22m[1mh[22m[2m to show help[22m[2m, [22m[2mpress [22m[1mq[22m[2m to quit[22m

[2m Test Files [22m [2mno tests[22m
[2m      Tests [22m [2mno tests[22m
[2m   Start at [22m 20:03:23
[2m   Duration [22m 0ms


[1m[7m[32m PASS [39m[27m[22m[32m Waiting for file changes...[39m
       [2mpress [22m[1mh[22m[2m to show help[22m[2m, [22m[2mpress [22m[1mq[22m[2m to quit[22m
 [2m[90mΓåô[39m[22m tests/ManageCommissioners.test.jsx [2m ([22m[2m3 tests[22m [2m|[22m [33m3 skipped[39m[2m)[22m
 [2m[90mΓåô[39m[22m tests/Sidebar.test.jsx [2m ([22m[2m9 tests[22m [2m|[22m [33m9 skipped[39m[2m)[22m
 [2m[90mΓåô[39m[22m tests/ManageOwners.test.jsx [2m ([22m[2m3 tests[22m [2m|[22m [33m3 skipped[39m[2m)[22m
 [2m[90mΓåô[39m[22m tests/MyTeam.test.jsx [2m ([22m[2m10 tests[22m [2m|[22m [33m10 skipped[39m[2m)[22m
 [2m[90mΓåô[39m[22m tests/Matchups.test.jsx [2m ([22m[2m9 tests[22m [2m|[22m [33m9 skipped[39m[2m)[22m
 [2m[90mΓåô[39m[22m tests/Home.test.jsx [2m ([22m[2m10 tests[22m [2m|[22m [33m10 skipped[39m[2m)[22m
 [2m[90mΓåô[39m[22m tests/Layout.test.jsx [2m ([22m[2m6 tests[22m [2m|[22m [33m6 skipped[39m[2m)[22m
 [2m[90mΓåô[39m[22m tests/App.test.jsx [2m ([22m[2m3 tests[22m [2m|[22m [33m3 skipped[39m[2m)[22m
 [2m[90mΓåô[39m[22m tests/CommissionerDashboard.test.jsx [2m ([22m[2m4 tests[22m [2m|[22m [33m4 skipped[39m[2m)[22m
 [2m[90mΓåô[39m[22m tests/LeagueSelector.test.jsx [2m ([22m[2m2 tests[22m [2m|[22m [33m2 skipped[39m[2m)[22m
 [2m[90mΓåô[39m[22m tests/GameCenter.test.jsx [2m ([22m[2m9 tests[22m [2m|[22m [33m9 skipped[39m[2m)[22m
 [2m[90mΓåô[39m[22m tests/ManageScoringRules.test.jsx [2m ([22m[2m2 tests[22m [2m|[22m [33m2 skipped[39m[2m)[22m
 [2m[90mΓåô[39m[22m tests/LeagueAdvisor.test.jsx [2m ([22m[2m1 test[22m [2m|[22m [33m1 skipped[39m[2m)[22m
 [2m[90mΓåô[39m[22m tests/PageSmokes.test.jsx [2m ([22m[2m16 tests[22m [2m|[22m [33m16 skipped[39m[2m)[22m

[2m Test Files [22m [33m14 skipped[39m[90m (14)[39m
[2m      Tests [22m [33m87 skipped[39m[90m (87)[39m
[2m   Start at [22m 20:03:23
[2m   Duration [22m 15.65s


[1m[7m[32m PASS [39m[27m[22m[32m Waiting for file changes...[39m
       [2mpress [22m[1mh[22m[2m to show help[22m[2m, [22m[2mpress [22m[1mq[22m[2m to quit[22m

[1m  Watch Usage[22m
[2m  press [22m[0m[1ma[22m, [1mreturn[22m[0m[2m to rerun all tests[22m
[2m  press [22m[0m[1mr[22m[0m[2m to rerun current pattern tests[22m
[2m  press [22m[0m[1mf[22m[0m[2m to rerun only failed tests[22m
[2m  press [22m[0m[1mu[22m[0m[2m to update snapshot[22m
[2m  press [22m[0m[1mp[22m[0m[2m to filter by a filename[22m
[2m  press [22m[0m[1mt[22m[0m[2m to filter by a test name regex pattern[22m
[2m  press [22m[0m[1mq[22m[0m[2m to quit[22m
[2K[1G[36m?[39m [1mInput test name pattern (RegExp)[22m [90m┬╗[39m 78[2K[1G[2K[1G[36m?[39m [1mInput test name pattern (RegExp)[22m [90m┬╗[39m a78[2K[1G[2K[1G[36m?[39m [1mInput test name pattern (RegExp)[22m [90m┬╗[39m as78[2K[1G[2K[1G[36m?[39m [1mInput test name pattern (RegExp)[22m [90m┬╗[39m asy78[2K[1G[2K[1G[36m?[39m [1mInput test name pattern (RegExp)[22m [90m┬╗[39m asy-78[2K[1G[2K[1G[36m?[39m [1mInput test name pattern (RegExp)[22m [90m┬╗[39m asy-f78[2K[1G[2K[1G[36m?[39m [1mInput test name pattern (RegExp)[22m [90m┬╗[39m asy-fo78[2K[1G[2K[1G[36m?[39m [1mInput test name pattern (RegExp)[22m [90m┬╗[39m asy-foo78[2K[1G[2K[1G[36m?[39m [1mInput test name pattern (RegExp)[22m [90m┬╗[39m asy-foot78[2K[1G[2K[1G[36m?[39m [1mInput test name pattern (RegExp)[22m [90m┬╗[39m asy-footb78[2K[1G[2K[1G[36m?[39m [1mInput test name pattern (RegExp)[22m [90m┬╗[39m asy-footba78[2K[1G[2K[1G[36m?[39m [1mInput test name pattern (RegExp)[22m [90m┬╗[39m asy-footbal78[2K[1G[2K[1G[36m?[39m [1mInput test name pattern (RegExp)[22m [90m┬╗[39m asy-football78[2K[1G[2K[1G[36m?[39m [1mInput test name pattern (RegExp)[22m [90m┬╗[39m asy-football-78[2K[1G[2K[1G[36m?[39m [1mInput test name pattern (RegExp)[22m [90m┬╗[39m asy-football-p78[2K[1G[2K[1G[36m?[39m [1mInput test name pattern (RegExp)[22m [90m┬╗[39m asy-football-pi78[2K[1G[2K[1G[36m?[39m [1mInput test name pattern (RegExp)[22m [90m┬╗[39m asy-football-pi\78[2K[1G[2K[1G[36m?[39m [1mInput test name pattern (RegExp)[22m [90m┬╗[39m asy-football-pi\f78[2K[1G[2K[1G[36m?[39m [1mInput test name pattern (RegExp)[22m [90m┬╗[39m asy-football-pi\fa78[2K[1G[2K[1G[36m?[39m [1mInput test name pattern (RegExp)[22m [90m┬╗[39m asy-football-pi\fan78[2K[1G[2K[1G[36m?[39m [1mInput test name pattern (RegExp)[22m [90m┬╗[39m asy-football-pi\fant78[2K[1G[2K[1G[36m?[39m [1mInput test name pattern (RegExp)[22m [90m┬╗[39m asy-football-pi\fanta78[2K[1G[2K[1G[36m?[39m [1mInput test name pattern (RegExp)[22m [90m┬╗[39m asy-football-pi\fantas78[2K[1G[2K[1G[36m?[39m [1mInput test name pattern (RegExp)[22m [90m┬╗[39m asy-football-pi\fantasy78[2K[1G[2K[1G[36m?[39m [1mInput test name pattern (RegExp)[22m [90m┬╗[39m asy-football-pi\fantasy-78[2K[1G[2K[1G[36m?[39m [1mInput test name pattern (RegExp)[22m [90m┬╗[39m asy-football-pi\fantasy-f78[2K[1G[2K[1G[36m?[39m [1mInput test name pattern (RegExp)[22m [90m┬╗[39m asy-football-pi\fantasy-fo78[2K[1G[2K[1G[36m?[39m [1mInput test name pattern (RegExp)[22m [90m┬╗[39m asy-football-pi\fantasy-foo78[2K[1G[2K[1G[36m?[39m [1mInput test name pattern (RegExp)[22m [90m┬╗[39m asy-football-pi\fantasy-foot78[2K[1G[2K[1G[36m?[39m [1mInput test name pattern (RegExp)[22m [90m┬╗[39m asy-football-pi\fantasy-footb78[2K[1G[2K[1G[36m?[39m [1mInput test name pattern (RegExp)[22m [90m┬╗[39m asy-football-pi\fantasy-footba78[2K[1G[2K[1G[36m?[39m [1mInput test name pattern (RegExp)[22m [90m┬╗[39m asy-football-pi\fantasy-footbal78[2K[1G[2K[1G[36m?[39m [1mInput test name pattern (RegExp)[22m [90m┬╗[39m asy-football-pi\fantasy-football78[2K[1G[2K[1G[36m?[39m [1mInput test name pattern (RegExp)[22m [90m┬╗[39m asy-football-pi\fantasy-football-78[2K[1G[2K[1G[36m?[39m [1mInput test name pattern (RegExp)[22m [90m┬╗[39m asy-football-pi\fantasy-football-p78[2K[1G[2K[1G[36m?[39m [1mInput test name pattern (RegExp)[22m [90m┬╗[39m asy-football-pi\fantasy-football-pi78[2K[1G[2K[1G[36m?[39m [1mInput test name pattern (RegExp)[22m [90m┬╗[39m asy-football-pi\fantasy-football-pi\78[2K[1G[2K[1G[36m?[39m [1mInput test name pattern (RegExp)[22m [90m┬╗[39m asy-football-pi\fantasy-football-pi\f78[2K[1G[2K[1G[36m?[39m [1mInput test name pattern (RegExp)[22m [90m┬╗[39m asy-football-pi\fantasy-football-pi\fr78[2K[1G[2K[1G[36m?[39m [1mInput test name pattern (RegExp)[22m [90m┬╗[39m asy-football-pi\fantasy-football-pi\fro78[2K[1G[2K[1G[36m?[39m [1mInput test name pattern (RegExp)[22m [90m┬╗[39m asy-football-pi\fantasy-football-pi\fron78[2K[1G[2K[1G[36m?[39m [1mInput test name pattern (RegExp)[22m [90m┬╗[39m asy-football-pi\fantasy-football-pi\front78[2K[1G[2K[1G[36m?[39m [1mInput test name pattern (RegExp)[22m [90m┬╗[39m asy-football-pi\fantasy-football-pi\fronte78[2K[1G[2K[1G[36m?[39m [1mInput test name pattern (RegExp)[22m [90m┬╗[39m asy-football-pi\fantasy-football-pi\fronten78[2K[1G[2K[1G[36m?[39m [1mInput test name pattern (RegExp)[22m [90m┬╗[39m asy-football-pi\fantasy-football-pi\frontend78[2K[1G[2K[1G[36m?[39m [1mInput test name pattern (RegExp)[22m [90m┬╗[39m asy-football-pi\fantasy-football-pi\frontend\78[2K[1G[2K[1G[36m?[39m [1mInput test name pattern (RegExp)[22m [90m┬╗[39m asy-football-pi\fantasy-football-pi\frontend\s78[2K[1G[2K[1G[36m?[39m [1mInput test name pattern (RegExp)[22m [90m┬╗[39m asy-football-pi\fantasy-football-pi\frontend\sr78[2K[1G[2K[1G[36m?[39m [1mInput test name pattern (RegExp)[22m [90m┬╗[39m asy-football-pi\fantasy-football-pi\frontend\src78[2K[1G[2K[1G[36m?[39m [1mInput test name pattern (RegExp)[22m [90m┬╗[39m asy-football-pi\fantasy-football-pi\frontend\src\78[2K[1G[2K[1G[36m?[39m [1mInput test name pattern (RegExp)[22m [90m┬╗[39m asy-football-pi\fantasy-football-pi\frontend\src\p78[2K[1G[2K[1G[36m?[39m [1mInput test name pattern (RegExp)[22m [90m┬╗[39m asy-football-pi\fantasy-football-pi\frontend\src\pa78[2K[1G[2K[1G[36m?[39m [1mInput test name pattern (RegExp)[22m [90m┬╗[39m asy-football-pi\fantasy-football-pi\frontend\src\pag78[2K[1G[2K[1G[36m?[39m [1mInput test name pattern (RegExp)[22m [90m┬╗[39m asy-football-pi\fantasy-football-pi\frontend\src\page78[2K[1G[2K[1G[36m?[39m [1mInput test name pattern (RegExp)[22m [90m┬╗[39m asy-football-pi\fantasy-football-pi\frontend\src\pages78[2K[1G[2K[1G[36m?[39m [1mInput test name pattern (RegExp)[22m [90m┬╗[39m asy-football-pi\fantasy-football-pi\frontend\src\pages\78[2K[1G[2K[1G[36m?[39m [1mInput test name pattern (RegExp)[22m [90m┬╗[39m asy-football-pi\fantasy-football-pi\frontend\src\pages\a78[2K[1G[2K[1G[36m?[39m [1mInput test name pattern (RegExp)[22m [90m┬╗[39m asy-football-pi\fantasy-football-pi\frontend\src\pages\ad78[2K[1G[2K[1G[36m?[39m [1mInput test name pattern (RegExp)[22m [90m┬╗[39m asy-football-pi\fantasy-football-pi\frontend\src\pages\adm78[2K[1G[2K[1G[36m?[39m [1mInput test name pattern (RegExp)[22m [90m┬╗[39m asy-football-pi\fantasy-football-pi\frontend\src\pages\admi78[2K[1G[2K[1G[36m?[39m [1mInput test name pattern (RegExp)[22m [90m┬╗[39m asy-football-pi\fantasy-football-pi\frontend\src\pages\admin78[2K[1G[2K[1G[36m?[39m [1mInput test name pattern (RegExp)[22m [90m┬╗[39m asy-football-pi\fantasy-football-pi\frontend\src\pages\admin"78[2K[1G[2K[1G[36m?[39m [1mInput test name pattern (RegExp)[22m [90m┬╗[39m asy-football-pi\fantasy-football-pi\frontend\src\pages\admin" 78[2K[1G[2K[1G[36m?[39m [1mInput test name pattern (RegExp)[22m [90m┬╗[39m asy-football-pi\fantasy-football-pi\frontend\src\pages\admin" ;78[2K[1G[2K[1G[36m?[39m [1mInput test name pattern (RegExp)[22m [90m┬╗[39m asy-football-pi\fantasy-football-pi\frontend\src\pages\admin" ; 78[2K[1G[2K[1G[36m?[39m [1mInput test name pattern (RegExp)[22m [90m┬╗[39m asy-football-pi\fantasy-football-pi\frontend\src\pages\admin" ; d78[2K[1G[2K[1G[36m?[39m [1mInput test name pattern (RegExp)[22m [90m┬╗[39m asy-football-pi\fantasy-football-pi\frontend\src\pages\admin" ; de78[2K[1G[2K[1G[36m?[39m [1mInput test name pattern (RegExp)[22m [90m┬╗[39m asy-football-pi\fantasy-football-pi\frontend\src\pages\admin" ; del78[2K[1G[2K[1G[36m?[39m [1mInput test name pattern (RegExp)[22m [90m┬╗[39m asy-football-pi\fantasy-football-pi\frontend\src\pages\admin" ; del 78[2K[1G[2K[1G[36m?[39m [1mInput test name pattern (RegExp)[22m [90m┬╗[39m asy-football-pi\fantasy-football-pi\frontend\src\pages\admin" ; del m78[2K[1G[2K[1G[36m?[39m [1mInput test name pattern (RegExp)[22m [90m┬╗[39m asy-football-pi\fantasy-football-pi\frontend\src\pages\admin" ; del ma78[2K[1G[2K[1G[36m?[39m [1mInput test name pattern (RegExp)[22m [90m┬╗[39m asy-football-pi\fantasy-football-pi\frontend\src\pages\admin" ; del man78[2K[1G[2K[1G[36m?[39m [1mInput test name pattern (RegExp)[22m [90m┬╗[39m asy-football-pi\fantasy-football-pi\frontend\src\pages\admin" ; del mana78[2K[1G[2K[1G[36m?[39m [1mInput test name pattern (RegExp)[22m [90m┬╗[39m asy-football-pi\fantasy-football-pi\frontend\src\pages\admin" ; del manag78[2K[1G[2K[1G[36m?[39m [1mInput test name pattern (RegExp)[22m [90m┬╗[39m asy-football-pi\fantasy-football-pi\frontend\src\pages\admin" ; del manage78[2K[1G[2K[1G[36m?[39m [1mInput test name pattern (RegExp)[22m [90m┬╗[39m asy-football-pi\fantasy-football-pi\frontend\src\pages\admin" ; del manage-78[2K[1G[2K[1G[36m?[39m [1mInput test name pattern (RegExp)[22m [90m┬╗[39m asy-football-pi\fantasy-football-pi\frontend\src\pages\admin" ; del manage-c78[2K[1G[2K[1G[36m?[39m [1mInput test name pattern (RegExp)[22m [90m┬╗[39m asy-football-pi\fantasy-football-pi\frontend\src\pages\admin" ; del manage-co78[2K[1G[2K[1G[36m?[39m [1mInput test name pattern (RegExp)[22m [90m┬╗[39m asy-football-pi\fantasy-football-pi\frontend\src\pages\admin" ; del manage-com78[2K[1G[2K[1G[36m?[39m [1mInput test name pattern (RegExp)[22m [90m┬╗[39m asy-football-pi\fantasy-football-pi\frontend\src\pages\admin" ; del manage-comm78[2K[1G[2K[1G[36m?[39m [1mInput test name pattern (RegExp)[22m [90m┬╗[39m asy-football-pi\fantasy-football-pi\frontend\src\pages\admin" ; del manage-commi78[2K[1G[2K[1G[36m?[39m [1mInput test name pattern (RegExp)[22m [90m┬╗[39m asy-football-pi\fantasy-football-pi\frontend\src\pages\admin" ; del manage-commis78[2K[1G[2K[1G[36m?[39m [1mInput test name pattern (RegExp)[22m [90m┬╗[39m asy-football-pi\fantasy-football-pi\frontend\src\pages\admin" ; del manage-commiss78[2K[1G[2K[1G[36m?[39m [1mInput test name pattern (RegExp)[22m [90m┬╗[39m asy-football-pi\fantasy-football-pi\frontend\src\pages\admin" ; del manage-commissi78[2K[1G[2K[1G[36m?[39m [1mInput test name pattern (RegExp)[22m [90m┬╗[39m asy-football-pi\fantasy-football-pi\frontend\src\pages\admin" ; del manage-commissio78[2K[1G[2K[1G[36m?[39m [1mInput test name pattern (RegExp)[22m [90m┬╗[39m asy-football-pi\fantasy-football-pi\frontend\src\pages\admin" ; del manage-commission78[2K[1G[2K[1G[36m?[39m [1mInput test name pattern (RegExp)[22m [90m┬╗[39m asy-football-pi\fantasy-football-pi\frontend\src\pages\admin" ; del manage-commissione78[2K[1G[2K[1G[36m?[39m [1mInput test name pattern (RegExp)[22m [90m┬╗[39m asy-football-pi\fantasy-football-pi\frontend\src\pages\admin" ; del manage-commissioner78[2K[1G[2K[1G[36m?[39m [1mInput test name pattern (RegExp)[22m [90m┬╗[39m asy-football-pi\fantasy-football-pi\frontend\src\pages\admin" ; del manage-commissioners78[2K[1G[2K[1G[36m?[39m [1mInput test name pattern (RegExp)[22m [90m┬╗[39m asy-football-pi\fantasy-football-pi\frontend\src\pages\admin" ; del manage-commissioners.78[2K[1G[2K[1G[36m?[39m [1mInput test name pattern (RegExp)[22m [90m┬╗[39m asy-football-pi\fantasy-football-pi\frontend\src\pages\admin" ; del manage-commissioners.j78[2K[1G[2K[1G[36m?[39m [1mInput test name pattern (RegExp)[22m [90m┬╗[39m asy-football-pi\fantasy-football-pi\frontend\src\pages\admin" ; del manage-commissioners.js78[2K[1G[2K[1G[36m?[39m [1mInput test name pattern (RegExp)[22m [90m┬╗[39m asy-football-pi\fantasy-football-pi\frontend\src\pages\admin" ; del manage-commissioners.jsx78[3Jc
[7m[1m[34m RERUN [39m[22m[27m

[3Jc
[7m[1m[34m RERUN [39m[22m[27m

[2K[1G[2K[1G[32mΓêÜ[39m [1mInput test name pattern (RegExp)[22m [90m...[39m asy-football-pi\fantasy-football-pi\frontend\src\pages\admin" ; del manage-commissioners.jsx78
[?25h[3Jc
[7m[1m[34m RERUN [39m[22m[27m[2m change pattern[22m
        [2mTest name pattern: [22m[34m/asy-football-pi\fantasy-football-pi\frontend\src\pages\admin" ; del manage-commissioners.jsx/[39m


[2m Test Files [22m [2mno tests[22m
[2m      Tests [22m [2mno tests[22m
[2m   Start at [22m 20:04:48
[2m   Duration [22m 0ms


[1m[7m[32m PASS [39m[27m[22m[32m Waiting for file changes...[39m
       [2mpress [22m[1mh[22m[2m to show help[22m[2m, [22m[2mpress [22m[1mq[22m[2m to quit[22m

[2m Test Files [22m [2mno tests[22m
[2m      Tests [22m [2mno tests[22m
[2m   Start at [22m 20:04:48
[2m   Duration [22m 0ms


[1m[7m[32m PASS [39m[27m[22m[32m Waiting for file changes...[39m
       [2mpress [22m[1mh[22m[2m to show help[22m[2m, [22m[2mpress [22m[1mq[22m[2m to quit[22m
 [2m[90mΓåô[39m[22m tests/MyTeam.test.jsx [2m ([22m[2m10 tests[22m [2m|[22m [33m10 skipped[39m[2m)[22m
 [2m[90mΓåô[39m[22m tests/Sidebar.test.jsx [2m ([22m[2m9 tests[22m [2m|[22m [33m9 skipped[39m[2m)[22m
 [2m[90mΓåô[39m[22m tests/ManageOwners.test.jsx [2m ([22m[2m3 tests[22m [2m|[22m [33m3 skipped[39m[2m)[22m
 [2m[90mΓåô[39m[22m tests/ManageCommissioners.test.jsx [2m ([22m[2m3 tests[22m [2m|[22m [33m3 skipped[39m[2m)[22m
 [2m[90mΓåô[39m[22m tests/Matchups.test.jsx [2m ([22m[2m9 tests[22m [2m|[22m [33m9 skipped[39m[2m)[22m
 [2m[90mΓåô[39m[22m tests/Home.test.jsx [2m ([22m[2m10 tests[22m [2m|[22m [33m10 skipped[39m[2m)[22m
 [2m[90mΓåô[39m[22m tests/Layout.test.jsx [2m ([22m[2m6 tests[22m [2m|[22m [33m6 skipped[39m[2m)[22m
 [2m[90mΓåô[39m[22m tests/App.test.jsx [2m ([22m[2m3 tests[22m [2m|[22m [33m3 skipped[39m[2m)[22m
 [2m[90mΓåô[39m[22m tests/CommissionerDashboard.test.jsx [2m ([22m[2m4 tests[22m [2m|[22m [33m4 skipped[39m[2m)[22m
 [2m[90mΓåô[39m[22m tests/GameCenter.test.jsx [2m ([22m[2m9 tests[22m [2m|[22m [33m9 skipped[39m[2m)[22m
 [2m[90mΓåô[39m[22m tests/LeagueSelector.test.jsx [2m ([22m[2m2 tests[22m [2m|[22m [33m2 skipped[39m[2m)[22m
 [2m[90mΓåô[39m[22m tests/ManageScoringRules.test.jsx [2m ([22m[2m2 tests[22m [2m|[22m [33m2 skipped[39m[2m)[22m
 [2m[90mΓåô[39m[22m tests/LeagueAdvisor.test.jsx [2m ([22m[2m1 test[22m [2m|[22m [33m1 skipped[39m[2m)[22m
 [2m[90mΓåô[39m[22m tests/ManageCommissioners.test.jsx [2m ([22m[2m3 tests[22m [2m|[22m [33m3 skipped[39m[2m)[22m
 [2m[90mΓåô[39m[22m tests/PageSmokes.test.jsx [2m ([22m[2m16 tests[22m [2m|[22m [33m16 skipped[39m[2m)[22m

[2m Test Files [22m [33m14 skipped[39m[90m (14)[39m
[2m      Tests [22m [33m87 skipped[39m[90m (87)[39m
[2m   Start at [22m 20:04:48
[2m   Duration [22m 14.81s


[1m[7m[32m PASS [39m[27m[22m[32m Waiting for file changes...[39m
       [2mpress [22m[1mh[22m[2m to show help[22m[2m, [22m[2mpress [22m[1mq[22m[2m to quit[22m
 [2m[90mΓåô[39m[22m tests/Sidebar.test.jsx [2m ([22m[2m9 tests[22m [2m|[22m [33m9 skipped[39m[2m)[22m
 [2m[90mΓåô[39m[22m tests/MyTeam.test.jsx [2m ([22m[2m10 tests[22m [2m|[22m [33m10 skipped[39m[2m)[22m
 [2m[90mΓåô[39m[22m tests/ManageOwners.test.jsx [2m ([22m[2m3 tests[22m [2m|[22m [33m3 skipped[39m[2m)[22m
 [2m[90mΓåô[39m[22m tests/Matchups.test.jsx [2m ([22m[2m9 tests[22m [2m|[22m [33m9 skipped[39m[2m)[22m
 [2m[90mΓåô[39m[22m tests/Home.test.jsx [2m ([22m[2m10 tests[22m [2m|[22m [33m10 skipped[39m[2m)[22m

[1m  Watch Usage[22m
[2m  press [22m[0m[1ma[22m, [1mreturn[22m[0m[2m to rerun all tests[22m
[2m  press [22m[0m[1mr[22m[0m[2m to rerun current pattern tests[22m
[2m  press [22m[0m[1mf[22m[0m[2m to rerun only failed tests[22m
[2m  press [22m[0m[1mu[22m[0m[2m to update snapshot[22m
[2m  press [22m[0m[1mp[22m[0m[2m to filter by a filename[22m
[2m  press [22m[0m[1mt[22m[0m[2m to filter by a test name regex pattern[22m
[2m  press [22m[0m[1mq[22m[0m[2m to quit[22m
[2K[1G[36m?[39m [1mInput test name pattern (RegExp)[22m [90m┬╗[39m 78[2K[1G[2K[1G[36m?[39m [1mInput test name pattern (RegExp)[22m [90m┬╗[39m a78[2K[1G[2K[1G[36m?[39m [1mInput test name pattern (RegExp)[22m [90m┬╗[39m as78[2K[1G[2K[1G[36m?[39m [1mInput test name pattern (RegExp)[22m [90m┬╗[39m asy78[2K[1G[2K[1G[36m?[39m [1mInput test name pattern (RegExp)[22m [90m┬╗[39m asy-78[2K[1G[2K[1G[36m?[39m [1mInput test name pattern (RegExp)[22m [90m┬╗[39m asy-f78[2K[1G[2K[1G[36m?[39m [1mInput test name pattern (RegExp)[22m [90m┬╗[39m asy-fo78[2K[1G[2K[1G[36m?[39m [1mInput test name pattern (RegExp)[22m [90m┬╗[39m asy-foo78[2K[1G[2K[1G[36m?[39m [1mInput test name pattern (RegExp)[22m [90m┬╗[39m asy-foot78[2K[1G[2K[1G[36m?[39m [1mInput test name pattern (RegExp)[22m [90m┬╗[39m asy-footb78[2K[1G[2K[1G[36m?[39m [1mInput test name pattern (RegExp)[22m [90m┬╗[39m asy-footba78[2K[1G[2K[1G[36m?[39m [1mInput test name pattern (RegExp)[22m [90m┬╗[39m asy-footbal78[2K[1G[2K[1G[36m?[39m [1mInput test name pattern (RegExp)[22m [90m┬╗[39m asy-football78[2K[1G[2K[1G[36m?[39m [1mInput test name pattern (RegExp)[22m [90m┬╗[39m asy-football-78[2K[1G[2K[1G[36m?[39m [1mInput test name pattern (RegExp)[22m [90m┬╗[39m asy-football-p78[2K[1G[2K[1G[36m?[39m [1mInput test name pattern (RegExp)[22m [90m┬╗[39m asy-football-pi78[2K[1G[2K[1G[36m?[39m [1mInput test name pattern (RegExp)[22m [90m┬╗[39m asy-football-pi\78[2K[1G[2K[1G[36m?[39m [1mInput test name pattern (RegExp)[22m [90m┬╗[39m asy-football-pi\f78[2K[1G[2K[1G[36m?[39m [1mInput test name pattern (RegExp)[22m [90m┬╗[39m asy-football-pi\fa78[2K[1G[2K[1G[36m?[39m [1mInput test name pattern (RegExp)[22m [90m┬╗[39m asy-football-pi\fan78[2K[1G[2K[1G[36m?[39m [1mInput test name pattern (RegExp)[22m [90m┬╗[39m asy-football-pi\fant78[2K[1G[2K[1G[36m?[39m [1mInput test name pattern (RegExp)[22m [90m┬╗[39m asy-football-pi\fanta78[2K[1G[2K[1G[36m?[39m [1mInput test name pattern (RegExp)[22m [90m┬╗[39m asy-football-pi\fantas78[2K[1G[2K[1G[36m?[39m [1mInput test name pattern (RegExp)[22m [90m┬╗[39m asy-football-pi\fantasy78[2K[1G[2K[1G[36m?[39m [1mInput test name pattern (RegExp)[22m [90m┬╗[39m asy-football-pi\fantasy-78[2K[1G[2K[1G[36m?[39m [1mInput test name pattern (RegExp)[22m [90m┬╗[39m asy-football-pi\fantasy-f78[2K[1G[2K[1G[36m?[39m [1mInput test name pattern (RegExp)[22m [90m┬╗[39m asy-football-pi\fantasy-fo78[2K[1G[2K[1G[36m?[39m [1mInput test name pattern (RegExp)[22m [90m┬╗[39m asy-football-pi\fantasy-foo78[2K[1G[2K[1G[36m?[39m [1mInput test name pattern (RegExp)[22m [90m┬╗[39m asy-football-pi\fantasy-foot78[2K[1G[2K[1G[36m?[39m [1mInput test name pattern (RegExp)[22m [90m┬╗[39m asy-football-pi\fantasy-footb78[2K[1G[2K[1G[36m?[39m [1mInput test name pattern (RegExp)[22m [90m┬╗[39m asy-football-pi\fantasy-footba78[2K[1G[2K[1G[36m?[39m [1mInput test name pattern (RegExp)[22m [90m┬╗[39m asy-football-pi\fantasy-footbal78[2K[1G[2K[1G[36m?[39m [1mInput test name pattern (RegExp)[22m [90m┬╗[39m asy-football-pi\fantasy-football78[2K[1G[2K[1G[36m?[39m [1mInput test name pattern (RegExp)[22m [90m┬╗[39m asy-football-pi\fantasy-football-78[2K[1G[2K[1G[36m?[39m [1mInput test name pattern (RegExp)[22m [90m┬╗[39m asy-football-pi\fantasy-football-p78[2K[1G[2K[1G[36m?[39m [1mInput test name pattern (RegExp)[22m [90m┬╗[39m asy-football-pi\fantasy-football-pi78[2K[1G[2K[1G[36m?[39m [1mInput test name pattern (RegExp)[22m [90m┬╗[39m asy-football-pi\fantasy-football-pi\78[2K[1G[2K[1G[36m?[39m [1mInput test name pattern (RegExp)[22m [90m┬╗[39m asy-football-pi\fantasy-football-pi\f78[2K[1G[2K[1G[36m?[39m [1mInput test name pattern (RegExp)[22m [90m┬╗[39m asy-football-pi\fantasy-football-pi\fr78[2K[1G[2K[1G[36m?[39m [1mInput test name pattern (RegExp)[22m [90m┬╗[39m asy-football-pi\fantasy-football-pi\fro78[2K[1G[2K[1G[36m?[39m [1mInput test name pattern (RegExp)[22m [90m┬╗[39m asy-football-pi\fantasy-football-pi\fron78[2K[1G[2K[1G[36m?[39m [1mInput test name pattern (RegExp)[22m [90m┬╗[39m asy-football-pi\fantasy-football-pi\front78[2K[1G[2K[1G[36m?[39m [1mInput test name pattern (RegExp)[22m [90m┬╗[39m asy-football-pi\fantasy-football-pi\fronte78[2K[1G[2K[1G[36m?[39m [1mInput test name pattern (RegExp)[22m [90m┬╗[39m asy-football-pi\fantasy-football-pi\fronten78[2K[1G[2K[1G[36m?[39m [1mInput test name pattern (RegExp)[22m [90m┬╗[39m asy-football-pi\fantasy-football-pi\frontend78[2K[1G[2K[1G[36m?[39m [1mInput test name pattern (RegExp)[22m [90m┬╗[39m asy-football-pi\fantasy-football-pi\frontend\78[2K[1G[2K[1G[36m?[39m [1mInput test name pattern (RegExp)[22m [90m┬╗[39m asy-football-pi\fantasy-football-pi\frontend\s78[2K[1G[2K[1G[36m?[39m [1mInput test name pattern (RegExp)[22m [90m┬╗[39m asy-football-pi\fantasy-football-pi\frontend\sr78[2K[1G[2K[1G[36m?[39m [1mInput test name pattern (RegExp)[22m [90m┬╗[39m asy-football-pi\fantasy-football-pi\frontend\src78[2K[1G[2K[1G[36m?[39m [1mInput test name pattern (RegExp)[22m [90m┬╗[39m asy-football-pi\fantasy-football-pi\frontend\src\78[2K[1G[2K[1G[36m?[39m [1mInput test name pattern (RegExp)[22m [90m┬╗[39m asy-football-pi\fantasy-football-pi\frontend\src\p78[2K[1G[2K[1G[36m?[39m [1mInput test name pattern (RegExp)[22m [90m┬╗[39m asy-football-pi\fantasy-football-pi\frontend\src\pa78[2K[1G[2K[1G[36m?[39m [1mInput test name pattern (RegExp)[22m [90m┬╗[39m asy-football-pi\fantasy-football-pi\frontend\src\pag78[2K[1G[2K[1G[36m?[39m [1mInput test name pattern (RegExp)[22m [90m┬╗[39m asy-football-pi\fantasy-football-pi\frontend\src\page78[2K[1G[2K[1G[36m?[39m [1mInput test name pattern (RegExp)[22m [90m┬╗[39m asy-football-pi\fantasy-football-pi\frontend\src\pages78[2K[1G[2K[1G[36m?[39m [1mInput test name pattern (RegExp)[22m [90m┬╗[39m asy-football-pi\fantasy-football-pi\frontend\src\pages\78[2K[1G[2K[1G[36m?[39m [1mInput test name pattern (RegExp)[22m [90m┬╗[39m asy-football-pi\fantasy-football-pi\frontend\src\pages\a78[2K[1G[2K[1G[36m?[39m [1mInput test name pattern (RegExp)[22m [90m┬╗[39m asy-football-pi\fantasy-football-pi\frontend\src\pages\ad78[2K[1G[2K[1G[36m?[39m [1mInput test name pattern (RegExp)[22m [90m┬╗[39m asy-football-pi\fantasy-football-pi\frontend\src\pages\adm78[2K[1G[2K[1G[36m?[39m [1mInput test name pattern (RegExp)[22m [90m┬╗[39m asy-football-pi\fantasy-football-pi\frontend\src\pages\admi78[2K[1G[2K[1G[36m?[39m [1mInput test name pattern (RegExp)[22m [90m┬╗[39m asy-football-pi\fantasy-football-pi\frontend\src\pages\admin78[2K[1G[2K[1G[36m?[39m [1mInput test name pattern (RegExp)[22m [90m┬╗[39m asy-football-pi\fantasy-football-pi\frontend\src\pages\admin"78[2K[1G[2K[1G[36m?[39m [1mInput test name pattern (RegExp)[22m [90m┬╗[39m asy-football-pi\fantasy-football-pi\frontend\src\pages\admin" 78[2K[1G[2K[1G[36m?[39m [1mInput test name pattern (RegExp)[22m [90m┬╗[39m asy-football-pi\fantasy-football-pi\frontend\src\pages\admin" ;78[2K[1G[2K[1G[36m?[39m [1mInput test name pattern (RegExp)[22m [90m┬╗[39m asy-football-pi\fantasy-football-pi\frontend\src\pages\admin" ; 78[2K[1G[2K[1G[36m?[39m [1mInput test name pattern (RegExp)[22m [90m┬╗[39m asy-football-pi\fantasy-football-pi\frontend\src\pages\admin" ; d78[2K[1G[2K[1G[36m?[39m [1mInput test name pattern (RegExp)[22m [90m┬╗[39m asy-football-pi\fantasy-football-pi\frontend\src\pages\admin" ; di78[2K[1G[2K[1G[36m?[39m [1mInput test name pattern (RegExp)[22m [90m┬╗[39m asy-football-pi\fantasy-football-pi\frontend\src\pages\admin" ; dir78[3Jc
[7m[1m[34m RERUN [39m[22m[27m

[3Jc
[7m[1m[34m RERUN [39m[22m[27m

[2K[1G[2K[1G[32mΓêÜ[39m [1mInput test name pattern (RegExp)[22m [90m...[39m asy-football-pi\fantasy-football-pi\frontend\src\pages\admin" ; dir78
[?25h[3Jc
[7m[1m[34m RERUN [39m[22m[27m[2m change pattern[22m
        [2mTest name pattern: [22m[34m/asy-football-pi\fantasy-football-pi\frontend\src\pages\admin" ; dir/[39m


[2m Test Files [22m [2mno tests[22m
[2m      Tests [22m [2mno tests[22m
[2m   Start at [22m 20:05:06
[2m   Duration [22m 0ms


[1m[7m[32m PASS [39m[27m[22m[32m Waiting for file changes...[39m
       [2mpress [22m[1mh[22m[2m to show help[22m[2m, [22m[2mpress [22m[1mq[22m[2m to quit[22m

[2m Test Files [22m [2mno tests[22m
[2m      Tests [22m [2mno tests[22m
[2m   Start at [22m 20:05:06
[2m   Duration [22m 0ms


[1m[7m[32m PASS [39m[27m[22m[32m Waiting for file changes...[39m
       [2mpress [22m[1mh[22m[2m to show help[22m[2m, [22m[2mpress [22m[1mq[22m[2m to quit[22m
 [2m[90mΓåô[39m[22m tests/Layout.test.jsx [2m ([22m[2m6 tests[22m [2m|[22m [33m6 skipped[39m[2m)[22m
 [2m[90mΓåô[39m[22m tests/CommissionerDashboard.test.jsx [2m ([22m[2m4 tests[22m [2m|[22m [33m4 skipped[39m[2m)[22m
 [2m[90mΓåô[39m[22m tests/App.test.jsx [2m ([22m[2m3 tests[22m [2m|[22m [33m3 skipped[39m[2m)[22m
 [2m[90mΓåô[39m[22m tests/LeagueSelector.test.jsx [2m ([22m[2m2 tests[22m [2m|[22m [33m2 skipped[39m[2m)[22m
 [2m[90mΓåô[39m[22m tests/GameCenter.test.jsx [2m ([22m[2m9 tests[22m [2m|[22m [33m9 skipped[39m[2m)[22m
 [2m[90mΓåô[39m[22m tests/ManageScoringRules.test.jsx [2m ([22m[2m2 tests[22m [2m|[22m [33m2 skipped[39m[2m)[22m
 [2m[90mΓåô[39m[22m tests/LeagueAdvisor.test.jsx [2m ([22m[2m1 test[22m [2m|[22m [33m1 skipped[39m[2m)[22m
 [2m[90mΓåô[39m[22m tests/PageSmokes.test.jsx [2m ([22m[2m16 tests[22m [2m|[22m [33m16 skipped[39m[2m)[22m

[2m Test Files [22m [33m8 skipped[39m[90m (8)[39m
[2m      Tests [22m [33m43 skipped[39m[90m (43)[39m
[2m   Start at [22m 20:05:06
[2m   Duration [22m 7.66s


[1m[7m[32m PASS [39m[27m[22m[32m Waiting for file changes...[39m
       [2mpress [22m[1mh[22m[2m to show help[22m[2m, [22m[2mpress [22m[1mq[22m[2m to quit[22m
 [2m[90mΓåô[39m[22m tests/MyTeam.test.jsx [2m ([22m[2m10 tests[22m [2m|[22m [33m10 skipped[39m[2m)[22m
 [2m[90mΓåô[39m[22m tests/Sidebar.test.jsx [2m ([22m[2m9 tests[22m [2m|[22m [33m9 skipped[39m[2m)[22m
 [2m[90mΓåô[39m[22m tests/ManageOwners.test.jsx [2m ([22m[2m3 tests[22m [2m|[22m [33m3 skipped[39m[2m)[22m
 [2m[90mΓåô[39m[22m tests/ManageCommissioners.test.jsx [2m ([22m[2m3 tests[22m [2m|[22m [33m3 skipped[39m[2m)[22m
 [2m[90mΓåô[39m[22m tests/Matchups.test.jsx [2m ([22m[2m9 tests[22m [2m|[22m [33m9 skipped[39m[2m)[22m
 [2m[90mΓåô[39m[22m tests/Home.test.jsx [2m ([22m[2m10 tests[22m [2m|[22m [33m10 skipped[39m[2m)[22m
 [2m[90mΓåô[39m[22m tests/Layout.test.jsx [2m ([22m[2m6 tests[22m [2m|[22m [33m6 skipped[39m[2m)[22m
 [2m[90mΓåô[39m[22m tests/CommissionerDashboard.test.jsx [2m ([22m[2m4 tests[22m [2m|[22m [33m4 skipped[39m[2m)[22m
 [2m[90mΓåô[39m[22m tests/App.test.jsx [2m ([22m[2m3 tests[22m [2m|[22m [33m3 skipped[39m[2m)[22m
 [2m[90mΓåô[39m[22m tests/GameCenter.test.jsx [2m ([22m[2m9 tests[22m [2m|[22m [33m9 skipped[39m[2m)[22m
 [2m[90mΓåô[39m[22m tests/LeagueSelector.test.jsx [2m ([22m[2m2 tests[22m [2m|[22m [33m2 skipped[39m[2m)[22m
 [2m[90mΓåô[39m[22m tests/ManageScoringRules.test.jsx [2m ([22m[2m2 tests[22m [2m|[22m [33m2 skipped[39m[2m)[22m
 [2m[90mΓåô[39m[22m tests/LeagueAdvisor.test.jsx [2m ([22m[2m1 test[22m [2m|[22m [33m1 skipped[39m[2m)[22m
 [2m[90mΓåô[39m[22m tests/PageSmokes.test.jsx [2m ([22m[2m16 tests[22m [2m|[22m [33m16 skipped[39m[2m)[22m

[2m Test Files [22m [33m14 skipped[39m[90m (14)[39m
[2m      Tests [22m [33m87 skipped[39m[90m (87)[39m
[2m   Start at [22m 20:05:06
[2m   Duration [22m 14.08s


[1m[7m[32m PASS [39m[27m[22m[32m Waiting for file changes...[39m
       [2mpress [22m[1mh[22m[2m to show help[22m[2m, [22m[2mpress [22m[1mq[22m[2m to quit[22m
 [2m[90mΓåô[39m[22m tests/MyTeam.test.jsx [2m ([22m[2m10 tests[22m [2m|[22m [33m10 skipped[39m[2m)[22m
 [2m[90mΓåô[39m[22m tests/Sidebar.test.jsx [2m ([22m[2m9 tests[22m [2m|[22m [33m9 skipped[39m[2m)[22m
 [2m[90mΓåô[39m[22m tests/ManageOwners.test.jsx [2m ([22m[2m3 tests[22m [2m|[22m [33m3 skipped[39m[2m)[22m
 [2m[90mΓåô[39m[22m tests/ManageCommissioners.test.jsx [2m ([22m[2m3 tests[22m [2m|[22m [33m3 skipped[39m[2m)[22m
 [2m[90mΓåô[39m[22m tests/Matchups.test.jsx [2m ([22m[2m9 tests[22m [2m|[22m [33m9 skipped[39m[2m)[22m
 [2m[90mΓåô[39m[22m tests/Home.test.jsx [2m ([22m[2m10 tests[22m [2m|[22m [33m10 skipped[39m[2m)[22m
 [2m[90mΓåô[39m[22m tests/Layout.test.jsx [2m ([22m[2m6 tests[22m [2m|[22m [33m6 skipped[39m[2m)[22m
 [2m[90mΓåô[39m[22m tests/App.test.jsx [2m ([22m[2m3 tests[22m [2m|[22m [33m3 skipped[39m[2m)[22m
 [2m[90mΓåô[39m[22m tests/CommissionerDashboard.test.jsx [2m ([22m[2m4 tests[22m [2m|[22m [33m4 skipped[39m[2m)[22m
 [2m[90mΓåô[39m[22m tests/GameCenter.test.jsx [2m ([22m[2m9 tests[22m [2m|[22m [33m9 skipped[39m[2m)[22m
 [2m[90mΓåô[39m[22m tests/LeagueSelector.test.jsx [2m ([22m[2m2 tests[22m [2m|[22m [33m2 skipped[39m[2m)[22m

[1m  Watch Usage[22m
[2m  press [22m[0m[1ma[22m, [1mreturn[22m[0m[2m to rerun all tests[22m
[2m  press [22m[0m[1mr[22m[0m[2m to rerun current pattern tests[22m
[2m  press [22m[0m[1mf[22m[0m[2m to rerun only failed tests[22m
[2m  press [22m[0m[1mu[22m[0m[2m to update snapshot[22m
[2m  press [22m[0m[1mp[22m[0m[2m to filter by a filename[22m
[2m  press [22m[0m[1mt[22m[0m[2m to filter by a test name regex pattern[22m
[2m  press [22m[0m[1mq[22m[0m[2m to quit[22m
[2K[1G[36m?[39m [1mInput test name pattern (RegExp)[22m [90m┬╗[39m 78[2K[1G[2K[1G[36m?[39m [1mInput test name pattern (RegExp)[22m [90m┬╗[39m a78[2K[1G[2K[1G[36m?[39m [1mInput test name pattern (RegExp)[22m [90m┬╗[39m as78[2K[1G[2K[1G[36m?[39m [1mInput test name pattern (RegExp)[22m [90m┬╗[39m asy78[2K[1G[2K[1G[36m?[39m [1mInput test name pattern (RegExp)[22m [90m┬╗[39m asy-78[2K[1G[2K[1G[36m?[39m [1mInput test name pattern (RegExp)[22m [90m┬╗[39m asy-f78[2K[1G[2K[1G[36m?[39m [1mInput test name pattern (RegExp)[22m [90m┬╗[39m asy-fo78[2K[1G[2K[1G[36m?[39m [1mInput test name pattern (RegExp)[22m [90m┬╗[39m asy-foo78[2K[1G[2K[1G[36m?[39m [1mInput test name pattern (RegExp)[22m [90m┬╗[39m asy-foot78[2K[1G[2K[1G[36m?[39m [1mInput test name pattern (RegExp)[22m [90m┬╗[39m asy-footb78[2K[1G[2K[1G[36m?[39m [1mInput test name pattern (RegExp)[22m [90m┬╗[39m asy-footba78[2K[1G[2K[1G[36m?[39m [1mInput test name pattern (RegExp)[22m [90m┬╗[39m asy-footbal78[2K[1G[2K[1G[36m?[39m [1mInput test name pattern (RegExp)[22m [90m┬╗[39m asy-football78[2K[1G[2K[1G[36m?[39m [1mInput test name pattern (RegExp)[22m [90m┬╗[39m asy-football-78[2K[1G[2K[1G[36m?[39m [1mInput test name pattern (RegExp)[22m [90m┬╗[39m asy-football-p78[2K[1G[2K[1G[36m?[39m [1mInput test name pattern (RegExp)[22m [90m┬╗[39m asy-football-pi78[2K[1G[2K[1G[36m?[39m [1mInput test name pattern (RegExp)[22m [90m┬╗[39m asy-football-pi\78[2K[1G[2K[1G[36m?[39m [1mInput test name pattern (RegExp)[22m [90m┬╗[39m asy-football-pi\f78[2K[1G[2K[1G[36m?[39m [1mInput test name pattern (RegExp)[22m [90m┬╗[39m asy-football-pi\fa78[2K[1G[2K[1G[36m?[39m [1mInput test name pattern (RegExp)[22m [90m┬╗[39m asy-football-pi\fan78[2K[1G[2K[1G[36m?[39m [1mInput test name pattern (RegExp)[22m [90m┬╗[39m asy-football-pi\fant78[2K[1G[2K[1G[36m?[39m [1mInput test name pattern (RegExp)[22m [90m┬╗[39m asy-football-pi\fanta78[2K[1G[2K[1G[36m?[39m [1mInput test name pattern (RegExp)[22m [90m┬╗[39m asy-football-pi\fantas78[2K[1G[2K[1G[36m?[39m [1mInput test name pattern (RegExp)[22m [90m┬╗[39m asy-football-pi\fantasy78[2K[1G[2K[1G[36m?[39m [1mInput test name pattern (RegExp)[22m [90m┬╗[39m asy-football-pi\fantasy-78[2K[1G[2K[1G[36m?[39m [1mInput test name pattern (RegExp)[22m [90m┬╗[39m asy-football-pi\fantasy-f78[2K[1G[2K[1G[36m?[39m [1mInput test name pattern (RegExp)[22m [90m┬╗[39m asy-football-pi\fantasy-fo78[2K[1G[2K[1G[36m?[39m [1mInput test name pattern (RegExp)[22m [90m┬╗[39m asy-football-pi\fantasy-foo78[2K[1G[2K[1G[36m?[39m [1mInput test name pattern (RegExp)[22m [90m┬╗[39m asy-football-pi\fantasy-foot78[2K[1G[2K[1G[36m?[39m [1mInput test name pattern (RegExp)[22m [90m┬╗[39m asy-football-pi\fantasy-footb78[2K[1G[2K[1G[36m?[39m [1mInput test name pattern (RegExp)[22m [90m┬╗[39m asy-football-pi\fantasy-footba78[2K[1G[2K[1G[36m?[39m [1mInput test name pattern (RegExp)[22m [90m┬╗[39m asy-football-pi\fantasy-footbal78[2K[1G[2K[1G[36m?[39m [1mInput test name pattern (RegExp)[22m [90m┬╗[39m asy-football-pi\fantasy-football78[2K[1G[2K[1G[36m?[39m [1mInput test name pattern (RegExp)[22m [90m┬╗[39m asy-football-pi\fantasy-football-78[2K[1G[2K[1G[36m?[39m [1mInput test name pattern (RegExp)[22m [90m┬╗[39m asy-football-pi\fantasy-football-p78[2K[1G[2K[1G[36m?[39m [1mInput test name pattern (RegExp)[22m [90m┬╗[39m asy-football-pi\fantasy-football-pi78[2K[1G[2K[1G[36m?[39m [1mInput test name pattern (RegExp)[22m [90m┬╗[39m asy-football-pi\fantasy-football-pi\78[2K[1G[2K[1G[36m?[39m [1mInput test name pattern (RegExp)[22m [90m┬╗[39m asy-football-pi\fantasy-football-pi\f78[2K[1G[2K[1G[36m?[39m [1mInput test name pattern (RegExp)[22m [90m┬╗[39m asy-football-pi\fantasy-football-pi\fr78[2K[1G[2K[1G[36m?[39m [1mInput test name pattern (RegExp)[22m [90m┬╗[39m asy-football-pi\fantasy-football-pi\fro78[2K[1G[2K[1G[36m?[39m [1mInput test name pattern (RegExp)[22m [90m┬╗[39m asy-football-pi\fantasy-football-pi\fron78[2K[1G[2K[1G[36m?[39m [1mInput test name pattern (RegExp)[22m [90m┬╗[39m asy-football-pi\fantasy-football-pi\front78[2K[1G[2K[1G[36m?[39m [1mInput test name pattern (RegExp)[22m [90m┬╗[39m asy-football-pi\fantasy-football-pi\fronte78[2K[1G[2K[1G[36m?[39m [1mInput test name pattern (RegExp)[22m [90m┬╗[39m asy-football-pi\fantasy-football-pi\fronten78[2K[1G[2K[1G[36m?[39m [1mInput test name pattern (RegExp)[22m [90m┬╗[39m asy-football-pi\fantasy-football-pi\frontend78[2K[1G[2K[1G[36m?[39m [1mInput test name pattern (RegExp)[22m [90m┬╗[39m asy-football-pi\fantasy-football-pi\frontend\78[2K[1G[2K[1G[36m?[39m [1mInput test name pattern (RegExp)[22m [90m┬╗[39m asy-football-pi\fantasy-football-pi\frontend\s78[2K[1G[2K[1G[36m?[39m [1mInput test name pattern (RegExp)[22m [90m┬╗[39m asy-football-pi\fantasy-football-pi\frontend\sr78[2K[1G[2K[1G[36m?[39m [1mInput test name pattern (RegExp)[22m [90m┬╗[39m asy-football-pi\fantasy-football-pi\frontend\src78[2K[1G[2K[1G[36m?[39m [1mInput test name pattern (RegExp)[22m [90m┬╗[39m asy-football-pi\fantasy-football-pi\frontend\src\78[2K[1G[2K[1G[36m?[39m [1mInput test name pattern (RegExp)[22m [90m┬╗[39m asy-football-pi\fantasy-football-pi\frontend\src\p78[2K[1G[2K[1G[36m?[39m [1mInput test name pattern (RegExp)[22m [90m┬╗[39m asy-football-pi\fantasy-football-pi\frontend\src\pa78[2K[1G[2K[1G[36m?[39m [1mInput test name pattern (RegExp)[22m [90m┬╗[39m asy-football-pi\fantasy-football-pi\frontend\src\pag78[2K[1G[2K[1G[36m?[39m [1mInput test name pattern (RegExp)[22m [90m┬╗[39m asy-football-pi\fantasy-football-pi\frontend\src\page78[2K[1G[2K[1G[36m?[39m [1mInput test name pattern (RegExp)[22m [90m┬╗[39m asy-football-pi\fantasy-football-pi\frontend\src\pages78[2K[1G[2K[1G[36m?[39m [1mInput test name pattern (RegExp)[22m [90m┬╗[39m asy-football-pi\fantasy-football-pi\frontend\src\pages\78[2K[1G[2K[1G[36m?[39m [1mInput test name pattern (RegExp)[22m [90m┬╗[39m asy-football-pi\fantasy-football-pi\frontend\src\pages\a78[2K[1G[2K[1G[36m?[39m [1mInput test name pattern (RegExp)[22m [90m┬╗[39m asy-football-pi\fantasy-football-pi\frontend\src\pages\ad78[2K[1G[2K[1G[36m?[39m [1mInput test name pattern (RegExp)[22m [90m┬╗[39m asy-football-pi\fantasy-football-pi\frontend\src\pages\adm78[2K[1G[2K[1G[36m?[39m [1mInput test name pattern (RegExp)[22m [90m┬╗[39m asy-football-pi\fantasy-football-pi\frontend\src\pages\admi78[2K[1G[2K[1G[36m?[39m [1mInput test name pattern (RegExp)[22m [90m┬╗[39m asy-football-pi\fantasy-football-pi\frontend\src\pages\admin78[2K[1G[2K[1G[36m?[39m [1mInput test name pattern (RegExp)[22m [90m┬╗[39m asy-football-pi\fantasy-football-pi\frontend\src\pages\admin"78[2K[1G[2K[1G[36m?[39m [1mInput test name pattern (RegExp)[22m [90m┬╗[39m asy-football-pi\fantasy-football-pi\frontend\src\pages\admin" 78[2K[1G[2K[1G[36m?[39m [1mInput test name pattern (RegExp)[22m [90m┬╗[39m asy-football-pi\fantasy-football-pi\frontend\src\pages\admin" ;78[2K[1G[2K[1G[36m?[39m [1mInput test name pattern (RegExp)[22m [90m┬╗[39m asy-football-pi\fantasy-football-pi\frontend\src\pages\admin" ; 78[2K[1G[2K[1G[36m?[39m [1mInput test name pattern (RegExp)[22m [90m┬╗[39m asy-football-pi\fantasy-football-pi\frontend\src\pages\admin" ; d78[2K[1G[2K[1G[36m?[39m [1mInput test name pattern (RegExp)[22m [90m┬╗[39m asy-football-pi\fantasy-football-pi\frontend\src\pages\admin" ; di78[2K[1G[2K[1G[36m?[39m [1mInput test name pattern (RegExp)[22m [90m┬╗[39m asy-football-pi\fantasy-football-pi\frontend\src\pages\admin" ; dir78[3Jc
[7m[1m[34m RERUN [39m[22m[27m

[3Jc
[7m[1m[34m RERUN [39m[22m[27m

[2K[1G[2K[1G[32mΓêÜ[39m [1mInput test name pattern (RegExp)[22m [90m...[39m asy-football-pi\fantasy-football-pi\frontend\src\pages\admin" ; dir78
[?25h[3Jc
[7m[1m[34m RERUN [39m[22m[27m[2m change pattern[22m
        [2mTest name pattern: [22m[34m/asy-football-pi\fantasy-football-pi\frontend\src\pages\admin" ; dir/[39m


[2m Test Files [22m [2mno tests[22m
[2m      Tests [22m [2mno tests[22m
[2m   Start at [22m 20:05:31
[2m   Duration [22m 0ms


[1m[7m[32m PASS [39m[27m[22m[32m Waiting for file changes...[39m
       [2mpress [22m[1mh[22m[2m to show help[22m[2m, [22m[2mpress [22m[1mq[22m[2m to quit[22m

[2m Test Files [22m [2mno tests[22m
[2m      Tests [22m [2mno tests[22m
[2m   Start at [22m 20:05:31
[2m   Duration [22m 0ms


[1m[7m[32m PASS [39m[27m[22m[32m Waiting for file changes...[39m
       [2mpress [22m[1mh[22m[2m to show help[22m[2m, [22m[2mpress [22m[1mq[22m[2m to quit[22m
 [2m[90mΓåô[39m[22m tests/ManageScoringRules.test.jsx [2m ([22m[2m2 tests[22m [2m|[22m [33m2 skipped[39m[2m)[22m
 [2m[90mΓåô[39m[22m tests/LeagueAdvisor.test.jsx [2m ([22m[2m1 test[22m [2m|[22m [33m1 skipped[39m[2m)[22m
 [2m[90mΓåô[39m[22m tests/PageSmokes.test.jsx [2m ([22m[2m16 tests[22m [2m|[22m [33m16 skipped[39m[2m)[22m

[2m Test Files [22m [33m3 skipped[39m[90m (3)[39m
[2m      Tests [22m [33m19 skipped[39m[90m (19)[39m
[2m   Start at [22m 20:05:31
[2m   Duration [22m 3.69s


[1m[7m[32m PASS [39m[27m[22m[32m Waiting for file changes...[39m
       [2mpress [22m[1mh[22m[2m to show help[22m[2m, [22m[2mpress [22m[1mq[22m[2m to quit[22m
 [2m[90mΓåô[39m[22m tests/ManageCommissioners.test.jsx [2m ([22m[2m3 tests[22m [2m|[22m [33m3 skipped[39m[2m)[22m
 [2m[90mΓåô[39m[22m tests/Sidebar.test.jsx [2m ([22m[2m9 tests[22m [2m|[22m [33m9 skipped[39m[2m)[22m
 [2m[90mΓåô[39m[22m tests/ManageOwners.test.jsx [2m ([22m[2m3 tests[22m [2m|[22m [33m3 skipped[39m[2m)[22m
 [2m[90mΓåô[39m[22m tests/MyTeam.test.jsx [2m ([22m[2m10 tests[22m [2m|[22m [33m10 skipped[39m[2m)[22m
 [2m[90mΓåô[39m[22m tests/Matchups.test.jsx [2m ([22m[2m9 tests[22m [2m|[22m [33m9 skipped[39m[2m)[22m
 [2m[90mΓåô[39m[22m tests/Home.test.jsx [2m ([22m[2m10 tests[22m [2m|[22m [33m10 skipped[39m[2m)[22m
 [2m[90mΓåô[39m[22m tests/Layout.test.jsx [2m ([22m[2m6 tests[22m [2m|[22m [33m6 skipped[39m[2m)[22m
 [2m[90mΓåô[39m[22m tests/App.test.jsx [2m ([22m[2m3 tests[22m [2m|[22m [33m3 skipped[39m[2m)[22m
 [2m[90mΓåô[39m[22m tests/CommissionerDashboard.test.jsx [2m ([22m[2m4 tests[22m [2m|[22m [33m4 skipped[39m[2m)[22m
 [2m[90mΓåô[39m[22m tests/LeagueSelector.test.jsx [2m ([22m[2m2 tests[22m [2m|[22m [33m2 skipped[39m[2m)[22m
 [2m[90mΓåô[39m[22m tests/GameCenter.test.jsx [2m ([22m[2m9 tests[22m [2m|[22m [33m9 skipped[39m[2m)[22m
 [2m[90mΓåô[39m[22m tests/ManageScoringRules.test.jsx [2m ([22m[2m2 tests[22m [2m|[22m [33m2 skipped[39m[2m)[22m
 [2m[90mΓåô[39m[22m tests/LeagueAdvisor.test.jsx [2m ([22m[2m1 test[22m [2m|[22m [33m1 skipped[39m[2m)[22m
 [2m[90mΓåô[39m[22m tests/MyTeam.test.jsx [2m ([22m[2m10 tests[22m [2m|[22m [33m10 skipped[39m[2m)[22m
 [2m[90mΓåô[39m[22m tests/PageSmokes.test.jsx [2m ([22m[2m16 tests[22m [2m|[22m [33m16 skipped[39m[2m)[22m

[2m Test Files [22m [33m14 skipped[39m[90m (14)[39m
[2m      Tests [22m [33m87 skipped[39m[90m (87)[39m
[2m   Start at [22m 20:05:31
[2m   Duration [22m 14.96s


[1m[7m[32m PASS [39m[27m[22m[32m Waiting for file changes...[39m
       [2mpress [22m[1mh[22m[2m to show help[22m[2m, [22m[2mpress [22m[1mq[22m[2m to quit[22m
[3Jc
[7m[1m[34m RERUN [39m[22m[27m[2m src/setupTests.js[22m
        [2mTest name pattern: [22m[34m/asy-football-pi\fantasy-football-pi\frontend\src\pages\admin" ; dir/[39m

 [2m[90mΓåô[39m[22m tests/Sidebar.test.jsx [2m ([22m[2m9 tests[22m [2m|[22m [33m9 skipped[39m[2m)[22m
 [2m[90mΓåô[39m[22m tests/ManageOwners.test.jsx [2m ([22m[2m3 tests[22m [2m|[22m [33m3 skipped[39m[2m)[22m

[2m Test Files [22m [33m14 skipped[39m[90m (14)[39m
[2m      Tests [22m [2mno tests[22m
[2m   Start at [22m 20:05:45
[2m   Duration [22m 0ms


[1m[7m[31m CANCELLED [39m[27m[22m[31m Test run cancelled. Watching for file changes...[39m
       [2mpress [22m[1mh[22m[2m to show help[22m[2m, [22m[2mpress [22m[1mq[22m[2m to quit[22m

[2m Test Files [22m [33m14 skipped[39m[90m (14)[39m
[2m      Tests [22m [2mno tests[22m
[2m   Start at [22m 20:05:45
[2m   Duration [22m 0ms


[1m[7m[31m CANCELLED [39m[27m[22m[31m Test run cancelled. Watching for file changes...[39m
       [2mpress [22m[1mh[22m[2m to show help[22m[2m, [22m[2mpress [22m[1mq[22m[2m to quit[22m

[2m Test Files [22m [33m14 skipped[39m[90m (14)[39m
[2m      Tests [22m [2mno tests[22m
[2m   Start at [22m 20:05:45
[2m   Duration [22m 0ms


[1m[7m[32m PASS [39m[27m[22m[32m Waiting for file changes...[39m
       [2mpress [22m[1mh[22m[2m to show help[22m[2m, [22m[2mpress [22m[1mq[22m[2m to quit[22m
 [2m[90mΓåô[39m[22m tests/ManageCommissioners.test.jsx [2m ([22m[2m3 tests[22m [2m|[22m [33m3 skipped[39m[2m)[22m
 [2m[90mΓåô[39m[22m tests/Matchups.test.jsx [2m ([22m[2m9 tests[22m [2m|[22m [33m9 skipped[39m[2m)[22m
 [2m[90mΓåô[39m[22m tests/Home.test.jsx [2m ([22m[2m10 tests[22m [2m|[22m [33m10 skipped[39m[2m)[22m
 [2m[90mΓåô[39m[22m tests/Layout.test.jsx [2m ([22m[2m6 tests[22m [2m|[22m [33m6 skipped[39m[2m)[22m

[2m Test Files [22m [33m4 skipped[39m[90m (4)[39m
[2m      Tests [22m [33m28 skipped[39m[90m (28)[39m
[2m   Start at [22m 20:05:45
[2m   Duration [22m 3.68s


[1m[7m[32m PASS [39m[27m[22m[32m Waiting for file changes...[39m
       [2mpress [22m[1mh[22m[2m to show help[22m[2m, [22m[2mpress [22m[1mq[22m[2m to quit[22m
 [2m[90mΓåô[39m[22m tests/MyTeam.test.jsx [2m ([22m[2m10 tests[22m [2m|[22m [33m10 skipped[39m[2m)[22m
 [2m[90mΓåô[39m[22m tests/Sidebar.test.jsx [2m ([22m[2m9 tests[22m [2m|[22m [33m9 skipped[39m[2m)[22m
 [2m[90mΓåô[39m[22m tests/ManageOwners.test.jsx [2m ([22m[2m3 tests[22m [2m|[22m [33m3 skipped[39m[2m)[22m
 [2m[90mΓåô[39m[22m tests/ManageCommissioners.test.jsx [2m ([22m[2m3 tests[22m [2m|[22m [33m3 skipped[39m[2m)[22m
 [2m[90mΓåô[39m[22m tests/Matchups.test.jsx [2m ([22m[2m9 tests[22m [2m|[22m [33m9 skipped[39m[2m)[22m
 [2m[90mΓåô[39m[22m tests/Home.test.jsx [2m ([22m[2m10 tests[22m [2m|[22m [33m10 skipped[39m[2m)[22m
 [2m[90mΓåô[39m[22m tests/Layout.test.jsx [2m ([22m[2m6 tests[22m [2m|[22m [33m6 skipped[39m[2m)[22m
 [2m[90mΓåô[39m[22m tests/CommissionerDashboard.test.jsx [2m ([22m[2m4 tests[22m [2m|[22m [33m4 skipped[39m[2m)[22m
 [2m[90mΓåô[39m[22m tests/GameCenter.test.jsx [2m ([22m[2m9 tests[22m [2m|[22m [33m9 skipped[39m[2m)[22m
 [2m[90mΓåô[39m[22m tests/App.test.jsx [2m ([22m[2m3 tests[22m [2m|[22m [33m3 skipped[39m[2m)[22m
 [2m[90mΓåô[39m[22m tests/ManageScoringRules.test.jsx [2m ([22m[2m2 tests[22m [2m|[22m [33m2 skipped[39m[2m)[22m
 [2m[90mΓåô[39m[22m tests/LeagueSelector.test.jsx [2m ([22m[2m2 tests[22m [2m|[22m [33m2 skipped[39m[2m)[22m
 [2m[90mΓåô[39m[22m tests/LeagueAdvisor.test.jsx [2m ([22m[2m1 test[22m [2m|[22m [33m1 skipped[39m[2m)[22m
 [2m[90mΓåô[39m[22m tests/PageSmokes.test.jsx [2m ([22m[2m16 tests[22m [2m|[22m [33m16 skipped[39m[2m)[22m

[2m Test Files [22m [33m14 skipped[39m[90m (14)[39m
[2m      Tests [22m [33m87 skipped[39m[90m (87)[39m
[2m   Start at [22m 20:05:45
[2m   Duration [22m 13.71s


[1m[7m[32m PASS [39m[27m[22m[32m Waiting for file changes...[39m
       [2mpress [22m[1mh[22m[2m to show help[22m[2m, [22m[2mpress [22m[1mq[22m[2m to quit[22m

[1m  Watch Usage[22m
[2m  press [22m[0m[1ma[22m, [1mreturn[22m[0m[2m to rerun all tests[22m
[2m  press [22m[0m[1mr[22m[0m[2m to rerun current pattern tests[22m
[2m  press [22m[0m[1mf[22m[0m[2m to rerun only failed tests[22m
[2m  press [22m[0m[1mu[22m[0m[2m to update snapshot[22m
[2m  press [22m[0m[1mp[22m[0m[2m to filter by a filename[22m
[2m  press [22m[0m[1mt[22m[0m[2m to filter by a test name regex pattern[22m
[2m  press [22m[0m[1mq[22m[0m[2m to quit[22m
[2K[1G[36m?[39m [1mInput test name pattern (RegExp)[22m [90m┬╗[39m 78[2K[1G[2K[1G[36m?[39m [1mInput test name pattern (RegExp)[22m [90m┬╗[39m a78[2K[1G[2K[1G[36m?[39m [1mInput test name pattern (RegExp)[22m [90m┬╗[39m as78[2K[1G[2K[1G[36m?[39m [1mInput test name pattern (RegExp)[22m [90m┬╗[39m asy78[2K[1G[2K[1G[36m?[39m [1mInput test name pattern (RegExp)[22m [90m┬╗[39m asy-78[2K[1G[2K[1G[36m?[39m [1mInput test name pattern (RegExp)[22m [90m┬╗[39m asy-f78[2K[1G[2K[1G[36m?[39m [1mInput test name pattern (RegExp)[22m [90m┬╗[39m asy-fo78[2K[1G[2K[1G[36m?[39m [1mInput test name pattern (RegExp)[22m [90m┬╗[39m asy-foo78[2K[1G[2K[1G[36m?[39m [1mInput test name pattern (RegExp)[22m [90m┬╗[39m asy-foot78[2K[1G[2K[1G[36m?[39m [1mInput test name pattern (RegExp)[22m [90m┬╗[39m asy-footb78[2K[1G[2K[1G[36m?[39m [1mInput test name pattern (RegExp)[22m [90m┬╗[39m asy-footba78[2K[1G[2K[1G[36m?[39m [1mInput test name pattern (RegExp)[22m [90m┬╗[39m asy-footbal78[2K[1G[2K[1G[36m?[39m [1mInput test name pattern (RegExp)[22m [90m┬╗[39m asy-football78[2K[1G[2K[1G[36m?[39m [1mInput test name pattern (RegExp)[22m [90m┬╗[39m asy-football-78[2K[1G[2K[1G[36m?[39m [1mInput test name pattern (RegExp)[22m [90m┬╗[39m asy-football-p78[2K[1G[2K[1G[36m?[39m [1mInput test name pattern (RegExp)[22m [90m┬╗[39m asy-football-pi78[2K[1G[2K[1G[36m?[39m [1mInput test name pattern (RegExp)[22m [90m┬╗[39m asy-football-pi\78[2K[1G[2K[1G[36m?[39m [1mInput test name pattern (RegExp)[22m [90m┬╗[39m asy-football-pi\f78[2K[1G[2K[1G[36m?[39m [1mInput test name pattern (RegExp)[22m [90m┬╗[39m asy-football-pi\fa78[2K[1G[2K[1G[36m?[39m [1mInput test name pattern (RegExp)[22m [90m┬╗[39m asy-football-pi\fan78[2K[1G[2K[1G[36m?[39m [1mInput test name pattern (RegExp)[22m [90m┬╗[39m asy-football-pi\fant78[2K[1G[2K[1G[36m?[39m [1mInput test name pattern (RegExp)[22m [90m┬╗[39m asy-football-pi\fanta78[2K[1G[2K[1G[36m?[39m [1mInput test name pattern (RegExp)[22m [90m┬╗[39m asy-football-pi\fantas78[2K[1G[2K[1G[36m?[39m [1mInput test name pattern (RegExp)[22m [90m┬╗[39m asy-football-pi\fantasy78[2K[1G[2K[1G[36m?[39m [1mInput test name pattern (RegExp)[22m [90m┬╗[39m asy-football-pi\fantasy-78[2K[1G[2K[1G[36m?[39m [1mInput test name pattern (RegExp)[22m [90m┬╗[39m asy-football-pi\fantasy-f78[2K[1G[2K[1G[36m?[39m [1mInput test name pattern (RegExp)[22m [90m┬╗[39m asy-football-pi\fantasy-fo78[2K[1G[2K[1G[36m?[39m [1mInput test name pattern (RegExp)[22m [90m┬╗[39m asy-football-pi\fantasy-foo78[2K[1G[2K[1G[36m?[39m [1mInput test name pattern (RegExp)[22m [90m┬╗[39m asy-football-pi\fantasy-foot78[2K[1G[2K[1G[36m?[39m [1mInput test name pattern (RegExp)[22m [90m┬╗[39m asy-football-pi\fantasy-footb78[2K[1G[2K[1G[36m?[39m [1mInput test name pattern (RegExp)[22m [90m┬╗[39m asy-football-pi\fantasy-footba78[2K[1G[2K[1G[36m?[39m [1mInput test name pattern (RegExp)[22m [90m┬╗[39m asy-football-pi\fantasy-footbal78[2K[1G[2K[1G[36m?[39m [1mInput test name pattern (RegExp)[22m [90m┬╗[39m asy-football-pi\fantasy-football78[2K[1G[2K[1G[36m?[39m [1mInput test name pattern (RegExp)[22m [90m┬╗[39m asy-football-pi\fantasy-football-78[2K[1G[2K[1G[36m?[39m [1mInput test name pattern (RegExp)[22m [90m┬╗[39m asy-football-pi\fantasy-football-p78[2K[1G[2K[1G[36m?[39m [1mInput test name pattern (RegExp)[22m [90m┬╗[39m asy-football-pi\fantasy-football-pi78[2K[1G[2K[1G[36m?[39m [1mInput test name pattern (RegExp)[22m [90m┬╗[39m asy-football-pi\fantasy-football-pi\78[2K[1G[2K[1G[36m?[39m [1mInput test name pattern (RegExp)[22m [90m┬╗[39m asy-football-pi\fantasy-football-pi\f78[2K[1G[2K[1G[36m?[39m [1mInput test name pattern (RegExp)[22m [90m┬╗[39m asy-football-pi\fantasy-football-pi\fr78[2K[1G[2K[1G[36m?[39m [1mInput test name pattern (RegExp)[22m [90m┬╗[39m asy-football-pi\fantasy-football-pi\fro78[2K[1G[2K[1G[36m?[39m [1mInput test name pattern (RegExp)[22m [90m┬╗[39m asy-football-pi\fantasy-football-pi\fron78[2K[1G[2K[1G[36m?[39m [1mInput test name pattern (RegExp)[22m [90m┬╗[39m asy-football-pi\fantasy-football-pi\front78[2K[1G[2K[1G[36m?[39m [1mInput test name pattern (RegExp)[22m [90m┬╗[39m asy-football-pi\fantasy-football-pi\fronte78[2K[1G[2K[1G[36m?[39m [1mInput test name pattern (RegExp)[22m [90m┬╗[39m asy-football-pi\fantasy-football-pi\fronten78[2K[1G[2K[1G[36m?[39m [1mInput test name pattern (RegExp)[22m [90m┬╗[39m asy-football-pi\fantasy-football-pi\frontend78[2K[1G[2K[1G[36m?[39m [1mInput test name pattern (RegExp)[22m [90m┬╗[39m asy-football-pi\fantasy-football-pi\frontend\78[2K[1G[2K[1G[36m?[39m [1mInput test name pattern (RegExp)[22m [90m┬╗[39m asy-football-pi\fantasy-football-pi\frontend\s78[2K[1G[2K[1G[36m?[39m [1mInput test name pattern (RegExp)[22m [90m┬╗[39m asy-football-pi\fantasy-football-pi\frontend\sr78[2K[1G[2K[1G[36m?[39m [1mInput test name pattern (RegExp)[22m [90m┬╗[39m asy-football-pi\fantasy-football-pi\frontend\src78[2K[1G[2K[1G[36m?[39m [1mInput test name pattern (RegExp)[22m [90m┬╗[39m asy-football-pi\fantasy-football-pi\frontend\src\78[2K[1G[2K[1G[36m?[39m [1mInput test name pattern (RegExp)[22m [90m┬╗[39m asy-football-pi\fantasy-football-pi\frontend\src\p78[2K[1G[2K[1G[36m?[39m [1mInput test name pattern (RegExp)[22m [90m┬╗[39m asy-football-pi\fantasy-football-pi\frontend\src\pa78[2K[1G[2K[1G[36m?[39m [1mInput test name pattern (RegExp)[22m [90m┬╗[39m asy-football-pi\fantasy-football-pi\frontend\src\pag78[2K[1G[2K[1G[36m?[39m [1mInput test name pattern (RegExp)[22m [90m┬╗[39m asy-football-pi\fantasy-football-pi\frontend\src\page78[2K[1G[2K[1G[36m?[39m [1mInput test name pattern (RegExp)[22m [90m┬╗[39m asy-football-pi\fantasy-football-pi\frontend\src\pages78[2K[1G[2K[1G[36m?[39m [1mInput test name pattern (RegExp)[22m [90m┬╗[39m asy-football-pi\fantasy-football-pi\frontend\src\pages\78[2K[1G[2K[1G[36m?[39m [1mInput test name pattern (RegExp)[22m [90m┬╗[39m asy-football-pi\fantasy-football-pi\frontend\src\pages\a78[2K[1G[2K[1G[36m?[39m [1mInput test name pattern (RegExp)[22m [90m┬╗[39m asy-football-pi\fantasy-football-pi\frontend\src\pages\ad78[2K[1G[2K[1G[36m?[39m [1mInput test name pattern (RegExp)[22m [90m┬╗[39m asy-football-pi\fantasy-football-pi\frontend\src\pages\adm78[2K[1G[2K[1G[36m?[39m [1mInput test name pattern (RegExp)[22m [90m┬╗[39m asy-football-pi\fantasy-football-pi\frontend\src\pages\admi78[2K[1G[2K[1G[36m?[39m [1mInput test name pattern (RegExp)[22m [90m┬╗[39m asy-football-pi\fantasy-football-pi\frontend\src\pages\admin78[2K[1G[2K[1G[36m?[39m [1mInput test name pattern (RegExp)[22m [90m┬╗[39m asy-football-pi\fantasy-football-pi\frontend\src\pages\admin"78[3Jc
[7m[1m[34m RERUN [39m[22m[27m

[3Jc
[7m[1m[34m RERUN [39m[22m[27m

[3Jc
[7m[1m[34m RERUN [39m[22m[27m

[2K[1G[2K[1G[32mΓêÜ[39m [1mInput test name pattern (RegExp)[22m [90m...[39m asy-football-pi\fantasy-football-pi\frontend\src\pages\admin"78
[?25h[3Jc
[7m[1m[34m RERUN [39m[22m[27m[2m change pattern[22m
        [2mTest name pattern: [22m[34m/asy-football-pi\fantasy-football-pi\frontend\src\pages\admin"/[39m


[2m Test Files [22m [2mno tests[22m
[2m      Tests [22m [2mno tests[22m
[2m   Start at [22m 20:06:52
[2m   Duration [22m 0ms


[1m[7m[32m PASS [39m[27m[22m[32m Waiting for file changes...[39m
       [2mpress [22m[1mh[22m[2m to show help[22m[2m, [22m[2mpress [22m[1mq[22m[2m to quit[22m

[2m Test Files [22m [2mno tests[22m
[2m      Tests [22m [2mno tests[22m
[2m   Start at [22m 20:06:52
[2m   Duration [22m 0ms


[1m[7m[32m PASS [39m[27m[22m[32m Waiting for file changes...[39m
       [2mpress [22m[1mh[22m[2m to show help[22m[2m, [22m[2mpress [22m[1mq[22m[2m to quit[22m
 [2m[90mΓåô[39m[22m tests/Layout.test.jsx [2m ([22m[2m6 tests[22m [2m|[22m [33m6 skipped[39m[2m)[22m
 [2m[90mΓåô[39m[22m tests/ManageCommissioners.test.jsx [2m ([22m[2m3 tests[22m [2m|[22m [33m3 skipped[39m[2m)[22m
 [2m[90mΓåô[39m[22m tests/Matchups.test.jsx [2m ([22m[2m9 tests[22m [2m|[22m [33m9 skipped[39m[2m)[22m
 [2m[90mΓåô[39m[22m tests/Home.test.jsx [2m ([22m[2m10 tests[22m [2m|[22m [33m10 skipped[39m[2m)[22m
 [2m[90mΓåô[39m[22m tests/MyTeam.test.jsx [2m ([22m[2m10 tests[22m [2m|[22m [33m10 skipped[39m[2m)[22m
 [2m[90mΓåô[39m[22m tests/CommissionerDashboard.test.jsx [2m ([22m[2m4 tests[22m [2m|[22m [33m4 skipped[39m[2m)[22m
 [2m[90mΓåô[39m[22m tests/Sidebar.test.jsx [2m ([22m[2m9 tests[22m [2m|[22m [33m9 skipped[39m[2m)[22m
 [2m[90mΓåô[39m[22m tests/ManageOwners.test.jsx [2m ([22m[2m3 tests[22m [2m|[22m [33m3 skipped[39m[2m)[22m
 [2m[90mΓåô[39m[22m tests/GameCenter.test.jsx [2m ([22m[2m9 tests[22m [2m|[22m [33m9 skipped[39m[2m)[22m
 [2m[90mΓåô[39m[22m tests/ManageScoringRules.test.jsx [2m ([22m[2m2 tests[22m [2m|[22m [33m2 skipped[39m[2m)[22m
 [2m[90mΓåô[39m[22m tests/LeagueSelector.test.jsx [2m ([22m[2m2 tests[22m [2m|[22m [33m2 skipped[39m[2m)[22m
 [2m[90mΓåô[39m[22m tests/App.test.jsx [2m ([22m[2m3 tests[22m [2m|[22m [33m3 skipped[39m[2m)[22m
 [2m[90mΓåô[39m[22m tests/LeagueAdvisor.test.jsx [2m ([22m[2m1 test[22m [2m|[22m [33m1 skipped[39m[2m)[22m
 [2m[90mΓåô[39m[22m tests/ManageCommissioners.test.jsx [2m ([22m[2m3 tests[22m [2m|[22m [33m3 skipped[39m[2m)[22m
 [2m[90mΓåô[39m[22m tests/PageSmokes.test.jsx [2m ([22m[2m16 tests[22m [2m|[22m [33m16 skipped[39m[2m)[22m

[2m Test Files [22m [33m14 skipped[39m[90m (14)[39m
[2m      Tests [22m [33m87 skipped[39m[90m (87)[39m
[2m   Start at [22m 20:06:52
[2m   Duration [22m 13.70s


[1m[7m[32m PASS [39m[27m[22m[32m Waiting for file changes...[39m
       [2mpress [22m[1mh[22m[2m to show help[22m[2m, [22m[2mpress [22m[1mq[22m[2m to quit[22m
 [2m[90mΓåô[39m[22m tests/Matchups.test.jsx [2m ([22m[2m9 tests[22m [2m|[22m [33m9 skipped[39m[2m)[22m
 [2m[90mΓåô[39m[22m tests/Home.test.jsx [2m ([22m[2m10 tests[22m [2m|[22m [33m10 skipped[39m[2m)[22m
 [2m[90mΓåô[39m[22m tests/Layout.test.jsx [2m ([22m[2m6 tests[22m [2m|[22m [33m6 skipped[39m[2m)[22m
 [2m[90mΓåô[39m[22m tests/MyTeam.test.jsx [2m ([22m[2m10 tests[22m [2m|[22m [33m10 skipped[39m[2m)[22m
 [2m[90mΓåô[39m[22m tests/Sidebar.test.jsx [2m ([22m[2m9 tests[22m [2m|[22m [33m9 skipped[39m[2m)[22m
 [2m[90mΓåô[39m[22m tests/ManageOwners.test.jsx [2m ([22m[2m3 tests[22m [2m|[22m [33m3 skipped[39m[2m)[22m
 [2m[90mΓåô[39m[22m tests/CommissionerDashboard.test.jsx [2m ([22m[2m4 tests[22m [2m|[22m [33m4 skipped[39m[2m)[22m
 [2m[90mΓåô[39m[22m tests/GameCenter.test.jsx [2m ([22m[2m9 tests[22m [2m|[22m [33m9 skipped[39m[2m)[22m
 [2m[90mΓåô[39m[22m tests/App.test.jsx [2m ([22m[2m3 tests[22m [2m|[22m [33m3 skipped[39m[2m)[22m
 [2m[90mΓåô[39m[22m tests/ManageScoringRules.test.jsx [2m ([22m[2m2 tests[22m [2m|[22m [33m2 skipped[39m[2m)[22m
 [2m[90mΓåô[39m[22m tests/LeagueSelector.test.jsx [2m ([22m[2m2 tests[22m [2m|[22m [33m2 skipped[39m[2m)[22m
 [2m[90mΓåô[39m[22m tests/LeagueAdvisor.test.jsx [2m ([22m[2m1 test[22m [2m|[22m [33m1 skipped[39m[2m)[22m
 [2m[90mΓåô[39m[22m tests/PageSmokes.test.jsx [2m ([22m[2m16 tests[22m [2m|[22m [33m16 skipped[39m[2m)[22m

[2m Test Files [22m [33m14 skipped[39m[90m (14)[39m
[2m      Tests [22m [33m87 skipped[39m[90m (87)[39m
[2m   Start at [22m 20:06:52
[2m   Duration [22m 16.21s


[1m[7m[32m PASS [39m[27m[22m[32m Waiting for file changes...[39m
       [2mpress [22m[1mh[22m[2m to show help[22m[2m, [22m[2mpress [22m[1mq[22m[2m to quit[22m
 [2m[90mΓåô[39m[22m tests/ManageCommissioners.test.jsx [2m ([22m[2m3 tests[22m [2m|[22m [33m3 skipped[39m[2m)[22m
 [2m[90mΓåô[39m[22m tests/Matchups.test.jsx [2m ([22m[2m9 tests[22m [2m|[22m [33m9 skipped[39m[2m)[22m
 [2m[90mΓåô[39m[22m tests/Home.test.jsx [2m ([22m[2m10 tests[22m [2m|[22m [33m10 skipped[39m[2m)[22m
 [2m[90mΓåô[39m[22m tests/Layout.test.jsx [2m ([22m[2m6 tests[22m [2m|[22m [33m6 skipped[39m[2m)[22m
 [2m[90mΓåô[39m[22m tests/MyTeam.test.jsx [2m ([22m[2m10 tests[22m [2m|[22m [33m10 skipped[39m[2m)[22m
 [2m[90mΓåô[39m[22m tests/Sidebar.test.jsx [2m ([22m[2m9 tests[22m [2m|[22m [33m9 skipped[39m[2m)[22m
 [2m[90mΓåô[39m[22m tests/ManageOwners.test.jsx [2m ([22m[2m3 tests[22m [2m|[22m [33m3 skipped[39m[2m)[22m
 [2m[90mΓåô[39m[22m tests/GameCenter.test.jsx [2m ([22m[2m9 tests[22m [2m|[22m [33m9 skipped[39m[2m)[22m
 [2m[90mΓåô[39m[22m tests/CommissionerDashboard.test.jsx [2m ([22m[2m4 tests[22m [2m|[22m [33m4 skipped[39m[2m)[22m
 [2m[90mΓåô[39m[22m tests/ManageScoringRules.test.jsx [2m ([22m[2m2 tests[22m [2m|[22m [33m2 skipped[39m[2m)[22m
 [2m[90mΓåô[39m[22m tests/App.test.jsx [2m ([22m[2m3 tests[22m [2m|[22m [33m3 skipped[39m[2m)[22m
[2K[1G[36m?[39m [1mInput filename pattern[22m [90m┬╗[39m [90mm test[39m78[2K[1G[2K[1G[36m?[39m [1mInput filename pattern[22m [90m┬╗[39m o78[2K[1G[2K[1G[36m?[39m [1mInput filename pattern[22m [90m┬╗[39m ow78[2K[1G[2K[1G[36m?[39m [1mInput filename pattern[22m [90m┬╗[39m owe78[2K[1G[2K[1G[36m?[39m [1mInput filename pattern[22m [90m┬╗[39m ower78[2K[1G[2K[1G[36m?[39m [1mInput filename pattern[22m [90m┬╗[39m owers78[2K[1G[2K[1G[36m?[39m [1mInput filename pattern[22m [90m┬╗[39m owersh78[2K[1G[2K[1G[36m?[39m [1mInput filename pattern[22m [90m┬╗[39m owershe78[2K[1G[2K[1G[36m?[39m [1mInput filename pattern[22m [90m┬╗[39m owershel78[2K[1G[2K[1G[36m?[39m [1mInput filename pattern[22m [90m┬╗[39m owershell78[2K[1G[2K[1G[36m?[39m [1mInput filename pattern[22m [90m┬╗[39m owershell 78[2K[1G[2K[1G[36m?[39m [1mInput filename pattern[22m [90m┬╗[39m owershell -78[2K[1G[2K[1G[36m?[39m [1mInput filename pattern[22m [90m┬╗[39m owershell -C78[2K[1G[2K[1G[36m?[39m [1mInput filename pattern[22m [90m┬╗[39m owershell -Co78[2K[1G[2K[1G[36m?[39m [1mInput filename pattern[22m [90m┬╗[39m owershell -Com78[2K[1G[2K[1G[36m?[39m [1mInput filename pattern[22m [90m┬╗[39m owershell -Comm78[2K[1G[2K[1G[36m?[39m [1mInput filename pattern[22m [90m┬╗[39m owershell -Comma78[2K[1G[2K[1G[36m?[39m [1mInput filename pattern[22m [90m┬╗[39m owershell -Comman78[2K[1G[2K[1G[36m?[39m [1mInput filename pattern[22m [90m┬╗[39m owershell -Command78[2K[1G[2K[1G[36m?[39m [1mInput filename pattern[22m [90m┬╗[39m owershell -Command 78[2K[1G[2K[1G[36m?[39m [1mInput filename pattern[22m [90m┬╗[39m owershell -Command "78[2K[1G[2K[1G[36m?[39m [1mInput filename pattern[22m [90m┬╗[39m owershell -Command "R78[2K[1G[2K[1G[36m?[39m [1mInput filename pattern[22m [90m┬╗[39m owershell -Command "Re78[2K[1G[2K[1G[36m?[39m [1mInput filename pattern[22m [90m┬╗[39m owershell -Command "Ren78[2K[1G[2K[1G[36m?[39m [1mInput filename pattern[22m [90m┬╗[39m owershell -Command "Rena78[2K[1G[2K[1G[36m?[39m [1mInput filename pattern[22m [90m┬╗[39m owershell -Command "Renam78[2K[1G[2K[1G[36m?[39m [1mInput filename pattern[22m [90m┬╗[39m owershell -Command "Rename78[2K[1G[2K[1G[36m?[39m [1mInput filename pattern[22m [90m┬╗[39m owershell -Command "Rename-78[2K[1G[2K[1G[36m?[39m [1mInput filename pattern[22m [90m┬╗[39m owershell -Command "Rename-I78[2K[1G[2K[1G[36m?[39m [1mInput filename pattern[22m [90m┬╗[39m owershell -Command "Rename-It78[2K[1G[2K[1G[36m?[39m [1mInput filename pattern[22m [90m┬╗[39m owershell -Command "Rename-Ite78[2K[1G[2K[1G[36m?[39m [1mInput filename pattern[22m [90m┬╗[39m owershell -Command "Rename-Item78[2K[1G[2K[1G[36m?[39m [1mInput filename pattern[22m [90m┬╗[39m owershell -Command "Rename-Item 78[2K[1G[2K[1G[36m?[39m [1mInput filename pattern[22m [90m┬╗[39m owershell -Command "Rename-Item '78[2K[1G[2K[1G[36m?[39m [1mInput filename pattern[22m [90m┬╗[39m owershell -Command "Rename-Item 'c78[2K[1G[2K[1G[36m?[39m [1mInput filename pattern[22m [90m┬╗[39m owershell -Command "Rename-Item 'c:78[2K[1G[2K[1G[36m?[39m [1mInput filename pattern[22m [90m┬╗[39m owershell -Command "Rename-Item 'c:\78[2K[1G[2K[1G[36m?[39m [1mInput filename pattern[22m [90m┬╗[39m owershell -Command "Rename-Item 'c:\U78[2K[1G[2K[1G[36m?[39m [1mInput filename pattern[22m [90m┬╗[39m owershell -Command "Rename-Item 'c:\Us78[2K[1G[2K[1G[36m?[39m [1mInput filename pattern[22m [90m┬╗[39m owershell -Command "Rename-Item 'c:\Use78[2K[1G[2K[1G[36m?[39m [1mInput filename pattern[22m [90m┬╗[39m owershell -Command "Rename-Item 'c:\User78[2K[1G[2K[1G[36m?[39m [1mInput filename pattern[22m [90m┬╗[39m owershell -Command "Rename-Item 'c:\Users78[2K[1G[2K[1G[36m?[39m [1mInput filename pattern[22m [90m┬╗[39m owershell -Command "Rename-Item 'c:\Users\78[2K[1G[2K[1G[36m?[39m [1mInput filename pattern[22m [90m┬╗[39m owershell -Command "Rename-Item 'c:\Users\n78[2K[1G[2K[1G[36m?[39m [1mInput filename pattern[22m [90m┬╗[39m owershell -Command "Rename-Item 'c:\Users\ni78[2K[1G[2K[1G[36m?[39m [1mInput filename pattern[22m [90m┬╗[39m owershell -Command "Rename-Item 'c:\Users\nic78[2K[1G[2K[1G[36m?[39m [1mInput filename pattern[22m [90m┬╗[39m owershell -Command "Rename-Item 'c:\Users\nich78[2K[1G[2K[1G[36m?[39m [1mInput filename pattern[22m [90m┬╗[39m owershell -Command "Rename-Item 'c:\Users\nicho78[2K[1G[2K[1G[36m?[39m [1mInput filename pattern[22m [90m┬╗[39m owershell -Command "Rename-Item 'c:\Users\nicho\78[2K[1G[2K[1G[36m?[39m [1mInput filename pattern[22m [90m┬╗[39m owershell -Command "Rename-Item 'c:\Users\nicho\D78[2K[1G[2K[1G[36m?[39m [1mInput filename pattern[22m [90m┬╗[39m owershell -Command "Rename-Item 'c:\Users\nicho\De78[2K[1G[2K[1G[36m?[39m [1mInput filename pattern[22m [90m┬╗[39m owershell -Command "Rename-Item 'c:\Users\nicho\Dev78[2K[1G[2K[1G[36m?[39m [1mInput filename pattern[22m [90m┬╗[39m owershell -Command "Rename-Item 'c:\Users\nicho\Dev\78[2K[1G[2K[1G[36m?[39m [1mInput filename pattern[22m [90m┬╗[39m owershell -Command "Rename-Item 'c:\Users\nicho\Dev\f78[2K[1G[2K[1G[36m?[39m [1mInput filename pattern[22m [90m┬╗[39m owershell -Command "Rename-Item 'c:\Users\nicho\Dev\fa78[2K[1G[2K[1G[36m?[39m [1mInput filename pattern[22m [90m┬╗[39m owershell -Command "Rename-Item 'c:\Users\nicho\Dev\fan78[2K[1G[2K[1G[36m?[39m [1mInput filename pattern[22m [90m┬╗[39m owershell -Command "Rename-Item 'c:\Users\nicho\Dev\fant78[2K[1G[2K[1G[36m?[39m [1mInput filename pattern[22m [90m┬╗[39m owershell -Command "Rename-Item 'c:\Users\nicho\Dev\fanta78[2K[1G[2K[1G[36m?[39m [1mInput filename pattern[22m [90m┬╗[39m owershell -Command "Rename-Item 'c:\Users\nicho\Dev\fantas78[2K[1G[2K[1G[36m?[39m [1mInput filename pattern[22m [90m┬╗[39m owershell -Command "Rename-Item 'c:\Users\nicho\Dev\fantasy78[2K[1G[2K[1G[36m?[39m [1mInput filename pattern[22m [90m┬╗[39m owershell -Command "Rename-Item 'c:\Users\nicho\Dev\fantasy-78[2K[1G[2K[1G[36m?[39m [1mInput filename pattern[22m [90m┬╗[39m owershell -Command "Rename-Item 'c:\Users\nicho\Dev\fantasy-f78[2K[1G[2K[1G[36m?[39m [1mInput filename pattern[22m [90m┬╗[39m owershell -Command "Rename-Item 'c:\Users\nicho\Dev\fantasy-fo78[2K[1G[2K[1G[36m?[39m [1mInput filename pattern[22m [90m┬╗[39m owershell -Command "Rename-Item 'c:\Users\nicho\Dev\fantasy-foo78[2K[1G[2K[1G[36m?[39m [1mInput filename pattern[22m [90m┬╗[39m owershell -Command "Rename-Item 'c:\Users\nicho\Dev\fantasy-foot78[2K[1G[2K[1G[36m?[39m [1mInput filename pattern[22m [90m┬╗[39m owershell -Command "Rename-Item 'c:\Users\nicho\Dev\fantasy-footb78[2K[1G[2K[1G[36m?[39m [1mInput filename pattern[22m [90m┬╗[39m owershell -Command "Rename-Item 'c:\Users\nicho\Dev\fantasy-footba78[2K[1G[2K[1G[36m?[39m [1mInput filename pattern[22m [90m┬╗[39m owershell -Command "Rename-Item 'c:\Users\nicho\Dev\fantasy-footbal78[2K[1G[2K[1G[36m?[39m [1mInput filename pattern[22m [90m┬╗[39m owershell -Command "Rename-Item 'c:\Users\nicho\Dev\fantasy-football78[2K[1G[2K[1G[36m?[39m [1mInput filename pattern[22m [90m┬╗[39m owershell -Command "Rename-Item 'c:\Users\nicho\Dev\fantasy-football-78[2K[1G[2K[1G[36m?[39m [1mInput filename pattern[22m [90m┬╗[39m owershell -Command "Rename-Item 'c:\Users\nicho\Dev\fantasy-football-p78[2K[1G[2K[1G[36m?[39m [1mInput filename pattern[22m [90m┬╗[39m owershell -Command "Rename-Item 'c:\Users\nicho\Dev\fantasy-football-pi78[2K[1G[2K[1G[36m?[39m [1mInput filename pattern[22m [90m┬╗[39m owershell -Command "Rename-Item 'c:\Users\nicho\Dev\fantasy-football-pi\78[2K[1G[2K[1G[36m?[39m [1mInput filename pattern[22m [90m┬╗[39m owershell -Command "Rename-Item 'c:\Users\nicho\Dev\fantasy-football-pi\f78[2K[1G[2K[1G[36m?[39m [1mInput filename pattern[22m [90m┬╗[39m owershell -Command "Rename-Item 'c:\Users\nicho\Dev\fantasy-football-pi\fa78[2K[1G[2K[1G[36m?[39m [1mInput filename pattern[22m [90m┬╗[39m owershell -Command "Rename-Item 'c:\Users\nicho\Dev\fantasy-football-pi\fan78[2K[1G[2K[1G[36m?[39m [1mInput filename pattern[22m [90m┬╗[39m owershell -Command "Rename-Item 'c:\Users\nicho\Dev\fantasy-football-pi\fant78[2K[1G[2K[1G[36m?[39m [1mInput filename pattern[22m [90m┬╗[39m owershell -Command "Rename-Item 'c:\Users\nicho\Dev\fantasy-football-pi\fanta78[2K[1G[2K[1G[36m?[39m [1mInput filename pattern[22m [90m┬╗[39m owershell -Command "Rename-Item 'c:\Users\nicho\Dev\fantasy-football-pi\fantas78[2K[1G[2K[1G[36m?[39m [1mInput filename pattern[22m [90m┬╗[39m owershell -Command "Rename-Item 'c:\Users\nicho\Dev\fantasy-football-pi\fantasy78[2K[1G[2K[1G[36m?[39m [1mInput filename pattern[22m [90m┬╗[39m owershell -Command "Rename-Item 'c:\Users\nicho\Dev\fantasy-football-pi\fantasy-78[2K[1G[2K[1G[36m?[39m [1mInput filename pattern[22m [90m┬╗[39m owershell -Command "Rename-Item 'c:\Users\nicho\Dev\fantasy-football-pi\fantasy-f78[2K[1G[2K[1G[36m?[39m [1mInput filename pattern[22m [90m┬╗[39m owershell -Command "Rename-Item 'c:\Users\nicho\Dev\fantasy-football-pi\fantasy-fo78[2K[1G[2K[1G[36m?[39m [1mInput filename pattern[22m [90m┬╗[39m owershell -Command "Rename-Item 'c:\Users\nicho\Dev\fantasy-football-pi\fantasy-foo78[2K[1G[2K[1G[36m?[39m [1mInput filename pattern[22m [90m┬╗[39m owershell -Command "Rename-Item 'c:\Users\nicho\Dev\fantasy-football-pi\fantasy-foot78[2K[1G[2K[1G[36m?[39m [1mInput filename pattern[22m [90m┬╗[39m owershell -Command "Rename-Item 'c:\Users\nicho\Dev\fantasy-football-pi\fantasy-footb78[2K[1G[2K[1G[36m?[39m [1mInput filename pattern[22m [90m┬╗[39m owershell -Command "Rename-Item 'c:\Users\nicho\Dev\fantasy-football-pi\fantasy-footba78[2K[1G[2K[1G[36m?[39m [1mInput filename pattern[22m [90m┬╗[39m owershell -Command "Rename-Item 'c:\Users\nicho\Dev\fantasy-football-pi\fantasy-footbal78[2K[1G[2K[1G[36m?[39m [1mInput filename pattern[22m [90m┬╗[39m owershell -Command "Rename-Item 'c:\Users\nicho\Dev\fantasy-football-pi\fantasy-football78[2K[1G[2K[1G[36m?[39m [1mInput filename pattern[22m [90m┬╗[39m owershell -Command "Rename-Item 'c:\Users\nicho\Dev\fantasy-football-pi\fantasy-football-78[2K[1G[2K[1G[36m?[39m [1mInput filename pattern[22m [90m┬╗[39m owershell -Command "Rename-Item 'c:\Users\nicho\Dev\fantasy-football-pi\fantasy-football-p78[2K[1G[2K[1G[36m?[39m [1mInput filename pattern[22m [90m┬╗[39m owershell -Command "Rename-Item 'c:\Users\nicho\Dev\fantasy-football-pi\fantasy-football-pi78[2K[1G[2K[1G[36m?[39m [1mInput filename pattern[22m [90m┬╗[39m owershell -Command "Rename-Item 'c:\Users\nicho\Dev\fantasy-football-pi\fantasy-football-pi\78[2K[1G[2K[1G[36m?[39m [1mInput filename pattern[22m [90m┬╗[39m owershell -Command "Rename-Item 'c:\Users\nicho\Dev\fantasy-football-pi\fantasy-football-pi\f78[2K[1G[2K[1G[36m?[39m [1mInput filename pattern[22m [90m┬╗[39m owershell -Command "Rename-Item 'c:\Users\nicho\Dev\fantasy-football-pi\fantasy-football-pi\fr78[2K[1G[2K[1G[36m?[39m [1mInput filename pattern[22m [90m┬╗[39m owershell -Command "Rename-Item 'c:\Users\nicho\Dev\fantasy-football-pi\fantasy-football-pi\fro78[2K[1G[2K[1G[36m?[39m [1mInput filename pattern[22m [90m┬╗[39m owershell -Command "Rename-Item 'c:\Users\nicho\Dev\fantasy-football-pi\fantasy-football-pi\fron78[2K[1G[2K[1G[36m?[39m [1mInput filename pattern[22m [90m┬╗[39m owershell -Command "Rename-Item 'c:\Users\nicho\Dev\fantasy-football-pi\fantasy-football-pi\front78[2K[1G[2K[1G[36m?[39m [1mInput filename pattern[22m [90m┬╗[39m owershell -Command "Rename-Item 'c:\Users\nicho\Dev\fantasy-football-pi\fantasy-football-pi\fronte78[2K[1G[2K[1G[36m?[39m [1mInput filename pattern[22m [90m┬╗[39m owershell -Command "Rename-Item 'c:\Users\nicho\Dev\fantasy-football-pi\fantasy-football-pi\fronten78[2K[1G[2K[1G[36m?[39m [1mInput filename pattern[22m [90m┬╗[39m owershell -Command "Rename-Item 'c:\Users\nicho\Dev\fantasy-football-pi\fantasy-football-pi\frontend78[2K[1G[2K[1G[36m?[39m [1mInput filename pattern[22m [90m┬╗[39m owershell -Command "Rename-Item 'c:\Users\nicho\Dev\fantasy-football-pi\fantasy-football-pi\frontend\78[2K[1G[2K[1G[36m?[39m [1mInput filename pattern[22m [90m┬╗[39m owershell -Command "Rename-Item 'c:\Users\nicho\Dev\fantasy-football-pi\fantasy-football-pi\frontend\s78[2K[1G[2K[1G[36m?[39m [1mInput filename pattern[22m [90m┬╗[39m owershell -Command "Rename-Item 'c:\Users\nicho\Dev\fantasy-football-pi\fantasy-football-pi\frontend\sr78[2K[1G[2K[1G[36m?[39m [1mInput filename pattern[22m [90m┬╗[39m owershell -Command "Rename-Item 'c:\Users\nicho\Dev\fantasy-football-pi\fantasy-football-pi\frontend\src78[2K[1G[2K[1G[36m?[39m [1mInput filename pattern[22m [90m┬╗[39m owershell -Command "Rename-Item 'c:\Users\nicho\Dev\fantasy-football-pi\fantasy-football-pi\frontend\src\78[2K[1G[2K[1G[36m?[39m [1mInput filename pattern[22m [90m┬╗[39m owershell -Command "Rename-Item 'c:\Users\nicho\Dev\fantasy-football-pi\fantasy-football-pi\frontend\src\p78[2K[1G[2K[1G[36m?[39m [1mInput filename pattern[22m [90m┬╗[39m owershell -Command "Rename-Item 'c:\Users\nicho\Dev\fantasy-football-pi\fantasy-football-pi\frontend\src\pa78[2K[1G[2K[1G[36m?[39m [1mInput filename pattern[22m [90m┬╗[39m owershell -Command "Rename-Item 'c:\Users\nicho\Dev\fantasy-football-pi\fantasy-football-pi\frontend\src\pag78[2K[1G[2K[1G[36m?[39m [1mInput filename pattern[22m [90m┬╗[39m owershell -Command "Rename-Item 'c:\Users\nicho\Dev\fantasy-football-pi\fantasy-football-pi\frontend\src\page78[2K[1G[2K[1G[36m?[39m [1mInput filename pattern[22m [90m┬╗[39m owershell -Command "Rename-Item 'c:\Users\nicho\Dev\fantasy-football-pi\fantasy-football-pi\frontend\src\pages78[2K[1G[2K[1G[36m?[39m [1mInput filename pattern[22m [90m┬╗[39m owershell -Command "Rename-Item 'c:\Users\nicho\Dev\fantasy-football-pi\fantasy-football-pi\frontend\src\pages\78[2K[1G[2K[1G[36m?[39m [1mInput filename pattern[22m [90m┬╗[39m owershell -Command "Rename-Item 'c:\Users\nicho\Dev\fantasy-football-pi\fantasy-football-pi\frontend\src\pages\a78[2K[1G[2K[1G[36m?[39m [1mInput filename pattern[22m [90m┬╗[39m owershell -Command "Rename-Item 'c:\Users\nicho\Dev\fantasy-football-pi\fantasy-football-pi\frontend\src\pages\ad78[2K[1G[2K[1G[36m?[39m [1mInput filename pattern[22m [90m┬╗[39m owershell -Command "Rename-Item 'c:\Users\nicho\Dev\fantasy-football-pi\fantasy-football-pi\frontend\src\pages\adm78[2K[1G[2K[1G[36m?[39m [1mInput filename pattern[22m [90m┬╗[39m owershell -Command "Rename-Item 'c:\Users\nicho\Dev\fantasy-football-pi\fantasy-football-pi\frontend\src\pages\admi78[2K[1G[2K[1G[36m?[39m [1mInput filename pattern[22m [90m┬╗[39m owershell -Command "Rename-Item 'c:\Users\nicho\Dev\fantasy-football-pi\fantasy-football-pi\frontend\src\pages\admin78[2K[1G[2K[1G[36m?[39m [1mInput filename pattern[22m [90m┬╗[39m owershell -Command "Rename-Item 'c:\Users\nicho\Dev\fantasy-football-pi\fantasy-football-pi\frontend\src\pages\admin\78[2K[1G[2K[1G[36m?[39m [1mInput filename pattern[22m [90m┬╗[39m owershell -Command "Rename-Item 'c:\Users\nicho\Dev\fantasy-football-pi\fantasy-football-pi\frontend\src\pages\admin\m78[2K[1G[2K[1G[36m?[39m [1mInput filename pattern[22m [90m┬╗[39m owershell -Command "Rename-Item 'c:\Users\nicho\Dev\fantasy-football-pi\fantasy-football-pi\frontend\src\pages\admin\ma78[2K[1G[2K[1G[36m?[39m [1mInput filename pattern[22m [90m┬╗[39m owershell -Command "Rename-Item 'c:\Users\nicho\Dev\fantasy-football-pi\fantasy-football-pi\frontend\src\pages\admin\man78[2K[1G[2K[1G[36m?[39m [1mInput filename pattern[22m [90m┬╗[39m owershell -Command "Rename-Item 'c:\Users\nicho\Dev\fantasy-football-pi\fantasy-football-pi\frontend\src\pages\admin\mana78[2K[1G[2K[1G[36m?[39m [1mInput filename pattern[22m [90m┬╗[39m owershell -Command "Rename-Item 'c:\Users\nicho\Dev\fantasy-football-pi\fantasy-football-pi\frontend\src\pages\admin\manag78[2K[1G[2K[1G[36m?[39m [1mInput filename pattern[22m [90m┬╗[39m owershell -Command "Rename-Item 'c:\Users\nicho\Dev\fantasy-football-pi\fantasy-football-pi\frontend\src\pages\admin\manage78[2K[1G[2K[1G[36m?[39m [1mInput filename pattern[22m [90m┬╗[39m owershell -Command "Rename-Item 'c:\Users\nicho\Dev\fantasy-football-pi\fantasy-football-pi\frontend\src\pages\admin\manage-78[2K[1G[2K[1G[36m?[39m [1mInput filename pattern[22m [90m┬╗[39m owershell -Command "Rename-Item 'c:\Users\nicho\Dev\fantasy-football-pi\fantasy-football-pi\frontend\src\pages\admin\manage-c78[2K[1G[2K[1G[36m?[39m [1mInput filename pattern[22m [90m┬╗[39m owershell -Command "Rename-Item 'c:\Users\nicho\Dev\fantasy-football-pi\fantasy-football-pi\frontend\src\pages\admin\manage-co78[2K[1G[2K[1G[36m?[39m [1mInput filename pattern[22m [90m┬╗[39m owershell -Command "Rename-Item 'c:\Users\nicho\Dev\fantasy-football-pi\fantasy-football-pi\frontend\src\pages\admin\manage-com78[2K[1G[2K[1G[36m?[39m [1mInput filename pattern[22m [90m┬╗[39m owershell -Command "Rename-Item 'c:\Users\nicho\Dev\fantasy-football-pi\fantasy-football-pi\frontend\src\pages\admin\manage-comm78[2K[1G[2K[1G[36m?[39m [1mInput filename pattern[22m [90m┬╗[39m owershell -Command "Rename-Item 'c:\Users\nicho\Dev\fantasy-football-pi\fantasy-football-pi\frontend\src\pages\admin\manage-commi78[2K[1G[2K[1G[36m?[39m [1mInput filename pattern[22m [90m┬╗[39m owershell -Command "Rename-Item 'c:\Users\nicho\Dev\fantasy-football-pi\fantasy-football-pi\frontend\src\pages\admin\manage-commis78[2K[1G[2K[1G[36m?[39m [1mInput filename pattern[22m [90m┬╗[39m owershell -Command "Rename-Item 'c:\Users\nicho\Dev\fantasy-football-pi\fantasy-football-pi\frontend\src\pages\admin\manage-commiss78[2K[1G[2K[1G[36m?[39m [1mInput filename pattern[22m [90m┬╗[39m owershell -Command "Rename-Item 'c:\Users\nicho\Dev\fantasy-football-pi\fantasy-football-pi\frontend\src\pages\admin\manage-commissi78[2K[1G[2K[1G[36m?[39m [1mInput filename pattern[22m [90m┬╗[39m owershell -Command "Rename-Item 'c:\Users\nicho\Dev\fantasy-football-pi\fantasy-football-pi\frontend\src\pages\admin\manage-commissio78[2K[1G[2K[1G[36m?[39m [1mInput filename pattern[22m [90m┬╗[39m owershell -Command "Rename-Item 'c:\Users\nicho\Dev\fantasy-football-pi\fantasy-football-pi\frontend\src\pages\admin\manage-commission78[2K[1G[2K[1G[36m?[39m [1mInput filename pattern[22m [90m┬╗[39m owershell -Command "Rename-Item 'c:\Users\nicho\Dev\fantasy-football-pi\fantasy-football-pi\frontend\src\pages\admin\manage-commissione78[2K[1G[2K[1G[36m?[39m [1mInput filename pattern[22m [90m┬╗[39m owershell -Command "Rename-Item 'c:\Users\nicho\Dev\fantasy-football-pi\fantasy-football-pi\frontend\src\pages\admin\manage-commissioner78[2K[1G[2K[1G[36m?[39m [1mInput filename pattern[22m [90m┬╗[39m owershell -Command "Rename-Item 'c:\Users\nicho\Dev\fantasy-football-pi\fantasy-football-pi\frontend\src\pages\admin\manage-commissioners78[2K[1G[2K[1G[36m?[39m [1mInput filename pattern[22m [90m┬╗[39m owershell -Command "Rename-Item 'c:\Users\nicho\Dev\fantasy-football-pi\fantasy-football-pi\frontend\src\pages\admin\manage-commissioners.78[2K[1G[2K[1G[36m?[39m [1mInput filename pattern[22m [90m┬╗[39m owershell -Command "Rename-Item 'c:\Users\nicho\Dev\fantasy-football-pi\fantasy-football-pi\frontend\src\pages\admin\manage-commissioners.j78[2K[1G[2K[1G[36m?[39m [1mInput filename pattern[22m [90m┬╗[39m owershell -Command "Rename-Item 'c:\Users\nicho\Dev\fantasy-football-pi\fantasy-football-pi\frontend\src\pages\admin\manage-commissioners.js78[2K[1G[2K[1G[36m?[39m [1mInput filename pattern[22m [90m┬╗[39m owershell -Command "Rename-Item 'c:\Users\nicho\Dev\fantasy-football-pi\fantasy-football-pi\frontend\src\pages\admin\manage-commissioners.jsx78[2K[1G[2K[1G[36m?[39m [1mInput filename pattern[22m [90m┬╗[39m owershell -Command "Rename-Item 'c:\Users\nicho\Dev\fantasy-football-pi\fantasy-football-pi\frontend\src\pages\admin\manage-commissioners.jsx'78[2K[1G[2K[1G[36m?[39m [1mInput filename pattern[22m [90m┬╗[39m owershell -Command "Rename-Item 'c:\Users\nicho\Dev\fantasy-football-pi\fantasy-football-pi\frontend\src\pages\admin\manage-commissioners.jsx' 78[2K[1G[2K[1G[36m?[39m [1mInput filename pattern[22m [90m┬╗[39m owershell -Command "Rename-Item 'c:\Users\nicho\Dev\fantasy-football-pi\fantasy-football-pi\frontend\src\pages\admin\manage-commissioners.jsx' '78[2K[1G[2K[1G[36m?[39m [1mInput filename pattern[22m [90m┬╗[39m owershell -Command "Rename-Item 'c:\Users\nicho\Dev\fantasy-football-pi\fantasy-football-pi\frontend\src\pages\admin\manage-commissioners.jsx' 'O78[2K[1G[2K[1G[36m?[39m [1mInput filename pattern[22m [90m┬╗[39m owershell -Command "Rename-Item 'c:\Users\nicho\Dev\fantasy-football-pi\fantasy-football-pi\frontend\src\pages\admin\manage-commissioners.jsx' 'OL78[2K[1G[2K[1G[36m?[39m [1mInput filename pattern[22m [90m┬╗[39m owershell -Command "Rename-Item 'c:\Users\nicho\Dev\fantasy-football-pi\fantasy-football-pi\frontend\src\pages\admin\manage-commissioners.jsx' 'OLD78[2K[1G[2K[1G[36m?[39m [1mInput filename pattern[22m [90m┬╗[39m owershell -Command "Rename-Item 'c:\Users\nicho\Dev\fantasy-football-pi\fantasy-football-pi\frontend\src\pages\admin\manage-commissioners.jsx' 'OLD_78[2K[1G[2K[1G[36m?[39m [1mInput filename pattern[22m [90m┬╗[39m owershell -Command "Rename-Item 'c:\Users\nicho\Dev\fantasy-football-pi\fantasy-football-pi\frontend\src\pages\admin\manage-commissioners.jsx' 'OLD_m78[2K[1G[2K[1G[36m?[39m [1mInput filename pattern[22m [90m┬╗[39m owershell -Command "Rename-Item 'c:\Users\nicho\Dev\fantasy-football-pi\fantasy-football-pi\frontend\src\pages\admin\manage-commissioners.jsx' 'OLD_ma78[2K[1G[2K[1G[36m?[39m [1mInput filename pattern[22m [90m┬╗[39m owershell -Command "Rename-Item 'c:\Users\nicho\Dev\fantasy-football-pi\fantasy-football-pi\frontend\src\pages\admin\manage-commissioners.jsx' 'OLD_man78[2K[1G[2K[1G[36m?[39m [1mInput filename pattern[22m [90m┬╗[39m owershell -Command "Rename-Item 'c:\Users\nicho\Dev\fantasy-football-pi\fantasy-football-pi\frontend\src\pages\admin\manage-commissioners.jsx' 'OLD_mana78[2K[1G[2K[1G[36m?[39m [1mInput filename pattern[22m [90m┬╗[39m owershell -Command "Rename-Item 'c:\Users\nicho\Dev\fantasy-football-pi\fantasy-football-pi\frontend\src\pages\admin\manage-commissioners.jsx' 'OLD_manag78[2K[1G[2K[1G[36m?[39m [1mInput filename pattern[22m [90m┬╗[39m owershell -Command "Rename-Item 'c:\Users\nicho\Dev\fantasy-football-pi\fantasy-football-pi\frontend\src\pages\admin\manage-commissioners.jsx' 'OLD_manage78[2K[1G[2K[1G[36m?[39m [1mInput filename pattern[22m [90m┬╗[39m owershell -Command "Rename-Item 'c:\Users\nicho\Dev\fantasy-football-pi\fantasy-football-pi\frontend\src\pages\admin\manage-commissioners.jsx' 'OLD_manage-78[2K[1G[2K[1G[36m?[39m [1mInput filename pattern[22m [90m┬╗[39m owershell -Command "Rename-Item 'c:\Users\nicho\Dev\fantasy-football-pi\fantasy-football-pi\frontend\src\pages\admin\manage-commissioners.jsx' 'OLD_manage-c78[2K[1G[2K[1G[36m?[39m [1mInput filename pattern[22m [90m┬╗[39m owershell -Command "Rename-Item 'c:\Users\nicho\Dev\fantasy-football-pi\fantasy-football-pi\frontend\src\pages\admin\manage-commissioners.jsx' 'OLD_manage-co78[2K[1G[2K[1G[36m?[39m [1mInput filename pattern[22m [90m┬╗[39m owershell -Command "Rename-Item 'c:\Users\nicho\Dev\fantasy-football-pi\fantasy-football-pi\frontend\src\pages\admin\manage-commissioners.jsx' 'OLD_manage-com78[2K[1G[2K[1G[36m?[39m [1mInput filename pattern[22m [90m┬╗[39m owershell -Command "Rename-Item 'c:\Users\nicho\Dev\fantasy-football-pi\fantasy-football-pi\frontend\src\pages\admin\manage-commissioners.jsx' 'OLD_manage-comm78[2K[1G[2K[1G[36m?[39m [1mInput filename pattern[22m [90m┬╗[39m owershell -Command "Rename-Item 'c:\Users\nicho\Dev\fantasy-football-pi\fantasy-football-pi\frontend\src\pages\admin\manage-commissioners.jsx' 'OLD_manage-commi78[2K[1G[2K[1G[36m?[39m [1mInput filename pattern[22m [90m┬╗[39m owershell -Command "Rename-Item 'c:\Users\nicho\Dev\fantasy-football-pi\fantasy-football-pi\frontend\src\pages\admin\manage-commissioners.jsx' 'OLD_manage-commis78[2K[1G[2K[1G[36m?[39m [1mInput filename pattern[22m [90m┬╗[39m owershell -Command "Rename-Item 'c:\Users\nicho\Dev\fantasy-football-pi\fantasy-football-pi\frontend\src\pages\admin\manage-commissioners.jsx' 'OLD_manage-commiss78[2K[1G[2K[1G[36m?[39m [1mInput filename pattern[22m [90m┬╗[39m owershell -Command "Rename-Item 'c:\Users\nicho\Dev\fantasy-football-pi\fantasy-football-pi\frontend\src\pages\admin\manage-commissioners.jsx' 'OLD_manage-commissi78[2K[1G[2K[1G[36m?[39m [1mInput filename pattern[22m [90m┬╗[39m owershell -Command "Rename-Item 'c:\Users\nicho\Dev\fantasy-football-pi\fantasy-football-pi\frontend\src\pages\admin\manage-commissioners.jsx' 'OLD_manage-commissio78[2K[1G[2K[1G[36m?[39m [1mInput filename pattern[22m [90m┬╗[39m owershell -Command "Rename-Item 'c:\Users\nicho\Dev\fantasy-football-pi\fantasy-football-pi\frontend\src\pages\admin\manage-commissioners.jsx' 'OLD_manage-commission78[2K[1G[2K[1G[36m?[39m [1mInput filename pattern[22m [90m┬╗[39m owershell -Command "Rename-Item 'c:\Users\nicho\Dev\fantasy-football-pi\fantasy-football-pi\frontend\src\pages\admin\manage-commissioners.jsx' 'OLD_manage-commissione78[2K[1G[2K[1G[36m?[39m [1mInput filename pattern[22m [90m┬╗[39m owershell -Command "Rename-Item 'c:\Users\nicho\Dev\fantasy-football-pi\fantasy-football-pi\frontend\src\pages\admin\manage-commissioners.jsx' 'OLD_manage-commissioner78[2K[1G[2K[1G[36m?[39m [1mInput filename pattern[22m [90m┬╗[39m owershell -Command "Rename-Item 'c:\Users\nicho\Dev\fantasy-football-pi\fantasy-football-pi\frontend\src\pages\admin\manage-commissioners.jsx' 'OLD_manage-commissioners78[2K[1G[2K[1G[36m?[39m [1mInput filename pattern[22m [90m┬╗[39m owershell -Command "Rename-Item 'c:\Users\nicho\Dev\fantasy-football-pi\fantasy-football-pi\frontend\src\pages\admin\manage-commissioners.jsx' 'OLD_manage-commissioners.78[2K[1G[2K[1G[36m?[39m [1mInput filename pattern[22m [90m┬╗[39m owershell -Command "Rename-Item 'c:\Users\nicho\Dev\fantasy-football-pi\fantasy-football-pi\frontend\src\pages\admin\manage-commissioners.jsx' 'OLD_manage-commissioners.j78[2K[1G[2K[1G[36m?[39m [1mInput filename pattern[22m [90m┬╗[39m owershell -Command "Rename-Item 'c:\Users\nicho\Dev\fantasy-football-pi\fantasy-football-pi\frontend\src\pages\admin\manage-commissioners.jsx' 'OLD_manage-commissioners.js78[2K[1G[2K[1G[36m?[39m [1mInput filename pattern[22m [90m┬╗[39m owershell -Command "Rename-Item 'c:\Users\nicho\Dev\fantasy-football-pi\fantasy-football-pi\frontend\src\pages\admin\manage-commissioners.jsx' 'OLD_manage-commissioners.jsx78[2K[1G[2K[1G[36m?[39m [1mInput filename pattern[22m [90m┬╗[39m owershell -Command "Rename-Item 'c:\Users\nicho\Dev\fantasy-football-pi\fantasy-football-pi\frontend\src\pages\admin\manage-commissioners.jsx' 'OLD_manage-commissioners.jsx'78[2K[1G[2K[1G[36m?[39m [1mInput filename pattern[22m [90m┬╗[39m owershell -Command "Rename-Item 'c:\Users\nicho\Dev\fantasy-football-pi\fantasy-football-pi\frontend\src\pages\admin\manage-commissioners.jsx' 'OLD_manage-commissioners.jsx' 78[2K[1G[2K[1G[36m?[39m [1mInput filename pattern[22m [90m┬╗[39m owershell -Command "Rename-Item 'c:\Users\nicho\Dev\fantasy-football-pi\fantasy-football-pi\frontend\src\pages\admin\manage-commissioners.jsx' 'OLD_manage-commissioners.jsx' -78[2K[1G[2K[1G[36m?[39m [1mInput filename pattern[22m [90m┬╗[39m owershell -Command "Rename-Item 'c:\Users\nicho\Dev\fantasy-football-pi\fantasy-football-pi\frontend\src\pages\admin\manage-commissioners.jsx' 'OLD_manage-commissioners.jsx' -F78[2K[1G[2K[1G[36m?[39m [1mInput filename pattern[22m [90m┬╗[39m owershell -Command "Rename-Item 'c:\Users\nicho\Dev\fantasy-football-pi\fantasy-football-pi\frontend\src\pages\admin\manage-commissioners.jsx' 'OLD_manage-commissioners.jsx' -Fo78[2K[1G[2K[1G[36m?[39m [1mInput filename pattern[22m [90m┬╗[39m owershell -Command "Rename-Item 'c:\Users\nicho\Dev\fantasy-football-pi\fantasy-football-pi\frontend\src\pages\admin\manage-commissioners.jsx' 'OLD_manage-commissioners.jsx' -For78[2K[1G[2K[1G[36m?[39m [1mInput filename pattern[22m [90m┬╗[39m owershell -Command "Rename-Item 'c:\Users\nicho\Dev\fantasy-football-pi\fantasy-football-pi\frontend\src\pages\admin\manage-commissioners.jsx' 'OLD_manage-commissioners.jsx' -Forc78[2K[1G[2K[1G[36m?[39m [1mInput filename pattern[22m [90m┬╗[39m owershell -Command "Rename-Item 'c:\Users\nicho\Dev\fantasy-football-pi\fantasy-football-pi\frontend\src\pages\admin\manage-commissioners.jsx' 'OLD_manage-commissioners.jsx' -Force78[2K[1G[2K[1G[36m?[39m [1mInput filename pattern[22m [90m┬╗[39m owershell -Command "Rename-Item 'c:\Users\nicho\Dev\fantasy-football-pi\fantasy-football-pi\frontend\src\pages\admin\manage-commissioners.jsx' 'OLD_manage-commissioners.jsx' -Force"78[2K[1G[2K[1G[32mΓêÜ[39m [1mInput filename pattern[22m [90m...[39m owershell -Command "Rename-Item 'c:\Users\nicho\Dev\fantasy-football-pi\fantasy-football-pi\frontend\src\pages\admin\manage-commissioners.jsx' 'OLD_manage-commissioners.jsx' -Force"78
[?25h
[2m Test Files [22m [2mno tests[22m
[2m      Tests [22m [2mno tests[22m
[2m   Start at [22m 20:07:27
[2m   Duration [22m 0ms


[1m[7m[32m PASS [39m[27m[22m[32m Waiting for file changes...[39m
       [2mpress [22m[1mh[22m[2m to show help[22m[2m, [22m[2mpress [22m[1mq[22m[2m to quit[22m
 [2m[90mΓåô[39m[22m tests/LeagueSelector.test.jsx [2m ([22m[2m2 tests[22m [2m|[22m [33m2 skipped[39m[2m)[22m
 [2m[90mΓåô[39m[22m tests/LeagueAdvisor.test.jsx [2m ([22m[2m1 test[22m [2m|[22m [33m1 skipped[39m[2m)[22m
 [2m[90mΓåô[39m[22m tests/PageSmokes.test.jsx [2m ([22m[2m16 tests[22m [2m|[22m [33m16 skipped[39m[2m)[22m

[2m Test Files [22m [33m14 skipped[39m[90m (14)[39m
[2m      Tests [22m [33m87 skipped[39m[90m (87)[39m
[2m   Start at [22m 20:07:27
[2m   Duration [22m 21.38s


[1m[7m[32m PASS [39m[27m[22m[32m Waiting for file changes...[39m
       [2mpress [22m[1mh[22m[2m to show help[22m[2m, [22m[2mpress [22m[1mq[22m[2m to quit[22m
 [2m[90mΓåô[39m[22m tests/Home.test.jsx [2m ([22m[2m10 tests[22m [2m|[22m [33m10 skipped[39m[2m)[22m
 [2m[90mΓåô[39m[22m tests/Matchups.test.jsx [2m ([22m[2m9 tests[22m [2m|[22m [33m9 skipped[39m[2m)[22m
 [2m[90mΓåô[39m[22m tests/ManageCommissioners.test.jsx [2m ([22m[2m3 tests[22m [2m|[22m [33m3 skipped[39m[2m)[22m
 [2m[90mΓåô[39m[22m tests/Layout.test.jsx [2m ([22m[2m6 tests[22m [2m|[22m [33m6 skipped[39m[2m)[22m
 [2m[90mΓåô[39m[22m tests/MyTeam.test.jsx [2m ([22m[2m10 tests[22m [2m|[22m [33m10 skipped[39m[2m)[22m
 [2m[90mΓåô[39m[22m tests/Sidebar.test.jsx [2m ([22m[2m9 tests[22m [2m|[22m [33m9 skipped[39m[2m)[22m
 [2m[90mΓåô[39m[22m tests/ManageOwners.test.jsx [2m ([22m[2m3 tests[22m [2m|[22m [33m3 skipped[39m[2m)[22m
 [2m[90mΓåô[39m[22m tests/CommissionerDashboard.test.jsx [2m ([22m[2m4 tests[22m [2m|[22m [33m4 skipped[39m[2m)[22m
 [2m[90mΓåô[39m[22m tests/GameCenter.test.jsx [2m ([22m[2m9 tests[22m [2m|[22m [33m9 skipped[39m[2m)[22m
 [2m[90mΓåô[39m[22m tests/ManageScoringRules.test.jsx [2m ([22m[2m2 tests[22m [2m|[22m [33m2 skipped[39m[2m)[22m
 [2m[90mΓåô[39m[22m tests/LeagueSelector.test.jsx [2m ([22m[2m2 tests[22m [2m|[22m [33m2 skipped[39m[2m)[22m
 [2m[90mΓåô[39m[22m tests/App.test.jsx [2m ([22m[2m3 tests[22m [2m|[22m [33m3 skipped[39m[2m)[22m
 [2m[90mΓåô[39m[22m tests/LeagueAdvisor.test.jsx [2m ([22m[2m1 test[22m [2m|[22m [33m1 skipped[39m[2m)[22m
 [2m[90mΓåô[39m[22m tests/PageSmokes.test.jsx [2m ([22m[2m16 tests[22m [2m|[22m [33m16 skipped[39m[2m)[22m

[2m Test Files [22m [33m14 skipped[39m[90m (14)[39m
[2m      Tests [22m [33m87 skipped[39m[90m (87)[39m
[2m   Start at [22m 20:07:27
[2m   Duration [22m 14.44s


[1m[7m[32m PASS [39m[27m[22m[32m Waiting for file changes...[39m
       [2mpress [22m[1mh[22m[2m to show help[22m[2m, [22m[2mpress [22m[1mq[22m[2m to quit[22m
[2K[1G[36m?[39m [1mInput filename pattern[22m [90m┬╗[39m [90mowershell -Command "Rename-Item 'c:\Users\nicho\Dev\fantasy-football-pi\fantasy-football-pi\frontend\src\pages\admin\manage-commissioners.jsx' 'OLD_manage-commissioners.jsx' -Force"[39m78[2K[1G[2K[1G[36m?[39m [1mInput filename pattern[22m [90m┬╗[39m m78[2K[1G[2K[1G[36m?[39m [1mInput filename pattern[22m [90m┬╗[39m m 78[2K[1G[2K[1G[36m?[39m [1mInput filename pattern[22m [90m┬╗[39m m t78[2K[1G[2K[1G[36m?[39m [1mInput filename pattern[22m [90m┬╗[39m m te78[2K[1G[2K[1G[36m?[39m [1mInput filename pattern[22m [90m┬╗[39m m tes78[2K[1G[2K[1G[36m?[39m [1mInput filename pattern[22m [90m┬╗[39m m test78[2K[1G[2K[1G[32mΓêÜ[39m [1mInput filename pattern[22m [90m...[39m m test78
[?25h
[2m Test Files [22m [2mno tests[22m
[2m      Tests [22m [2mno tests[22m
[2m   Start at [22m 20:08:43
[2m   Duration [22m 0ms


[1m[7m[32m PASS [39m[27m[22m[32m Waiting for file changes...[39m
       [2mpress [22m[1mh[22m[2m to show help[22m[2m, [22m[2mpress [22m[1mq[22m[2m to quit[22m
[2K[1G[36m?[39m [1mInput filename pattern[22m [90m┬╗[39m [90mm test[39m78[2K[1G[2K[1G[36m?[39m [1mInput filename pattern[22m [90m┬╗[39m m78[2K[1G[2K[1G[36m?[39m [1mInput filename pattern[22m [90m┬╗[39m m 78[2K[1G[2K[1G[36m?[39m [1mInput filename pattern[22m [90m┬╗[39m m t78[2K[1G[2K[1G[36m?[39m [1mInput filename pattern[22m [90m┬╗[39m m te78[2K[1G[2K[1G[36m?[39m [1mInput filename pattern[22m [90m┬╗[39m m tes78[2K[1G[2K[1G[36m?[39m [1mInput filename pattern[22m [90m┬╗[39m m test78[2K[1G[2K[1G[36m?[39m [1mInput filename pattern[22m [90m┬╗[39m m test 78[2K[1G[2K[1G[36m?[39m [1mInput filename pattern[22m [90m┬╗[39m m test >78[2K[1G[2K[1G[36m?[39m [1mInput filename pattern[22m [90m┬╗[39m m test > 78[2K[1G[2K[1G[36m?[39m [1mInput filename pattern[22m [90m┬╗[39m m test > t78[2K[1G[2K[1G[36m?[39m [1mInput filename pattern[22m [90m┬╗[39m m test > tm78[2K[1G[2K[1G[36m?[39m [1mInput filename pattern[22m [90m┬╗[39m m test > tmp78[2K[1G[2K[1G[36m?[39m [1mInput filename pattern[22m [90m┬╗[39m m test > tmp.78[2K[1G[2K[1G[36m?[39m [1mInput filename pattern[22m [90m┬╗[39m m test > tmp.t78[2K[1G[2K[1G[36m?[39m [1mInput filename pattern[22m [90m┬╗[39m m test > tmp.tx78[2K[1G[2K[1G[36m?[39m [1mInput filename pattern[22m [90m┬╗[39m m test > tmp.txt78[2K[1G[2K[1G[36m?[39m [1mInput filename pattern[22m [90m┬╗[39m m test > tmp.txt 78[2K[1G[2K[1G[36m?[39m [1mInput filename pattern[22m [90m┬╗[39m m test > tmp.txt 278[2K[1G[2K[1G[36m?[39m [1mInput filename pattern[22m [90m┬╗[39m m test > tmp.txt 2>78[2K[1G[2K[1G[36m?[39m [1mInput filename pattern[22m [90m┬╗[39m m test > tmp.txt 2>&78[2K[1G[2K[1G[36m?[39m [1mInput filename pattern[22m [90m┬╗[39m m test > tmp.txt 2>&178[2K[1G[2K[1G[32mΓêÜ[39m [1mInput filename pattern[22m [90m...[39m m test > tmp.txt 2>&178
[?25h
[2m Test Files [22m [2mno tests[22m
[2m      Tests [22m [2mno tests[22m
[2m   Start at [22m 20:12:09
[2m   Duration [22m 0ms


[1m[7m[32m PASS [39m[27m[22m[32m Waiting for file changes...[39m
       [2mpress [22m[1mh[22m[2m to show help[22m[2m, [22m[2mpress [22m[1mq[22m[2m to quit[22m

[1m  Watch Usage[22m
[2m  press [22m[0m[1ma[22m, [1mreturn[22m[0m[2m to rerun all tests[22m
[2m  press [22m[0m[1mr[22m[0m[2m to rerun current pattern tests[22m
[2m  press [22m[0m[1mf[22m[0m[2m to rerun only failed tests[22m
[2m  press [22m[0m[1mu[22m[0m[2m to update snapshot[22m
[2m  press [22m[0m[1mp[22m[0m[2m to filter by a filename[22m
[2m  press [22m[0m[1mt[22m[0m[2m to filter by a test name regex pattern[22m
[2m  press [22m[0m[1mq[22m[0m[2m to quit[22m
[2K[1G[36m?[39m [1mInput test name pattern (RegExp)[22m [90m┬╗[39m 78[2K[1G[2K[1G[36m?[39m [1mInput test name pattern (RegExp)[22m [90m┬╗[39m a78[2K[1G[2K[1G[36m?[39m [1mInput test name pattern (RegExp)[22m [90m┬╗[39m as78[2K[1G[2K[1G[36m?[39m [1mInput test name pattern (RegExp)[22m [90m┬╗[39m asy78[2K[1G[2K[1G[36m?[39m [1mInput test name pattern (RegExp)[22m [90m┬╗[39m asy-78[2K[1G[2K[1G[36m?[39m [1mInput test name pattern (RegExp)[22m [90m┬╗[39m asy-f78[2K[1G[2K[1G[36m?[39m [1mInput test name pattern (RegExp)[22m [90m┬╗[39m asy-fo78[2K[1G[2K[1G[36m?[39m [1mInput test name pattern (RegExp)[22m [90m┬╗[39m asy-foo78[2K[1G[2K[1G[36m?[39m [1mInput test name pattern (RegExp)[22m [90m┬╗[39m asy-foot78[2K[1G[2K[1G[36m?[39m [1mInput test name pattern (RegExp)[22m [90m┬╗[39m asy-footb78[2K[1G[2K[1G[36m?[39m [1mInput test name pattern (RegExp)[22m [90m┬╗[39m asy-footba78[2K[1G[2K[1G[36m?[39m [1mInput test name pattern (RegExp)[22m [90m┬╗[39m asy-footbal78[2K[1G[2K[1G[36m?[39m [1mInput test name pattern (RegExp)[22m [90m┬╗[39m asy-football78[2K[1G[2K[1G[36m?[39m [1mInput test name pattern (RegExp)[22m [90m┬╗[39m asy-football-78[2K[1G[2K[1G[36m?[39m [1mInput test name pattern (RegExp)[22m [90m┬╗[39m asy-football-p78[2K[1G[2K[1G[36m?[39m [1mInput test name pattern (RegExp)[22m [90m┬╗[39m asy-football-pi78[2K[1G[2K[1G[36m?[39m [1mInput test name pattern (RegExp)[22m [90m┬╗[39m asy-football-pi\78[2K[1G[2K[1G[36m?[39m [1mInput test name pattern (RegExp)[22m [90m┬╗[39m asy-football-pi\f78[2K[1G[2K[1G[36m?[39m [1mInput test name pattern (RegExp)[22m [90m┬╗[39m asy-football-pi\fa78[2K[1G[2K[1G[36m?[39m [1mInput test name pattern (RegExp)[22m [90m┬╗[39m asy-football-pi\fan78[2K[1G[2K[1G[36m?[39m [1mInput test name pattern (RegExp)[22m [90m┬╗[39m asy-football-pi\fant78[2K[1G[2K[1G[36m?[39m [1mInput test name pattern (RegExp)[22m [90m┬╗[39m asy-football-pi\fanta78[2K[1G[2K[1G[36m?[39m [1mInput test name pattern (RegExp)[22m [90m┬╗[39m asy-football-pi\fantas78[2K[1G[2K[1G[36m?[39m [1mInput test name pattern (RegExp)[22m [90m┬╗[39m asy-football-pi\fantasy78[2K[1G[2K[1G[36m?[39m [1mInput test name pattern (RegExp)[22m [90m┬╗[39m asy-football-pi\fantasy-78[2K[1G[2K[1G[36m?[39m [1mInput test name pattern (RegExp)[22m [90m┬╗[39m asy-football-pi\fantasy-f78[2K[1G[2K[1G[36m?[39m [1mInput test name pattern (RegExp)[22m [90m┬╗[39m asy-football-pi\fantasy-fo78[2K[1G[2K[1G[36m?[39m [1mInput test name pattern (RegExp)[22m [90m┬╗[39m asy-football-pi\fantasy-foo78[2K[1G[2K[1G[36m?[39m [1mInput test name pattern (RegExp)[22m [90m┬╗[39m asy-football-pi\fantasy-foot78[2K[1G[2K[1G[36m?[39m [1mInput test name pattern (RegExp)[22m [90m┬╗[39m asy-football-pi\fantasy-footb78[2K[1G[2K[1G[36m?[39m [1mInput test name pattern (RegExp)[22m [90m┬╗[39m asy-football-pi\fantasy-footba78[2K[1G[2K[1G[36m?[39m [1mInput test name pattern (RegExp)[22m [90m┬╗[39m asy-football-pi\fantasy-footbal78[2K[1G[2K[1G[36m?[39m [1mInput test name pattern (RegExp)[22m [90m┬╗[39m asy-football-pi\fantasy-football78[2K[1G[2K[1G[36m?[39m [1mInput test name pattern (RegExp)[22m [90m┬╗[39m asy-football-pi\fantasy-football-78[2K[1G[2K[1G[36m?[39m [1mInput test name pattern (RegExp)[22m [90m┬╗[39m asy-football-pi\fantasy-football-p78[2K[1G[2K[1G[36m?[39m [1mInput test name pattern (RegExp)[22m [90m┬╗[39m asy-football-pi\fantasy-football-pi78[2K[1G[2K[1G[36m?[39m [1mInput test name pattern (RegExp)[22m [90m┬╗[39m asy-football-pi\fantasy-football-pi"78[2K[1G[2K[1G[36m?[39m [1mInput test name pattern (RegExp)[22m [90m┬╗[39m asy-football-pi\fantasy-football-pi" 78[2K[1G[2K[1G[36m?[39m [1mInput test name pattern (RegExp)[22m [90m┬╗[39m asy-football-pi\fantasy-football-pi" ;78[2K[1G[2K[1G[36m?[39m [1mInput test name pattern (RegExp)[22m [90m┬╗[39m asy-football-pi\fantasy-football-pi" ; 78[2K[1G[2K[1G[36m?[39m [1mInput test name pattern (RegExp)[22m [90m┬╗[39m asy-football-pi\fantasy-football-pi" ; g78[2K[1G[2K[1G[36m?[39m [1mInput test name pattern (RegExp)[22m [90m┬╗[39m asy-football-pi\fantasy-football-pi" ; gi78[2K[1G[2K[1G[36m?[39m [1mInput test name pattern (RegExp)[22m [90m┬╗[39m asy-football-pi\fantasy-football-pi" ; git78[2K[1G[2K[1G[36m?[39m [1mInput test name pattern (RegExp)[22m [90m┬╗[39m asy-football-pi\fantasy-football-pi" ; git 78[2K[1G[2K[1G[36m?[39m [1mInput test name pattern (RegExp)[22m [90m┬╗[39m asy-football-pi\fantasy-football-pi" ; git s78[2K[1G[2K[1G[36m?[39m [1mInput test name pattern (RegExp)[22m [90m┬╗[39m asy-football-pi\fantasy-football-pi" ; git st78[2K[1G[2K[1G[36m?[39m [1mInput test name pattern (RegExp)[22m [90m┬╗[39m asy-football-pi\fantasy-football-pi" ; git sta78[2K[1G[2K[1G[36m?[39m [1mInput test name pattern (RegExp)[22m [90m┬╗[39m asy-football-pi\fantasy-football-pi" ; git stat78[2K[1G[2K[1G[36m?[39m [1mInput test name pattern (RegExp)[22m [90m┬╗[39m asy-football-pi\fantasy-football-pi" ; git statu78[2K[1G[2K[1G[36m?[39m [1mInput test name pattern (RegExp)[22m [90m┬╗[39m asy-football-pi\fantasy-football-pi" ; git status78[2K[1G[2K[1G[36m?[39m [1mInput test name pattern (RegExp)[22m [90m┬╗[39m asy-football-pi\fantasy-football-pi" ; git status 78[2K[1G[2K[1G[36m?[39m [1mInput test name pattern (RegExp)[22m [90m┬╗[39m asy-football-pi\fantasy-football-pi" ; git status -78[2K[1G[2K[1G[36m?[39m [1mInput test name pattern (RegExp)[22m [90m┬╗[39m asy-football-pi\fantasy-football-pi" ; git status --78[2K[1G[2K[1G[36m?[39m [1mInput test name pattern (RegExp)[22m [90m┬╗[39m asy-football-pi\fantasy-football-pi" ; git status --s78[2K[1G[2K[1G[36m?[39m [1mInput test name pattern (RegExp)[22m [90m┬╗[39m asy-football-pi\fantasy-football-pi" ; git status --sh78[2K[1G[2K[1G[36m?[39m [1mInput test name pattern (RegExp)[22m [90m┬╗[39m asy-football-pi\fantasy-football-pi" ; git status --sho78[2K[1G[2K[1G[36m?[39m [1mInput test name pattern (RegExp)[22m [90m┬╗[39m asy-football-pi\fantasy-football-pi" ; git status --shor78[2K[1G[2K[1G[36m?[39m [1mInput test name pattern (RegExp)[22m [90m┬╗[39m asy-football-pi\fantasy-football-pi" ; git status --short78[3Jc
[7m[1m[34m RERUN [39m[22m[27m

[2K[1G[2K[1G[32mΓêÜ[39m [1mInput test name pattern (RegExp)[22m [90m...[39m asy-football-pi\fantasy-football-pi" ; git status --short78
[?25h[3Jc
[7m[1m[34m RERUN [39m[22m[27m[2m change pattern[22m
        [2mTest name pattern: [22m[34m/asy-football-pi\fantasy-football-pi" ; git status --short/[39m

 [2m[90mΓåô[39m[22m tests/Home.test.jsx [2m ([22m[2m10 tests[22m [2m|[22m [33m10 skipped[39m[2m)[22m
 [2m[90mΓåô[39m[22m tests/Matchups.test.jsx [2m ([22m[2m9 tests[22m [2m|[22m [33m9 skipped[39m[2m)[22m
 [2m[90mΓåô[39m[22m tests/ManageCommissioners.test.jsx [2m ([22m[2m3 tests[22m [2m|[22m [33m3 skipped[39m[2m)[22m
 [2m[90mΓåô[39m[22m tests/Layout.test.jsx [2m ([22m[2m6 tests[22m [2m|[22m [33m6 skipped[39m[2m)[22m
 [2m[90mΓåô[39m[22m tests/MyTeam.test.jsx [2m ([22m[2m10 tests[22m [2m|[22m [33m10 skipped[39m[2m)[22m
 [2m[90mΓåô[39m[22m tests/CommissionerDashboard.test.jsx [2m ([22m[2m4 tests[22m [2m|[22m [33m4 skipped[39m[2m)[22m
 [2m[90mΓåô[39m[22m tests/Sidebar.test.jsx [2m ([22m[2m9 tests[22m [2m|[22m [33m9 skipped[39m[2m)[22m
 [2m[90mΓåô[39m[22m tests/ManageOwners.test.jsx [2m ([22m[2m3 tests[22m [2m|[22m [33m3 skipped[39m[2m)[22m
 [2m[90mΓåô[39m[22m tests/GameCenter.test.jsx [2m ([22m[2m9 tests[22m [2m|[22m [33m9 skipped[39m[2m)[22m
 [2m[90mΓåô[39m[22m tests/ManageScoringRules.test.jsx [2m ([22m[2m2 tests[22m [2m|[22m [33m2 skipped[39m[2m)[22m
 [2m[90mΓåô[39m[22m tests/LeagueSelector.test.jsx [2m ([22m[2m2 tests[22m [2m|[22m [33m2 skipped[39m[2m)[22m
 [2m[90mΓåô[39m[22m tests/App.test.jsx [2m ([22m[2m3 tests[22m [2m|[22m [33m3 skipped[39m[2m)[22m
 [2m[90mΓåô[39m[22m tests/LeagueAdvisor.test.jsx [2m ([22m[2m1 test[22m [2m|[22m [33m1 skipped[39m[2m)[22m
 [2m[90mΓåô[39m[22m tests/PageSmokes.test.jsx [2m ([22m[2m16 tests[22m [2m|[22m [33m16 skipped[39m[2m)[22m

[2m Test Files [22m [33m14 skipped[39m[90m (14)[39m
[2m      Tests [22m [33m87 skipped[39m[90m (87)[39m
[2m   Start at [22m 20:18:11
[2m   Duration [22m 11.97s


[1m[7m[32m PASS [39m[27m[22m[32m Waiting for file changes...[39m
       [2mpress [22m[1mh[22m[2m to show help[22m[2m, [22m[2mpress [22m[1mq[22m[2m to quit[22m

[2m Test Files [22m [2mno tests[22m
[2m      Tests [22m [2mno tests[22m
[2m   Start at [22m 20:18:11
[2m   Duration [22m 0ms


[1m[7m[32m PASS [39m[27m[22m[32m Waiting for file changes...[39m
       [2mpress [22m[1mh[22m[2m to show help[22m[2m, [22m[2mpress [22m[1mq[22m[2m to quit[22m

[2m Test Files [22m [2mno tests[22m
[2m      Tests [22m [2mno tests[22m
[2m   Start at [22m 20:18:11
[2m   Duration [22m 0ms


[1m[7m[32m PASS [39m[27m[22m[32m Waiting for file changes...[39m
       [2mpress [22m[1mh[22m[2m to show help[22m[2m, [22m[2mpress [22m[1mq[22m[2m to quit[22m

[2m Test Files [22m [2mno tests[22m
[2m      Tests [22m [2mno tests[22m
[2m   Start at [22m 20:18:11
[2m   Duration [22m 0ms


[1m[7m[32m PASS [39m[27m[22m[32m Waiting for file changes...[39m
       [2mpress [22m[1mh[22m[2m to show help[22m[2m, [22m[2mpress [22m[1mq[22m[2m to quit[22m
 [2m[90mΓåô[39m[22m tests/Matchups.test.jsx [2m ([22m[2m9 tests[22m [2m|[22m [33m9 skipped[39m[2m)[22m
 [2m[90mΓåô[39m[22m tests/Home.test.jsx [2m ([22m[2m10 tests[22m [2m|[22m [33m10 skipped[39m[2m)[22m
 [2m[90mΓåô[39m[22m tests/ManageCommissioners.test.jsx [2m ([22m[2m3 tests[22m [2m|[22m [33m3 skipped[39m[2m)[22m
 [2m[90mΓåô[39m[22m tests/Layout.test.jsx [2m ([22m[2m6 tests[22m [2m|[22m [33m6 skipped[39m[2m)[22m
 [2m[90mΓåô[39m[22m tests/MyTeam.test.jsx [2m ([22m[2m10 tests[22m [2m|[22m [33m10 skipped[39m[2m)[22m
 [2m[90mΓåô[39m[22m tests/Sidebar.test.jsx [2m ([22m[2m9 tests[22m [2m|[22m [33m9 skipped[39m[2m)[22m
 [2m[90mΓåô[39m[22m tests/ManageOwners.test.jsx [2m ([22m[2m3 tests[22m [2m|[22m [33m3 skipped[39m[2m)[22m
 [2m[90mΓåô[39m[22m tests/CommissionerDashboard.test.jsx [2m ([22m[2m4 tests[22m [2m|[22m [33m4 skipped[39m[2m)[22m
 [2m[90mΓåô[39m[22m tests/GameCenter.test.jsx [2m ([22m[2m9 tests[22m [2m|[22m [33m9 skipped[39m[2m)[22m
 [2m[90mΓåô[39m[22m tests/ManageScoringRules.test.jsx [2m ([22m[2m2 tests[22m [2m|[22m [33m2 skipped[39m[2m)[22m
 [2m[90mΓåô[39m[22m tests/LeagueSelector.test.jsx [2m ([22m[2m2 tests[22m [2m|[22m [33m2 skipped[39m[2m)[22m
 [2m[90mΓåô[39m[22m tests/App.test.jsx [2m ([22m[2m3 tests[22m [2m|[22m [33m3 skipped[39m[2m)[22m
 [2m[90mΓåô[39m[22m tests/LeagueAdvisor.test.jsx [2m ([22m[2m1 test[22m [2m|[22m [33m1 skipped[39m[2m)[22m
 [2m[90mΓåô[39m[22m tests/PageSmokes.test.jsx [2m ([22m[2m16 tests[22m [2m|[22m [33m16 skipped[39m[2m)[22m

[2m Test Files [22m [33m14 skipped[39m[90m (14)[39m
[2m      Tests [22m [33m87 skipped[39m[90m (87)[39m
[2m   Start at [22m 20:18:11
[2m   Duration [22m 11.94s


[1m[7m[32m PASS [39m[27m[22m[32m Waiting for file changes...[39m
       [2mpress [22m[1mh[22m[2m to show help[22m[2m, [22m[2mpress [22m[1mq[22m[2m to quit[22m

[1m  Watch Usage[22m
[2m  press [22m[0m[1ma[22m, [1mreturn[22m[0m[2m to rerun all tests[22m
[2m  press [22m[0m[1mr[22m[0m[2m to rerun current pattern tests[22m
[2m  press [22m[0m[1mf[22m[0m[2m to rerun only failed tests[22m
[2m  press [22m[0m[1mu[22m[0m[2m to update snapshot[22m
[2m  press [22m[0m[1mp[22m[0m[2m to filter by a filename[22m
[2m  press [22m[0m[1mt[22m[0m[2m to filter by a test name regex pattern[22m
[2m  press [22m[0m[1mq[22m[0m[2m to quit[22m
[2K[1G[36m?[39m [1mInput test name pattern (RegExp)[22m [90m┬╗[39m 78[2K[1G[2K[1G[36m?[39m [1mInput test name pattern (RegExp)[22m [90m┬╗[39m a78[2K[1G[2K[1G[36m?[39m [1mInput test name pattern (RegExp)[22m [90m┬╗[39m as78[2K[1G[2K[1G[36m?[39m [1mInput test name pattern (RegExp)[22m [90m┬╗[39m asy78[2K[1G[2K[1G[36m?[39m [1mInput test name pattern (RegExp)[22m [90m┬╗[39m asy-78[2K[1G[2K[1G[36m?[39m [1mInput test name pattern (RegExp)[22m [90m┬╗[39m asy-f78[2K[1G[2K[1G[36m?[39m [1mInput test name pattern (RegExp)[22m [90m┬╗[39m asy-fo78[2K[1G[2K[1G[36m?[39m [1mInput test name pattern (RegExp)[22m [90m┬╗[39m asy-foo78[2K[1G[2K[1G[36m?[39m [1mInput test name pattern (RegExp)[22m [90m┬╗[39m asy-foot78[2K[1G[2K[1G[36m?[39m [1mInput test name pattern (RegExp)[22m [90m┬╗[39m asy-footb78[2K[1G[2K[1G[36m?[39m [1mInput test name pattern (RegExp)[22m [90m┬╗[39m asy-footba78[2K[1G[2K[1G[36m?[39m [1mInput test name pattern (RegExp)[22m [90m┬╗[39m asy-footbal78[2K[1G[2K[1G[36m?[39m [1mInput test name pattern (RegExp)[22m [90m┬╗[39m asy-football78[2K[1G[2K[1G[36m?[39m [1mInput test name pattern (RegExp)[22m [90m┬╗[39m asy-football-78[2K[1G[2K[1G[36m?[39m [1mInput test name pattern (RegExp)[22m [90m┬╗[39m asy-football-p78[2K[1G[2K[1G[36m?[39m [1mInput test name pattern (RegExp)[22m [90m┬╗[39m asy-football-pi78[2K[1G[2K[1G[36m?[39m [1mInput test name pattern (RegExp)[22m [90m┬╗[39m asy-football-pi\78[2K[1G[2K[1G[36m?[39m [1mInput test name pattern (RegExp)[22m [90m┬╗[39m asy-football-pi\f78[2K[1G[2K[1G[36m?[39m [1mInput test name pattern (RegExp)[22m [90m┬╗[39m asy-football-pi\fa78[2K[1G[2K[1G[36m?[39m [1mInput test name pattern (RegExp)[22m [90m┬╗[39m asy-football-pi\fan78[2K[1G[2K[1G[36m?[39m [1mInput test name pattern (RegExp)[22m [90m┬╗[39m asy-football-pi\fant78[2K[1G[2K[1G[36m?[39m [1mInput test name pattern (RegExp)[22m [90m┬╗[39m asy-football-pi\fanta78[2K[1G[2K[1G[36m?[39m [1mInput test name pattern (RegExp)[22m [90m┬╗[39m asy-football-pi\fantas78[2K[1G[2K[1G[36m?[39m [1mInput test name pattern (RegExp)[22m [90m┬╗[39m asy-football-pi\fantasy78[2K[1G[2K[1G[36m?[39m [1mInput test name pattern (RegExp)[22m [90m┬╗[39m asy-football-pi\fantasy-78[2K[1G[2K[1G[36m?[39m [1mInput test name pattern (RegExp)[22m [90m┬╗[39m asy-football-pi\fantasy-f78[2K[1G[2K[1G[36m?[39m [1mInput test name pattern (RegExp)[22m [90m┬╗[39m asy-football-pi\fantasy-fo78[2K[1G[2K[1G[36m?[39m [1mInput test name pattern (RegExp)[22m [90m┬╗[39m asy-football-pi\fantasy-foo78[2K[1G[2K[1G[36m?[39m [1mInput test name pattern (RegExp)[22m [90m┬╗[39m asy-football-pi\fantasy-foot78[2K[1G[2K[1G[36m?[39m [1mInput test name pattern (RegExp)[22m [90m┬╗[39m asy-football-pi\fantasy-footb78[2K[1G[2K[1G[36m?[39m [1mInput test name pattern (RegExp)[22m [90m┬╗[39m asy-football-pi\fantasy-footba78[2K[1G[2K[1G[36m?[39m [1mInput test name pattern (RegExp)[22m [90m┬╗[39m asy-football-pi\fantasy-footbal78[2K[1G[2K[1G[36m?[39m [1mInput test name pattern (RegExp)[22m [90m┬╗[39m asy-football-pi\fantasy-football78[2K[1G[2K[1G[36m?[39m [1mInput test name pattern (RegExp)[22m [90m┬╗[39m asy-football-pi\fantasy-football-78[2K[1G[2K[1G[36m?[39m [1mInput test name pattern (RegExp)[22m [90m┬╗[39m asy-football-pi\fantasy-football-p78[2K[1G[2K[1G[36m?[39m [1mInput test name pattern (RegExp)[22m [90m┬╗[39m asy-football-pi\fantasy-football-pi78[2K[1G[2K[1G[36m?[39m [1mInput test name pattern (RegExp)[22m [90m┬╗[39m asy-football-pi\fantasy-football-pi"78[2K[1G[2K[1G[36m?[39m [1mInput test name pattern (RegExp)[22m [90m┬╗[39m asy-football-pi\fantasy-football-pi" 78[2K[1G[2K[1G[36m?[39m [1mInput test name pattern (RegExp)[22m [90m┬╗[39m asy-football-pi\fantasy-football-pi" ;78[2K[1G[2K[1G[36m?[39m [1mInput test name pattern (RegExp)[22m [90m┬╗[39m asy-football-pi\fantasy-football-pi" ; 78[2K[1G[2K[1G[36m?[39m [1mInput test name pattern (RegExp)[22m [90m┬╗[39m asy-football-pi\fantasy-football-pi" ; g78[2K[1G[2K[1G[36m?[39m [1mInput test name pattern (RegExp)[22m [90m┬╗[39m asy-football-pi\fantasy-football-pi" ; gi78[2K[1G[2K[1G[36m?[39m [1mInput test name pattern (RegExp)[22m [90m┬╗[39m asy-football-pi\fantasy-football-pi" ; git78[2K[1G[2K[1G[36m?[39m [1mInput test name pattern (RegExp)[22m [90m┬╗[39m asy-football-pi\fantasy-football-pi" ; git 78[2K[1G[2K[1G[36m?[39m [1mInput test name pattern (RegExp)[22m [90m┬╗[39m asy-football-pi\fantasy-football-pi" ; git s78[2K[1G[2K[1G[36m?[39m [1mInput test name pattern (RegExp)[22m [90m┬╗[39m asy-football-pi\fantasy-football-pi" ; git st78[2K[1G[2K[1G[36m?[39m [1mInput test name pattern (RegExp)[22m [90m┬╗[39m asy-football-pi\fantasy-football-pi" ; git sta78[2K[1G[2K[1G[36m?[39m [1mInput test name pattern (RegExp)[22m [90m┬╗[39m asy-football-pi\fantasy-football-pi" ; git stat78[2K[1G[2K[1G[36m?[39m [1mInput test name pattern (RegExp)[22m [90m┬╗[39m asy-football-pi\fantasy-football-pi" ; git statu78[2K[1G[2K[1G[36m?[39m [1mInput test name pattern (RegExp)[22m [90m┬╗[39m asy-football-pi\fantasy-football-pi" ; git status78[2K[1G[2K[1G[36m?[39m [1mInput test name pattern (RegExp)[22m [90m┬╗[39m asy-football-pi\fantasy-football-pi" ; git status 78[2K[1G[2K[1G[36m?[39m [1mInput test name pattern (RegExp)[22m [90m┬╗[39m asy-football-pi\fantasy-football-pi" ; git status -78[2K[1G[2K[1G[36m?[39m [1mInput test name pattern (RegExp)[22m [90m┬╗[39m asy-football-pi\fantasy-football-pi" ; git status --78[2K[1G[2K[1G[36m?[39m [1mInput test name pattern (RegExp)[22m [90m┬╗[39m asy-football-pi\fantasy-football-pi" ; git status --s78[2K[1G[2K[1G[36m?[39m [1mInput test name pattern (RegExp)[22m [90m┬╗[39m asy-football-pi\fantasy-football-pi" ; git status --sh78[2K[1G[2K[1G[36m?[39m [1mInput test name pattern (RegExp)[22m [90m┬╗[39m asy-football-pi\fantasy-football-pi" ; git status --sho78[2K[1G[2K[1G[36m?[39m [1mInput test name pattern (RegExp)[22m [90m┬╗[39m asy-football-pi\fantasy-football-pi" ; git status --shor78[2K[1G[2K[1G[36m?[39m [1mInput test name pattern (RegExp)[22m [90m┬╗[39m asy-football-pi\fantasy-football-pi" ; git status --short78[2K[1G[2K[1G[36m?[39m [1mInput test name pattern (RegExp)[22m [90m┬╗[39m asy-football-pi\fantasy-football-pi" ; git status --short 78[2K[1G[2K[1G[36m?[39m [1mInput test name pattern (RegExp)[22m [90m┬╗[39m asy-football-pi\fantasy-football-pi" ; git status --short >78[2K[1G[2K[1G[36m?[39m [1mInput test name pattern (RegExp)[22m [90m┬╗[39m asy-football-pi\fantasy-football-pi" ; git status --short > 78[2K[1G[2K[1G[36m?[39m [1mInput test name pattern (RegExp)[22m [90m┬╗[39m asy-football-pi\fantasy-football-pi" ; git status --short > g78[2K[1G[2K[1G[36m?[39m [1mInput test name pattern (RegExp)[22m [90m┬╗[39m asy-football-pi\fantasy-football-pi" ; git status --short > gi78[2K[1G[2K[1G[36m?[39m [1mInput test name pattern (RegExp)[22m [90m┬╗[39m asy-football-pi\fantasy-football-pi" ; git status --short > git78[2K[1G[2K[1G[36m?[39m [1mInput test name pattern (RegExp)[22m [90m┬╗[39m asy-football-pi\fantasy-football-pi" ; git status --short > git-78[2K[1G[2K[1G[36m?[39m [1mInput test name pattern (RegExp)[22m [90m┬╗[39m asy-football-pi\fantasy-football-pi" ; git status --short > git-s78[2K[1G[2K[1G[36m?[39m [1mInput test name pattern (RegExp)[22m [90m┬╗[39m asy-football-pi\fantasy-football-pi" ; git status --short > git-st78[2K[1G[2K[1G[36m?[39m [1mInput test name pattern (RegExp)[22m [90m┬╗[39m asy-football-pi\fantasy-football-pi" ; git status --short > git-sta78[2K[1G[2K[1G[36m?[39m [1mInput test name pattern (RegExp)[22m [90m┬╗[39m asy-football-pi\fantasy-football-pi" ; git status --short > git-stat78[2K[1G[2K[1G[36m?[39m [1mInput test name pattern (RegExp)[22m [90m┬╗[39m asy-football-pi\fantasy-football-pi" ; git status --short > git-statu78[2K[1G[2K[1G[36m?[39m [1mInput test name pattern (RegExp)[22m [90m┬╗[39m asy-football-pi\fantasy-football-pi" ; git status --short > git-status78[2K[1G[2K[1G[36m?[39m [1mInput test name pattern (RegExp)[22m [90m┬╗[39m asy-football-pi\fantasy-football-pi" ; git status --short > git-status.78[2K[1G[2K[1G[36m?[39m [1mInput test name pattern (RegExp)[22m [90m┬╗[39m asy-football-pi\fantasy-football-pi" ; git status --short > git-status.t78[2K[1G[2K[1G[36m?[39m [1mInput test name pattern (RegExp)[22m [90m┬╗[39m asy-football-pi\fantasy-football-pi" ; git status --short > git-status.tx78[2K[1G[2K[1G[36m?[39m [1mInput test name pattern (RegExp)[22m [90m┬╗[39m asy-football-pi\fantasy-football-pi" ; git status --short > git-status.txt78[3Jc
[7m[1m[34m RERUN [39m[22m[27m

[3Jc
[7m[1m[34m RERUN [39m[22m[27m

[2K[1G[2K[1G[32mΓêÜ[39m [1mInput test name pattern (RegExp)[22m [90m...[39m asy-football-pi\fantasy-football-pi" ; git status --short > git-status.txt78
[?25h[3Jc
[7m[1m[34m RERUN [39m[22m[27m[2m change pattern[22m
        [2mTest name pattern: [22m[34m/asy-football-pi\fantasy-football-pi" ; git status --short > git-status.txt/[39m


[2m Test Files [22m [2mno tests[22m
[2m      Tests [22m [2mno tests[22m
[2m   Start at [22m 20:24:56
[2m   Duration [22m 0ms


[1m[7m[32m PASS [39m[27m[22m[32m Waiting for file changes...[39m
       [2mpress [22m[1mh[22m[2m to show help[22m[2m, [22m[2mpress [22m[1mq[22m[2m to quit[22m

[2m Test Files [22m [2mno tests[22m
[2m      Tests [22m [2mno tests[22m
[2m   Start at [22m 20:24:56
[2m   Duration [22m 0ms


[1m[7m[32m PASS [39m[27m[22m[32m Waiting for file changes...[39m
       [2mpress [22m[1mh[22m[2m to show help[22m[2m, [22m[2mpress [22m[1mq[22m[2m to quit[22m
 [2m[90mΓåô[39m[22m tests/Layout.test.jsx [2m ([22m[2m6 tests[22m [2m|[22m [33m6 skipped[39m[2m)[22m
 [2m[90mΓåô[39m[22m tests/ManageCommissioners.test.jsx [2m ([22m[2m3 tests[22m [2m|[22m [33m3 skipped[39m[2m)[22m
 [2m[90mΓåô[39m[22m tests/Home.test.jsx [2m ([22m[2m10 tests[22m [2m|[22m [33m10 skipped[39m[2m)[22m
 [2m[90mΓåô[39m[22m tests/Matchups.test.jsx [2m ([22m[2m9 tests[22m [2m|[22m [33m9 skipped[39m[2m)[22m
 [2m[90mΓåô[39m[22m tests/MyTeam.test.jsx [2m ([22m[2m10 tests[22m [2m|[22m [33m10 skipped[39m[2m)[22m
 [2m[90mΓåô[39m[22m tests/Sidebar.test.jsx [2m ([22m[2m9 tests[22m [2m|[22m [33m9 skipped[39m[2m)[22m
 [2m[90mΓåô[39m[22m tests/CommissionerDashboard.test.jsx [2m ([22m[2m4 tests[22m [2m|[22m [33m4 skipped[39m[2m)[22m
 [2m[90mΓåô[39m[22m tests/ManageOwners.test.jsx [2m ([22m[2m3 tests[22m [2m|[22m [33m3 skipped[39m[2m)[22m
 [2m[90mΓåô[39m[22m tests/GameCenter.test.jsx [2m ([22m[2m9 tests[22m [2m|[22m [33m9 skipped[39m[2m)[22m
 [2m[90mΓåô[39m[22m tests/ManageScoringRules.test.jsx [2m ([22m[2m2 tests[22m [2m|[22m [33m2 skipped[39m[2m)[22m
 [2m[90mΓåô[39m[22m tests/LeagueSelector.test.jsx [2m ([22m[2m2 tests[22m [2m|[22m [33m2 skipped[39m[2m)[22m
 [2m[90mΓåô[39m[22m tests/App.test.jsx [2m ([22m[2m3 tests[22m [2m|[22m [33m3 skipped[39m[2m)[22m
 [2m[90mΓåô[39m[22m tests/LeagueAdvisor.test.jsx [2m ([22m[2m1 test[22m [2m|[22m [33m1 skipped[39m[2m)[22m
 [2m[90mΓåô[39m[22m tests/Matchups.test.jsx [2m ([22m[2m9 tests[22m [2m|[22m [33m9 skipped[39m[2m)[22m
 [2m[90mΓåô[39m[22m tests/PageSmokes.test.jsx [2m ([22m[2m16 tests[22m [2m|[22m [33m16 skipped[39m[2m)[22m

[2m Test Files [22m [33m14 skipped[39m[90m (14)[39m
[2m      Tests [22m [33m87 skipped[39m[90m (87)[39m
[2m   Start at [22m 20:24:56
[2m   Duration [22m 12.16s


[1m[7m[32m PASS [39m[27m[22m[32m Waiting for file changes...[39m
       [2mpress [22m[1mh[22m[2m to show help[22m[2m, [22m[2mpress [22m[1mq[22m[2m to quit[22m
 [2m[90mΓåô[39m[22m tests/Home.test.jsx [2m ([22m[2m10 tests[22m [2m|[22m [33m10 skipped[39m[2m)[22m
 [2m[90mΓåô[39m[22m tests/ManageCommissioners.test.jsx [2m ([22m[2m3 tests[22m [2m|[22m [33m3 skipped[39m[2m)[22m
 [2m[90mΓåô[39m[22m tests/Layout.test.jsx [2m ([22m[2m6 tests[22m [2m|[22m [33m6 skipped[39m[2m)[22m
 [2m[90mΓåô[39m[22m tests/MyTeam.test.jsx [2m ([22m[2m10 tests[22m [2m|[22m [33m10 skipped[39m[2m)[22m
 [2m[90mΓåô[39m[22m tests/Sidebar.test.jsx [2m ([22m[2m9 tests[22m [2m|[22m [33m9 skipped[39m[2m)[22m
 [2m[90mΓåô[39m[22m tests/CommissionerDashboard.test.jsx [2m ([22m[2m4 tests[22m [2m|[22m [33m4 skipped[39m[2m)[22m
 [2m[90mΓåô[39m[22m tests/ManageOwners.test.jsx [2m ([22m[2m3 tests[22m [2m|[22m [33m3 skipped[39m[2m)[22m
 [2m[90mΓåô[39m[22m tests/GameCenter.test.jsx [2m ([22m[2m9 tests[22m [2m|[22m [33m9 skipped[39m[2m)[22m
 [2m[90mΓåô[39m[22m tests/ManageScoringRules.test.jsx [2m ([22m[2m2 tests[22m [2m|[22m [33m2 skipped[39m[2m)[22m
 [2m[90mΓåô[39m[22m tests/LeagueSelector.test.jsx [2m ([22m[2m2 tests[22m [2m|[22m [33m2 skipped[39m[2m)[22m
 [2m[90mΓåô[39m[22m tests/LeagueAdvisor.test.jsx [2m ([22m[2m1 test[22m [2m|[22m [33m1 skipped[39m[2m)[22m
 [2m[90mΓåô[39m[22m tests/App.test.jsx [2m ([22m[2m3 tests[22m [2m|[22m [33m3 skipped[39m[2m)[22m
 [2m[90mΓåô[39m[22m tests/PageSmokes.test.jsx [2m ([22m[2m16 tests[22m [2m|[22m [33m16 skipped[39m[2m)[22m

[2m Test Files [22m [33m14 skipped[39m[90m (14)[39m
[2m      Tests [22m [33m87 skipped[39m[90m (87)[39m
[2m   Start at [22m 20:24:56
[2m   Duration [22m 11.98s


[1m[7m[32m PASS [39m[27m[22m[32m Waiting for file changes...[39m
       [2mpress [22m[1mh[22m[2m to show help[22m[2m, [22m[2mpress [22m[1mq[22m[2m to quit[22m
 [2m[90mΓåô[39m[22m tests/Home.test.jsx [2m ([22m[2m10 tests[22m [2m|[22m [33m10 skipped[39m[2m)[22m
 [2m[90mΓåô[39m[22m tests/Matchups.test.jsx [2m ([22m[2m9 tests[22m [2m|[22m [33m9 skipped[39m[2m)[22m
 [2m[90mΓåô[39m[22m tests/ManageCommissioners.test.jsx [2m ([22m[2m3 tests[22m [2m|[22m [33m3 skipped[39m[2m)[22m
 [2m[90mΓåô[39m[22m tests/Layout.test.jsx [2m ([22m[2m6 tests[22m [2m|[22m [33m6 skipped[39m[2m)[22m
 [2m[90mΓåô[39m[22m tests/MyTeam.test.jsx [2m ([22m[2m10 tests[22m [2m|[22m [33m10 skipped[39m[2m)[22m
 [2m[90mΓåô[39m[22m tests/Sidebar.test.jsx [2m ([22m[2m9 tests[22m [2m|[22m [33m9 skipped[39m[2m)[22m
 [2m[90mΓåô[39m[22m tests/CommissionerDashboard.test.jsx [2m ([22m[2m4 tests[22m [2m|[22m [33m4 skipped[39m[2m)[22m
 [2m[90mΓåô[39m[22m tests/ManageOwners.test.jsx [2m ([22m[2m3 tests[22m [2m|[22m [33m3 skipped[39m[2m)[22m
 [2m[90mΓåô[39m[22m tests/GameCenter.test.jsx [2m ([22m[2m9 tests[22m [2m|[22m [33m9 skipped[39m[2m)[22m
 [2m[90mΓåô[39m[22m tests/ManageScoringRules.test.jsx [2m ([22m[2m2 tests[22m [2m|[22m [33m2 skipped[39m[2m)[22m
 [2m[90mΓåô[39m[22m tests/LeagueSelector.test.jsx [2m ([22m[2m2 tests[22m [2m|[22m [33m2 skipped[39m[2m)[22m
 [2m[90mΓåô[39m[22m tests/App.test.jsx [2m ([22m[2m3 tests[22m [2m|[22m [33m3 skipped[39m[2m)[22m
 [2m[90mΓåô[39m[22m tests/LeagueAdvisor.test.jsx [2m ([22m[2m1 test[22m [2m|[22m [33m1 skipped[39m[2m)[22m
 [2m[90mΓåô[39m[22m tests/PageSmokes.test.jsx [2m ([22m[2m16 tests[22m [2m|[22m [33m16 skipped[39m[2m)[22m

[2m Test Files [22m [33m14 skipped[39m[90m (14)[39m
[2m      Tests [22m [33m87 skipped[39m[90m (87)[39m
[2m   Start at [22m 20:24:56
[2m   Duration [22m 15.01s


[1m[7m[32m PASS [39m[27m[22m[32m Waiting for file changes...[39m
       [2mpress [22m[1mh[22m[2m to show help[22m[2m, [22m[2mpress [22m[1mq[22m[2m to quit[22m
[31mCancelling test run. Press CTRL+c again to exit forcefully.
[39m
